Archive member included because of file (symbol)

c:/program files (x86)/atmel/studio/7.0/toolchain/arm/arm-gnu-toolchain/bin/../lib/gcc/arm-none-eabi/4.9.3/../../../../arm-none-eabi/lib/armv7e-m\libc.a(lib_a-exit.o)
                              c:/program files (x86)/atmel/studio/7.0/toolchain/arm/arm-gnu-toolchain/bin/../lib/gcc/arm-none-eabi/4.9.3/../../../../arm-none-eabi/lib/armv7e-m/crt0.o (exit)
c:/program files (x86)/atmel/studio/7.0/toolchain/arm/arm-gnu-toolchain/bin/../lib/gcc/arm-none-eabi/4.9.3/../../../../arm-none-eabi/lib/armv7e-m\libc.a(lib_a-impure.o)
                              c:/program files (x86)/atmel/studio/7.0/toolchain/arm/arm-gnu-toolchain/bin/../lib/gcc/arm-none-eabi/4.9.3/../../../../arm-none-eabi/lib/armv7e-m\libc.a(lib_a-exit.o) (_global_impure_ptr)
c:/program files (x86)/atmel/studio/7.0/toolchain/arm/arm-gnu-toolchain/bin/../lib/gcc/arm-none-eabi/4.9.3/../../../../arm-none-eabi/lib/armv7e-m\libc.a(lib_a-init.o)
                              c:/program files (x86)/atmel/studio/7.0/toolchain/arm/arm-gnu-toolchain/bin/../lib/gcc/arm-none-eabi/4.9.3/../../../../arm-none-eabi/lib/armv7e-m/crt0.o (__libc_init_array)
c:/program files (x86)/atmel/studio/7.0/toolchain/arm/arm-gnu-toolchain/bin/../lib/gcc/arm-none-eabi/4.9.3/../../../../arm-none-eabi/lib/armv7e-m\libc.a(lib_a-iprintf.o)
                              src/ASF/sam/utils/syscalls/gcc/syscalls.o (iprintf)
c:/program files (x86)/atmel/studio/7.0/toolchain/arm/arm-gnu-toolchain/bin/../lib/gcc/arm-none-eabi/4.9.3/../../../../arm-none-eabi/lib/armv7e-m\libc.a(lib_a-memset.o)
                              c:/program files (x86)/atmel/studio/7.0/toolchain/arm/arm-gnu-toolchain/bin/../lib/gcc/arm-none-eabi/4.9.3/../../../../arm-none-eabi/lib/armv7e-m/crt0.o (memset)
c:/program files (x86)/atmel/studio/7.0/toolchain/arm/arm-gnu-toolchain/bin/../lib/gcc/arm-none-eabi/4.9.3/../../../../arm-none-eabi/lib/armv7e-m\libc.a(lib_a-puts.o)
                              src/main.o (puts)
c:/program files (x86)/atmel/studio/7.0/toolchain/arm/arm-gnu-toolchain/bin/../lib/gcc/arm-none-eabi/4.9.3/../../../../arm-none-eabi/lib/armv7e-m\libc.a(lib_a-setbuf.o)
                              src/main.o (setbuf)
c:/program files (x86)/atmel/studio/7.0/toolchain/arm/arm-gnu-toolchain/bin/../lib/gcc/arm-none-eabi/4.9.3/../../../../arm-none-eabi/lib/armv7e-m\libc.a(lib_a-setvbuf.o)
                              c:/program files (x86)/atmel/studio/7.0/toolchain/arm/arm-gnu-toolchain/bin/../lib/gcc/arm-none-eabi/4.9.3/../../../../arm-none-eabi/lib/armv7e-m\libc.a(lib_a-setbuf.o) (setvbuf)
c:/program files (x86)/atmel/studio/7.0/toolchain/arm/arm-gnu-toolchain/bin/../lib/gcc/arm-none-eabi/4.9.3/../../../../arm-none-eabi/lib/armv7e-m\libc.a(lib_a-strcmp.o)
                              src/main.o (strcmp)
c:/program files (x86)/atmel/studio/7.0/toolchain/arm/arm-gnu-toolchain/bin/../lib/gcc/arm-none-eabi/4.9.3/../../../../arm-none-eabi/lib/armv7e-m\libc.a(lib_a-strlen.o)
                              c:/program files (x86)/atmel/studio/7.0/toolchain/arm/arm-gnu-toolchain/bin/../lib/gcc/arm-none-eabi/4.9.3/../../../../arm-none-eabi/lib/armv7e-m\libc.a(lib_a-puts.o) (strlen)
c:/program files (x86)/atmel/studio/7.0/toolchain/arm/arm-gnu-toolchain/bin/../lib/gcc/arm-none-eabi/4.9.3/../../../../arm-none-eabi/lib/armv7e-m\libc.a(lib_a-vfiprintf.o)
                              c:/program files (x86)/atmel/studio/7.0/toolchain/arm/arm-gnu-toolchain/bin/../lib/gcc/arm-none-eabi/4.9.3/../../../../arm-none-eabi/lib/armv7e-m\libc.a(lib_a-iprintf.o) (_vfiprintf_r)
c:/program files (x86)/atmel/studio/7.0/toolchain/arm/arm-gnu-toolchain/bin/../lib/gcc/arm-none-eabi/4.9.3/../../../../arm-none-eabi/lib/armv7e-m\libc.a(lib_a-wsetup.o)
                              c:/program files (x86)/atmel/studio/7.0/toolchain/arm/arm-gnu-toolchain/bin/../lib/gcc/arm-none-eabi/4.9.3/../../../../arm-none-eabi/lib/armv7e-m\libc.a(lib_a-vfiprintf.o) (__swsetup_r)
c:/program files (x86)/atmel/studio/7.0/toolchain/arm/arm-gnu-toolchain/bin/../lib/gcc/arm-none-eabi/4.9.3/../../../../arm-none-eabi/lib/armv7e-m\libc.a(lib_a-__call_atexit.o)
                              c:/program files (x86)/atmel/studio/7.0/toolchain/arm/arm-gnu-toolchain/bin/../lib/gcc/arm-none-eabi/4.9.3/../../../../arm-none-eabi/lib/armv7e-m\libc.a(lib_a-exit.o) (__call_exitprocs)
c:/program files (x86)/atmel/studio/7.0/toolchain/arm/arm-gnu-toolchain/bin/../lib/gcc/arm-none-eabi/4.9.3/../../../../arm-none-eabi/lib/armv7e-m\libc.a(lib_a-atexit.o)
                              c:/program files (x86)/atmel/studio/7.0/toolchain/arm/arm-gnu-toolchain/bin/../lib/gcc/arm-none-eabi/4.9.3/../../../../arm-none-eabi/lib/armv7e-m\libc.a(lib_a-__call_atexit.o) (atexit)
c:/program files (x86)/atmel/studio/7.0/toolchain/arm/arm-gnu-toolchain/bin/../lib/gcc/arm-none-eabi/4.9.3/../../../../arm-none-eabi/lib/armv7e-m\libc.a(lib_a-fflush.o)
[...]
Memory Configuration

Name             Origin             Length             Attributes
rom              0x00400000         0x00200000         xr
ram              0x20000000         0x00028000         xrw
*default*        0x00000000         0xffffffff

Linker script and memory map

LOAD c:/program files (x86)/atmel/studio/7.0/toolchain/arm/arm-gnu-toolchain/bin/../lib/gcc/arm-none-eabi/4.9.3/armv7e-m/crti.o
LOAD c:/program files (x86)/atmel/studio/7.0/toolchain/arm/arm-gnu-toolchain/bin/../lib/gcc/arm-none-eabi/4.9.3/armv7e-m/crtbegin.o
LOAD c:/program files (x86)/atmel/studio/7.0/toolchain/arm/arm-gnu-toolchain/bin/../lib/gcc/arm-none-eabi/4.9.3/../../../../arm-none-eabi/lib/armv7e-m/crt0.o
LOAD src/ASF/common/services/delay/sam/cycle_counter.o
LOAD src/ASF/common/services/clock/sam4s/sysclk.o
LOAD src/ASF/common/services/serial/usart_serial.o
LOAD src/ASF/common/utils/interrupt/interrupt_sam_nvic.o
LOAD src/ASF/common/utils/stdio/read.o
LOAD src/ASF/common/utils/stdio/write.o
LOAD src/ASF/sam/boards/sam4s_ek2/init.o
LOAD src/ASF/sam/boards/sam4s_ek2/led.o
LOAD src/ASF/sam/drivers/pio/pio.o
LOAD src/ASF/sam/drivers/pio/pio_handler.o
LOAD src/ASF/sam/drivers/pmc/pmc.o
LOAD src/ASF/sam/drivers/pmc/sleep.o
LOAD src/ASF/sam/drivers/tc/tc.o
LOAD src/ASF/sam/drivers/uart/uart.o
LOAD src/ASF/sam/drivers/usart/usart.o
LOAD src/ASF/sam/utils/cmsis/sam4s/source/templates/gcc/startup_sam4s.o
LOAD src/ASF/sam/utils/cmsis/sam4s/source/templates/system_sam4s.o
LOAD src/ASF/sam/utils/syscalls/gcc/syscalls.o
LOAD src/main.o
START GROUP
LOAD ../src/ASF/thirdparty/CMSIS/Lib/GCC\libarm_cortexM4l_math.a
LOAD c:/program files (x86)/atmel/studio/7.0/toolchain/arm/arm-gnu-toolchain/bin/../lib/gcc/arm-none-eabi/4.9.3/../../../../arm-none-eabi/lib/armv7e-m\libm.a
END GROUP
START GROUP
LOAD c:/program files (x86)/atmel/studio/7.0/toolchain/arm/arm-gnu-toolchain/bin/../lib/gcc/arm-none-eabi/4.9.3/armv7e-m\libgcc.a
LOAD c:/program files (x86)/atmel/studio/7.0/toolchain/arm/arm-gnu-toolchain/bin/../lib/gcc/arm-none-eabi/4.9.3/../../../../arm-none-eabi/lib/armv7e-m\libc.a
END GROUP
LOAD c:/program files (x86)/atmel/studio/7.0/toolchain/arm/arm-gnu-toolchain/bin/../lib/gcc/arm-none-eabi/4.9.3/armv7e-m/crtend.o
LOAD c:/program files (x86)/atmel/studio/7.0/toolchain/arm/arm-gnu-toolchain/bin/../lib/gcc/arm-none-eabi/4.9.3/armv7e-m/crtn.o
                0x00003000                __stack_size__ = DEFINED (__stack_size__)?__stack_size__:0x3000
                0x20027ffc                __ram_end__ = ((ORIGIN (ram) + 0x28000) - 0x4)

.text           0x00400000     0x5a50
                0x00400000                . = ALIGN (0x4)
                0x00400000                _sfixed = .
 *(.vectors .vectors.*)
 .vectors       0x00400000       0xcc src/ASF/sam/utils/cmsis/sam4s/source/templates/gcc/startup_sam4s.o
                0x00400000                exception_table
 *(.text .text.* .gnu.linkonce.t.*)
 .text          0x004000cc       0x5c c:/program files (x86)/atmel/studio/7.0/toolchain/arm/arm-gnu-toolchain/bin/../lib/gcc/arm-none-eabi/4.9.3/armv7e-m/crtbegin.o
 .text.osc_enable
                0x00400128       0x84 src/ASF/common/services/clock/sam4s/sysclk.o
 .text.osc_is_ready
                0x004001ac       0x70 src/ASF/common/services/clock/sam4s/sysclk.o
 .text.osc_get_rate
                0x0040021c       0x74 src/ASF/common/services/clock/sam4s/sysclk.o
 .text.osc_wait_ready
                0x00400290       0x2c src/ASF/common/services/clock/sam4s/sysclk.o
 .text.pll_config_init
                0x004002bc       0x54 src/ASF/common/services/clock/sam4s/sysclk.o
 .text.pll_enable
                0x00400310       0x40 src/ASF/common/services/clock/sam4s/sysclk.o
 .text.pll_is_locked
                0x00400350       0x2c src/ASF/common/services/clock/sam4s/sysclk.o
 .text.pll_enable_source
                0x0040037c       0x34 src/ASF/common/services/clock/sam4s/sysclk.o
 .text.pll_wait_for_lock
                0x004003b0       0x24 src/ASF/common/services/clock/sam4s/sysclk.o
 .text.sysclk_get_main_hz
                0x004003d4       0x1c src/ASF/common/services/clock/sam4s/sysclk.o
 .text.sysclk_get_cpu_hz
                0x004003f0       0x14 src/ASF/common/services/clock/sam4s/sysclk.o
 .text.sysclk_init
                0x00400404       0x70 src/ASF/common/services/clock/sam4s/sysclk.o
                0x00400404                sysclk_init
 .text._read    0x00400474       0x58 src/ASF/common/utils/stdio/read.o
                0x00400474                _read
 .text._write   0x004004cc       0x70 src/ASF/common/utils/stdio/write.o
                0x004004cc                _write
 .text.sysclk_enable_peripheral_clock
                0x0040053c       0x18 src/ASF/sam/boards/sam4s_ek2/init.o
 .text.ioport_init
                0x00400554       0x1c src/ASF/sam/boards/sam4s_ek2/init.o
 .text.board_init
                0x00400570       0x60 src/ASF/sam/boards/sam4s_ek2/init.o
                0x00400570                board_init
 .text.pio_pull_up
                0x004005d0       0x2c src/ASF/sam/drivers/pio/pio.o
                0x004005d0                pio_pull_up
 .text.pio_set  0x004005fc       0x1c src/ASF/sam/drivers/pio/pio.o
                0x004005fc                pio_set
 .text.pio_clear
                0x00400618       0x1c src/ASF/sam/drivers/pio/pio.o
                0x00400618                pio_clear
 .text.pio_get  0x00400634       0x48 src/ASF/sam/drivers/pio/pio.o
                0x00400634                pio_get
 .text.pio_set_peripheral
                0x0040067c      0x110 src/ASF/sam/drivers/pio/pio.o
                0x0040067c                pio_set_peripheral
 .text.pio_set_input
                0x0040078c       0x7c src/ASF/sam/drivers/pio/pio.o
                0x0040078c                pio_set_input
 .text.pio_set_output
                0x00400808       0x64 src/ASF/sam/drivers/pio/pio.o
                0x00400808                pio_set_output
 .text.pio_disable_interrupt
                0x0040086c       0x1c src/ASF/sam/drivers/pio/pio.o
                0x0040086c                pio_disable_interrupt
 .text.pio_get_interrupt_status
                0x00400888       0x18 src/ASF/sam/drivers/pio/pio.o
                0x00400888                pio_get_interrupt_status
 .text.pio_get_interrupt_mask
                0x004008a0       0x18 src/ASF/sam/drivers/pio/pio.o
                0x004008a0                pio_get_interrupt_mask
 .text.pio_configure_pin
                0x004008b8      0x1b8 src/ASF/sam/drivers/pio/pio.o
                0x004008b8                pio_configure_pin
 .text.pio_configure_pin_group
                0x00400a70      0x12c src/ASF/sam/drivers/pio/pio.o
                0x00400a70                pio_configure_pin_group
 .text.pio_get_pin_group
                0x00400b9c       0x28 src/ASF/sam/drivers/pio/pio.o
                0x00400b9c                pio_get_pin_group
 .text.pio_handler_process
                0x00400bc4       0xcc src/ASF/sam/drivers/pio/pio_handler.o
                0x00400bc4                pio_handler_process
 .text.PIOA_Handler
                0x00400c90       0x18 src/ASF/sam/drivers/pio/pio_handler.o
                0x00400c90                PIOA_Handler
 .text.PIOB_Handler
                0x00400ca8       0x18 src/ASF/sam/drivers/pio/pio_handler.o
                0x00400ca8                PIOB_Handler
 .text.PIOC_Handler
                0x00400cc0       0x18 src/ASF/sam/drivers/pio/pio_handler.o
                0x00400cc0                PIOC_Handler
 .text.pmc_switch_mck_to_pllack
                0x00400cd8       0x84 src/ASF/sam/drivers/pmc/pmc.o
                0x00400cd8                pmc_switch_mck_to_pllack
 .text.pmc_switch_sclk_to_32kxtal
                0x00400d5c       0x38 src/ASF/sam/drivers/pmc/pmc.o
                0x00400d5c                pmc_switch_sclk_to_32kxtal
 .text.pmc_osc_is_ready_32kxtal
                0x00400d94       0x34 src/ASF/sam/drivers/pmc/pmc.o
                0x00400d94                pmc_osc_is_ready_32kxtal
 .text.pmc_switch_mainck_to_fastrc
                0x00400dc8       0x70 src/ASF/sam/drivers/pmc/pmc.o
                0x00400dc8                pmc_switch_mainck_to_fastrc
 .text.pmc_switch_mainck_to_xtal
                0x00400e38       0x78 src/ASF/sam/drivers/pmc/pmc.o
                0x00400e38                pmc_switch_mainck_to_xtal
 .text.pmc_osc_is_ready_mainck
                0x00400eb0       0x1c src/ASF/sam/drivers/pmc/pmc.o
                0x00400eb0                pmc_osc_is_ready_mainck
 .text.pmc_disable_pllack
                0x00400ecc       0x18 src/ASF/sam/drivers/pmc/pmc.o
                0x00400ecc                pmc_disable_pllack
 .text.pmc_is_locked_pllack
                0x00400ee4       0x1c src/ASF/sam/drivers/pmc/pmc.o
                0x00400ee4                pmc_is_locked_pllack
 .text.pmc_disable_pllbck
                0x00400f00       0x18 src/ASF/sam/drivers/pmc/pmc.o
                0x00400f00                pmc_disable_pllbck
 .text.pmc_is_locked_pllbck
                0x00400f18       0x1c src/ASF/sam/drivers/pmc/pmc.o
                0x00400f18                pmc_is_locked_pllbck
 .text.pmc_enable_periph_clk
                0x00400f34       0x84 src/ASF/sam/drivers/pmc/pmc.o
                0x00400f34                pmc_enable_periph_clk
 .text.pmc_set_flash_in_wait_mode
                0x00400fb8       0x1c src/ASF/sam/drivers/pmc/pmc.o
                0x00400fb8                pmc_set_flash_in_wait_mode
 .text.pmc_enable_waitmode
                0x00400fd4       0x94 src/ASF/sam/drivers/pmc/pmc.o
                0x00400fd4                pmc_enable_waitmode
 .text.pmc_sleep
                0x00401068      0x3fc src/ASF/sam/drivers/pmc/sleep.o
                0x00401068                pmc_sleep
 .text.tc_init  0x00401464       0x38 src/ASF/sam/drivers/tc/tc.o
                0x00401464                tc_init
 .text.tc_start
                0x0040149c       0x20 src/ASF/sam/drivers/tc/tc.o
                0x0040149c                tc_start
 .text.tc_write_rc
                0x004014bc       0x24 src/ASF/sam/drivers/tc/tc.o
                0x004014bc                tc_write_rc
 .text.tc_enable_interrupt
                0x004014e0       0x28 src/ASF/sam/drivers/tc/tc.o
                0x004014e0                tc_enable_interrupt
 .text.tc_get_status
                0x00401508       0x24 src/ASF/sam/drivers/tc/tc.o
                0x00401508                tc_get_status
 .text.uart_init
                0x0040152c       0x64 src/ASF/sam/drivers/uart/uart.o
                0x0040152c                uart_init
 .text.uart_write
                0x00401590       0x30 src/ASF/sam/drivers/uart/uart.o
                0x00401590                uart_write
 .text.uart_read
                0x004015c0       0x34 src/ASF/sam/drivers/uart/uart.o
                0x004015c0                uart_read
 .text.usart_set_async_baudrate
                0x004015f4       0x8c src/ASF/sam/drivers/usart/usart.o
                0x004015f4                usart_set_async_baudrate
 .text.usart_reset
                0x00401680       0x5c src/ASF/sam/drivers/usart/usart.o
                0x00401680                usart_reset
 .text.usart_init_rs232
                0x004016dc       0x84 src/ASF/sam/drivers/usart/usart.o
                0x004016dc                usart_init_rs232
 .text.usart_enable_tx
                0x00401760       0x18 src/ASF/sam/drivers/usart/usart.o
                0x00401760                usart_enable_tx
 .text.usart_reset_tx
                0x00401778       0x18 src/ASF/sam/drivers/usart/usart.o
                0x00401778                usart_reset_tx
 .text.usart_enable_rx
                0x00401790       0x18 src/ASF/sam/drivers/usart/usart.o
                0x00401790                usart_enable_rx
 .text.usart_reset_rx
                0x004017a8       0x18 src/ASF/sam/drivers/usart/usart.o
                0x004017a8                usart_reset_rx
 .text.usart_reset_status
                0x004017c0       0x1c src/ASF/sam/drivers/usart/usart.o
                0x004017c0                usart_reset_status
 .text.usart_drive_DTR_pin_high
                0x004017dc       0x1c src/ASF/sam/drivers/usart/usart.o
                0x004017dc                usart_drive_DTR_pin_high
 .text.usart_drive_RTS_pin_high
                0x004017f8       0x1c src/ASF/sam/drivers/usart/usart.o
                0x004017f8                usart_drive_RTS_pin_high
 .text.usart_write
                0x00401814       0x34 src/ASF/sam/drivers/usart/usart.o
                0x00401814                usart_write
 .text.usart_read
                0x00401848       0x34 src/ASF/sam/drivers/usart/usart.o
                0x00401848                usart_read
 .text.usart_disable_writeprotect
                0x0040187c       0x20 src/ASF/sam/drivers/usart/usart.o
                0x0040187c                usart_disable_writeprotect
 .text.Reset_Handler
                0x0040189c       0xc8 src/ASF/sam/utils/cmsis/sam4s/source/templates/gcc/startup_sam4s.o
                0x0040189c                Reset_Handler
 .text.Dummy_Handler
                0x00401964        0x8 src/ASF/sam/utils/cmsis/sam4s/source/templates/gcc/startup_sam4s.o
                0x00401964                DACC_Handler
                0x00401964                DebugMon_Handler
                0x00401964                HardFault_Handler
                0x00401964                TC2_Handler
                0x00401964                SPI_Handler
                0x00401964                SysTick_Handler
                0x00401964                TWI1_Handler
                0x00401964                PendSV_Handler
                0x00401964                NMI_Handler
                0x00401964                ADC_Handler
                0x00401964                CRCCU_Handler
                0x00401964                USART0_Handler
                0x00401964                RTT_Handler
                0x00401964                EFC1_Handler
                0x00401964                RTC_Handler
                0x00401964                UsageFault_Handler
                0x00401964                WDT_Handler
                0x00401964                TC4_Handler
                0x00401964                TC1_Handler
                0x00401964                HSMCI_Handler
                0x00401964                UART1_Handler
                0x00401964                TC3_Handler
                0x00401964                Dummy_Handler
                0x00401964                TWI0_Handler
                0x00401964                USART1_Handler
                0x00401964                SSC_Handler
                0x00401964                EFC0_Handler
                0x00401964                ACC_Handler
                0x00401964                PMC_Handler
                0x00401964                PWM_Handler
                0x00401964                MemManage_Handler
                0x00401964                SUPC_Handler
                0x00401964                SVC_Handler
                0x00401964                UDP_Handler
                0x00401964                BusFault_Handler
                0x00401964                RSTC_Handler
                0x00401964                TC5_Handler
 .text.SystemCoreClockUpdate
                0x0040196c      0x19c src/ASF/sam/utils/cmsis/sam4s/source/templates/system_sam4s.o
                0x0040196c                SystemCoreClockUpdate
 .text.system_init_flash
                0x00401b08       0xc0 src/ASF/sam/utils/cmsis/sam4s/source/templates/system_sam4s.o
                0x00401b08                system_init_flash
 .text._sbrk    0x00401bc8       0x58 src/ASF/sam/utils/syscalls/gcc/syscalls.o
                0x00401bc8                _sbrk
 .text._close   0x00401c20       0x18 src/ASF/sam/utils/syscalls/gcc/syscalls.o
                0x00401c20                _close
 .text._fstat   0x00401c38       0x20 src/ASF/sam/utils/syscalls/gcc/syscalls.o
                0x00401c38                _fstat
 .text._isatty  0x00401c58       0x18 src/ASF/sam/utils/syscalls/gcc/syscalls.o
                0x00401c58                _isatty
 .text._lseek   0x00401c70       0x1c src/ASF/sam/utils/syscalls/gcc/syscalls.o
                0x00401c70                _lseek
 .text.NVIC_EnableIRQ
                0x00401c8c       0x30 src/main.o
 .text.osc_get_rate
                0x00401cbc       0x74 src/main.o
 .text.sysclk_get_main_hz
                0x00401d30       0x1c src/main.o
 .text.sysclk_get_cpu_hz
                0x00401d4c       0x14 src/main.o
 .text.sysclk_get_peripheral_hz
                0x00401d60       0x14 src/main.o
 .text.sysclk_enable_peripheral_clock
                0x00401d74       0x18 src/main.o
 .text.usart_serial_init
                0x00401d8c       0xf4 src/main.o
 .text.usart_serial_putchar
                0x00401e80       0xa8 src/main.o
 .text.usart_serial_getchar
                0x00401f28       0xa4 src/main.o
 .text.stdio_serial_init
                0x00401fcc       0x68 src/main.o
 .text.TC0_Handler
                0x00402034       0xa0 src/main.o
                0x00402034                TC0_Handler
 .text.UART0_Handler
                0x004020d4       0x58 src/main.o
                0x004020d4                UART0_Handler
 .text.config_uart
                0x0040212c       0x74 src/main.o
                0x0040212c                config_uart
 .text.display_menu
                0x004021a0       0x14 src/main.o
 .text.functionPIO
                0x004021b4       0x48 src/main.o
                0x004021b4                functionPIO
 .text.configure_tc
                0x004021fc       0x68 src/main.o
 .text.config_led
                0x00402264       0x4c src/main.o
                0x00402264                config_led
 .text.limparvetor
                0x004022b0       0x20 src/main.o
                0x004022b0                limparvetor
 .text.main     0x004022d0      0x24c src/main.o
                0x004022d0                main
 .text.__libc_init_array
                0x0040251c       0x50 c:/program files (x86)/atmel/studio/7.0/toolchain/arm/arm-gnu-toolchain/bin/../lib/gcc/arm-none-eabi/4.9.3/../../../../arm-none-eabi/lib/armv7e-m\libc.a(lib_a-init.o)
                0x0040251c                __libc_init_array
 .text.iprintf  0x0040256c       0x28 c:/program files (x86)/atmel/studio/7.0/toolchain/arm/arm-gnu-toolchain/bin/../lib/gcc/arm-none-eabi/4.9.3/../../../../arm-none-eabi/lib/armv7e-m\libc.a(lib_a-iprintf.o)
                0x0040256c                iprintf
 .text.memset   0x00402594       0x9c c:/program files (x86)/atmel/studio/7.0/toolchain/arm/arm-gnu-toolchain/bin/../lib/gcc/arm-none-eabi/4.9.3/../../../../arm-none-eabi/lib/armv7e-m\libc.a(lib_a-memset.o)
                0x00402594                memset
 .text._puts_r  0x00402630       0x5c c:/program files (x86)/atmel/studio/7.0/toolchain/arm/arm-gnu-toolchain/bin/../lib/gcc/arm-none-eabi/4.9.3/../../../../arm-none-eabi/lib/armv7e-m\libc.a(lib_a-puts.o)
                0x00402630                _puts_r
 .text.puts     0x0040268c       0x10 c:/program files (x86)/atmel/studio/7.0/toolchain/arm/arm-gnu-toolchain/bin/../lib/gcc/arm-none-eabi/4.9.3/../../../../arm-none-eabi/lib/armv7e-m\libc.a(lib_a-puts.o)
                0x0040268c                puts
 .text.setbuf   0x0040269c       0x10 c:/program files (x86)/atmel/studio/7.0/toolchain/arm/arm-gnu-toolchain/bin/../lib/gcc/arm-none-eabi/4.9.3/../../../../arm-none-eabi/lib/armv7e-m\libc.a(lib_a-setbuf.o)
                0x0040269c                setbuf
 .text.setvbuf  0x004026ac       0xf8 c:/program files (x86)/atmel/studio/7.0/toolchain/arm/arm-gnu-toolchain/bin/../lib/gcc/arm-none-eabi/4.9.3/../../../../arm-none-eabi/lib/armv7e-m\libc.a(lib_a-setvbuf.o)
                0x004026ac                setvbuf
 *fill*         0x004027a4       0x1c 
 .text          0x004027c0      0x2dc c:/program files (x86)/atmel/studio/7.0/toolchain/arm/arm-gnu-toolchain/bin/../lib/gcc/arm-none-eabi/4.9.3/../../../../arm-none-eabi/lib/armv7e-m\libc.a(lib_a-strcmp.o)
                0x004027c8                strcmp
 .text.strlen   0x00402a9c       0x5c c:/program files (x86)/atmel/studio/7.0/toolchain/arm/arm-gnu-toolchain/bin/../lib/gcc/arm-none-eabi/4.9.3/../../../../arm-none-eabi/lib/armv7e-m\libc.a(lib_a-strlen.o)
                0x00402a9c                strlen
 .text.__sprint_r.part.0
                0x00402af8       0x78 c:/program files (x86)/atmel/studio/7.0/toolchain/arm/arm-gnu-toolchain/bin/../lib/gcc/arm-none-eabi/4.9.3/../../../../arm-none-eabi/lib/armv7e-m\libc.a(lib_a-vfiprintf.o)
 .text._vfiprintf_r
                0x00402b70      0xc10 c:/program files (x86)/atmel/studio/7.0/toolchain/arm/arm-gnu-toolchain/bin/../lib/gcc/arm-none-eabi/4.9.3/../../../../arm-none-eabi/lib/armv7e-m\libc.a(lib_a-vfiprintf.o)
                0x00402b70                _vfiprintf_r
 .text.__sbprintf
                0x00403780       0x78 c:/program files (x86)/atmel/studio/7.0/toolchain/arm/arm-gnu-toolchain/bin/../lib/gcc/arm-none-eabi/4.9.3/../../../../arm-none-eabi/lib/armv7e-m\libc.a(lib_a-vfiprintf.o)
 .text.__swsetup_r
                0x004037f8       0xc4 c:/program files (x86)/atmel/studio/7.0/toolchain/arm/arm-gnu-toolchain/bin/../lib/gcc/arm-none-eabi/4.9.3/../../../../arm-none-eabi/lib/armv7e-m\libc.a(lib_a-wsetup.o)
                0x004037f8                __swsetup_r
 .text.startup.register_fini
                0x004038bc       0x14 c:/program files (x86)/atmel/studio/7.0/toolchain/arm/arm-gnu-toolchain/bin/../lib/gcc/arm-none-eabi/4.9.3/../../../../arm-none-eabi/lib/armv7e-m\libc.a(lib_a-__call_atexit.o)
 .text.atexit   0x004038d0        0xc c:/program files (x86)/atmel/studio/7.0/toolchain/arm/arm-gnu-toolchain/bin/../lib/gcc/arm-none-eabi/4.9.3/../../../../arm-none-eabi/lib/armv7e-m\libc.a(lib_a-atexit.o)
                0x004038d0                atexit
 .text.__sflush_r
                0x004038dc      0x154 c:/program files (x86)/atmel/studio/7.0/toolchain/arm/arm-gnu-toolchain/bin/../lib/gcc/arm-none-eabi/4.9.3/../../../../arm-none-eabi/lib/armv7e-m\libc.a(lib_a-fflush.o)
                0x004038dc                __sflush_r
 .text._fflush_r
                0x00403a30       0x2c c:/program files (x86)/atmel/studio/7.0/toolchain/arm/arm-gnu-toolchain/bin/../lib/gcc/arm-none-eabi/4.9.3/../../../../arm-none-eabi/lib/armv7e-m\libc.a(lib_a-fflush.o)
                0x00403a30                _fflush_r
 .text._cleanup_r
                0x00403a5c        0xc c:/program files (x86)/atmel/studio/7.0/toolchain/arm/arm-gnu-toolchain/bin/../lib/gcc/arm-none-eabi/4.9.3/../../../../arm-none-eabi/lib/armv7e-m\libc.a(lib_a-findfp.o)
                0x00403a5c                _cleanup_r
 .text.__sinit.part.1
                0x00403a68       0xf0 c:/program files (x86)/atmel/studio/7.0/toolchain/arm/arm-gnu-toolchain/bin/../lib/gcc/arm-none-eabi/4.9.3/../../../../arm-none-eabi/lib/armv7e-m\libc.a(lib_a-findfp.o)
 .text.__sinit  0x00403b58        0xc c:/program files (x86)/atmel/studio/7.0/toolchain/arm/arm-gnu-toolchain/bin/../lib/gcc/arm-none-eabi/4.9.3/../../../../arm-none-eabi/lib/armv7e-m\libc.a(lib_a-findfp.o)
                0x00403b58                __sinit
 .text.__sfp_lock_acquire
                0x00403b64        0x4 c:/program files (x86)/atmel/studio/7.0/toolchain/arm/arm-gnu-toolchain/bin/../lib/gcc/arm-none-eabi/4.9.3/../../../../arm-none-eabi/lib/armv7e-m\libc.a(lib_a-findfp.o)
                0x00403b64                __sfp_lock_acquire
 .text.__sfp_lock_release
                0x00403b68        0x4 c:/program files (x86)/atmel/studio/7.0/toolchain/arm/arm-gnu-toolchain/bin/../lib/gcc/arm-none-eabi/4.9.3/../../../../arm-none-eabi/lib/armv7e-m\libc.a(lib_a-findfp.o)
                0x00403b68                __sfp_lock_release
 .text.__libc_fini_array
                0x00403b6c       0x2c c:/program files (x86)/atmel/studio/7.0/toolchain/arm/arm-gnu-toolchain/bin/../lib/gcc/arm-none-eabi/4.9.3/../../../../arm-none-eabi/lib/armv7e-m\libc.a(lib_a-fini.o)
                0x00403b6c                __libc_fini_array
 .text.__fputwc
                0x00403b98       0xb0 c:/program files (x86)/atmel/studio/7.0/toolchain/arm/arm-gnu-toolchain/bin/../lib/gcc/arm-none-eabi/4.9.3/../../../../arm-none-eabi/lib/armv7e-m\libc.a(lib_a-fputwc.o)
                0x00403b98                __fputwc
 .text._fputwc_r
                0x00403c48       0x24 c:/program files (x86)/atmel/studio/7.0/toolchain/arm/arm-gnu-toolchain/bin/../lib/gcc/arm-none-eabi/4.9.3/../../../../arm-none-eabi/lib/armv7e-m\libc.a(lib_a-fputwc.o)
                0x00403c48                _fputwc_r
 .text._malloc_trim_r
                0x00403c6c       0x9c c:/program files (x86)/atmel/studio/7.0/toolchain/arm/arm-gnu-toolchain/bin/../lib/gcc/arm-none-eabi/4.9.3/../../../../arm-none-eabi/lib/armv7e-m\libc.a(lib_a-freer.o)
                0x00403c6c                _malloc_trim_r
 .text._free_r  0x00403d08      0x1b0 c:/program files (x86)/atmel/studio/7.0/toolchain/arm/arm-gnu-toolchain/bin/../lib/gcc/arm-none-eabi/4.9.3/../../../../arm-none-eabi/lib/armv7e-m\libc.a(lib_a-freer.o)
                0x00403d08                _free_r
 .text.__sfvwrite_r
                0x00403eb8      0x318 c:/program files (x86)/atmel/studio/7.0/toolchain/arm/arm-gnu-toolchain/bin/../lib/gcc/arm-none-eabi/4.9.3/../../../../arm-none-eabi/lib/armv7e-m\libc.a(lib_a-fvwrite.o)
                0x00403eb8                __sfvwrite_r
 .text._fwalk_reent
                0x004041d0       0x54 c:/program files (x86)/atmel/studio/7.0/toolchain/arm/arm-gnu-toolchain/bin/../lib/gcc/arm-none-eabi/4.9.3/../../../../arm-none-eabi/lib/armv7e-m\libc.a(lib_a-fwalk.o)
                0x004041d0                _fwalk_reent
 .text.__locale_charset
                0x00404224        0x8 c:/program files (x86)/atmel/studio/7.0/toolchain/arm/arm-gnu-toolchain/bin/../lib/gcc/arm-none-eabi/4.9.3/../../../../arm-none-eabi/lib/armv7e-m\libc.a(lib_a-locale.o)
                0x00404224                __locale_charset
 .text.__locale_mb_cur_max
                0x0040422c        0xc c:/program files (x86)/atmel/studio/7.0/toolchain/arm/arm-gnu-toolchain/bin/../lib/gcc/arm-none-eabi/4.9.3/../../../../arm-none-eabi/lib/armv7e-m\libc.a(lib_a-locale.o)
                0x0040422c                __locale_mb_cur_max
 .text.__smakebuf_r
                0x00404238       0xe0 c:/program files (x86)/atmel/studio/7.0/toolchain/arm/arm-gnu-toolchain/bin/../lib/gcc/arm-none-eabi/4.9.3/../../../../arm-none-eabi/lib/armv7e-m\libc.a(lib_a-makebuf.o)
                0x00404238                __smakebuf_r
 .text.malloc   0x00404318       0x10 c:/program files (x86)/atmel/studio/7.0/toolchain/arm/arm-gnu-toolchain/bin/../lib/gcc/arm-none-eabi/4.9.3/../../../../arm-none-eabi/lib/armv7e-m\libc.a(lib_a-malloc.o)
                0x00404318                malloc
 .text._malloc_r
                0x00404328      0x524 c:/program files (x86)/atmel/studio/7.0/toolchain/arm/arm-gnu-toolchain/bin/../lib/gcc/arm-none-eabi/4.9.3/../../../../arm-none-eabi/lib/armv7e-m\libc.a(lib_a-mallocr.o)
                0x00404328                _malloc_r
 .text.memchr   0x0040484c       0x94 c:/program files (x86)/atmel/studio/7.0/toolchain/arm/arm-gnu-toolchain/bin/../lib/gcc/arm-none-eabi/4.9.3/../../../../arm-none-eabi/lib/armv7e-m\libc.a(lib_a-memchr.o)
                0x0040484c                memchr
 .text          0x004048e0      0x134 c:/program files (x86)/atmel/studio/7.0/toolchain/arm/arm-gnu-toolchain/bin/../lib/gcc/arm-none-eabi/4.9.3/../../../../arm-none-eabi/lib/armv7e-m\libc.a(lib_a-memcpy.o)
                0x004048e0                memcpy
 .text.memmove  0x00404a14       0xc8 c:/program files (x86)/atmel/studio/7.0/toolchain/arm/arm-gnu-toolchain/bin/../lib/gcc/arm-none-eabi/4.9.3/../../../../arm-none-eabi/lib/armv7e-m\libc.a(lib_a-memmove.o)
                0x00404a14                memmove
 .text.__malloc_lock
                0x00404adc        0x4 c:/program files (x86)/atmel/studio/7.0/toolchain/arm/arm-gnu-toolchain/bin/../lib/gcc/arm-none-eabi/4.9.3/../../../../arm-none-eabi/lib/armv7e-m\libc.a(lib_a-mlock.o)
                0x00404adc                __malloc_lock
 .text.__malloc_unlock
                0x00404ae0        0x4 c:/program files (x86)/atmel/studio/7.0/toolchain/arm/arm-gnu-toolchain/bin/../lib/gcc/arm-none-eabi/4.9.3/../../../../arm-none-eabi/lib/armv7e-m\libc.a(lib_a-mlock.o)
                0x00404ae0                __malloc_unlock
 .text._realloc_r
                0x00404ae4      0x3ec c:/program files (x86)/atmel/studio/7.0/toolchain/arm/arm-gnu-toolchain/bin/../lib/gcc/arm-none-eabi/4.9.3/../../../../arm-none-eabi/lib/armv7e-m\libc.a(lib_a-reallocr.o)
                0x00404ae4                _realloc_r
 .text._sbrk_r  0x00404ed0       0x24 c:/program files (x86)/atmel/studio/7.0/toolchain/arm/arm-gnu-toolchain/bin/../lib/gcc/arm-none-eabi/4.9.3/../../../../arm-none-eabi/lib/armv7e-m\libc.a(lib_a-sbrkr.o)
                0x00404ed0                _sbrk_r
 .text.__sread  0x00404ef4       0x24 c:/program files (x86)/atmel/studio/7.0/toolchain/arm/arm-gnu-toolchain/bin/../lib/gcc/arm-none-eabi/4.9.3/../../../../arm-none-eabi/lib/armv7e-m\libc.a(lib_a-stdio.o)
                0x00404ef4                __sread
 .text.__swrite
                0x00404f18       0x38 c:/program files (x86)/atmel/studio/7.0/toolchain/arm/arm-gnu-toolchain/bin/../lib/gcc/arm-none-eabi/4.9.3/../../../../arm-none-eabi/lib/armv7e-m\libc.a(lib_a-stdio.o)
                0x00404f18                __swrite
 .text.__sseek  0x00404f50       0x20 c:/program files (x86)/atmel/studio/7.0/toolchain/arm/arm-gnu-toolchain/bin/../lib/gcc/arm-none-eabi/4.9.3/../../../../arm-none-eabi/lib/armv7e-m\libc.a(lib_a-stdio.o)
                0x00404f50                __sseek
 .text.__sclose
                0x00404f70        0x8 c:/program files (x86)/atmel/studio/7.0/toolchain/arm/arm-gnu-toolchain/bin/../lib/gcc/arm-none-eabi/4.9.3/../../../../arm-none-eabi/lib/armv7e-m\libc.a(lib_a-stdio.o)
                0x00404f70                __sclose
 .text.__swbuf_r
                0x00404f78       0xa8 c:/program files (x86)/atmel/studio/7.0/toolchain/arm/arm-gnu-toolchain/bin/../lib/gcc/arm-none-eabi/4.9.3/../../../../arm-none-eabi/lib/armv7e-m\libc.a(lib_a-wbuf.o)
                0x00404f78                __swbuf_r
 .text._wcrtomb_r
                0x00405020       0x54 c:/program files (x86)/atmel/studio/7.0/toolchain/arm/arm-gnu-toolchain/bin/../lib/gcc/arm-none-eabi/4.9.3/../../../../arm-none-eabi/lib/armv7e-m\libc.a(lib_a-wcrtomb.o)
                0x00405020                _wcrtomb_r
 .text.__ascii_wctomb
                0x00405074       0x1c c:/program files (x86)/atmel/studio/7.0/toolchain/arm/arm-gnu-toolchain/bin/../lib/gcc/arm-none-eabi/4.9.3/../../../../arm-none-eabi/lib/armv7e-m\libc.a(lib_a-wctomb_r.o)
                0x00405074                __ascii_wctomb
 .text._write_r
                0x00405090       0x28 c:/program files (x86)/atmel/studio/7.0/toolchain/arm/arm-gnu-toolchain/bin/../lib/gcc/arm-none-eabi/4.9.3/../../../../arm-none-eabi/lib/armv7e-m\libc.a(lib_a-writer.o)
                0x00405090                _write_r
 .text.__register_exitproc
                0x004050b8       0xa4 c:/program files (x86)/atmel/studio/7.0/toolchain/arm/arm-gnu-toolchain/bin/../lib/gcc/arm-none-eabi/4.9.3/../../../../arm-none-eabi/lib/armv7e-m\libc.a(lib_a-__atexit.o)
                0x004050b8                __register_exitproc
 .text._close_r
                0x0040515c       0x24 c:/program files (x86)/atmel/studio/7.0/toolchain/arm/arm-gnu-toolchain/bin/../lib/gcc/arm-none-eabi/4.9.3/../../../../arm-none-eabi/lib/armv7e-m\libc.a(lib_a-closer.o)
                0x0040515c                _close_r
 .text._fclose_r
                0x00405180       0x84 c:/program files (x86)/atmel/studio/7.0/toolchain/arm/arm-gnu-toolchain/bin/../lib/gcc/arm-none-eabi/4.9.3/../../../../arm-none-eabi/lib/armv7e-m\libc.a(lib_a-fclose.o)
                0x00405180                _fclose_r
 .text._fstat_r
                0x00405204       0x28 c:/program files (x86)/atmel/studio/7.0/toolchain/arm/arm-gnu-toolchain/bin/../lib/gcc/arm-none-eabi/4.9.3/../../../../arm-none-eabi/lib/armv7e-m\libc.a(lib_a-fstatr.o)
                0x00405204                _fstat_r
 .text._isatty_r
                0x0040522c       0x24 c:/program files (x86)/atmel/studio/7.0/toolchain/arm/arm-gnu-toolchain/bin/../lib/gcc/arm-none-eabi/4.9.3/../../../../arm-none-eabi/lib/armv7e-m\libc.a(lib_a-isattyr.o)
                0x0040522c                _isatty_r
 .text._lseek_r
                0x00405250       0x28 c:/program files (x86)/atmel/studio/7.0/toolchain/arm/arm-gnu-toolchain/bin/../lib/gcc/arm-none-eabi/4.9.3/../../../../arm-none-eabi/lib/armv7e-m\libc.a(lib_a-lseekr.o)
                0x00405250                _lseek_r
 .text._read_r  0x00405278       0x28 c:/program files (x86)/atmel/studio/7.0/toolchain/arm/arm-gnu-toolchain/bin/../lib/gcc/arm-none-eabi/4.9.3/../../../../arm-none-eabi/lib/armv7e-m\libc.a(lib_a-readr.o)
                0x00405278                _read_r
 .text          0x004052a0       0x30 c:/program files (x86)/atmel/studio/7.0/toolchain/arm/arm-gnu-toolchain/bin/../lib/gcc/arm-none-eabi/4.9.3/armv7e-m\libgcc.a(_aeabi_uldivmod.o)
                0x004052a0                __aeabi_uldivmod
 .text          0x004052d0       0x60 c:/program files (x86)/atmel/studio/7.0/toolchain/arm/arm-gnu-toolchain/bin/../lib/gcc/arm-none-eabi/4.9.3/armv7e-m\libgcc.a(bpabi.o)
                0x004052d0                __gnu_ldivmod_helper
                0x00405300                __gnu_uldivmod_helper
 .text          0x00405330        0x4 c:/program files (x86)/atmel/studio/7.0/toolchain/arm/arm-gnu-toolchain/bin/../lib/gcc/arm-none-eabi/4.9.3/armv7e-m\libgcc.a(_dvmd_tls.o)
                0x00405330                __aeabi_idiv0
                0x00405330                __aeabi_ldiv0
 .text          0x00405334      0x29c c:/program files (x86)/atmel/studio/7.0/toolchain/arm/arm-gnu-toolchain/bin/../lib/gcc/arm-none-eabi/4.9.3/armv7e-m\libgcc.a(_divdi3.o)
                0x00405334                __divdi3
 .text          0x004055d0      0x26c c:/program files (x86)/atmel/studio/7.0/toolchain/arm/arm-gnu-toolchain/bin/../lib/gcc/arm-none-eabi/4.9.3/armv7e-m\libgcc.a(_udivdi3.o)
                0x004055d0                __udivdi3
 *(.glue_7t)
 .glue_7t       0x00000000        0x0 linker stubs
 *(.glue_7)
 .glue_7        0x00000000        0x0 linker stubs
 *(.rodata .rodata* .gnu.linkonce.r.*)
 .rodata        0x0040583c      0x191 src/main.o
 *fill*         0x004059cd        0x3 
 .rodata.str1.4
                0x004059d0        0x2 c:/program files (x86)/atmel/studio/7.0/toolchain/arm/arm-gnu-toolchain/bin/../lib/gcc/arm-none-eabi/4.9.3/../../../../arm-none-eabi/lib/armv7e-m\libc.a(lib_a-impure.o)
 *fill*         0x004059d2        0x2 
 .rodata._global_impure_ptr
                0x004059d4        0x4 c:/program files (x86)/atmel/studio/7.0/toolchain/arm/arm-gnu-toolchain/bin/../lib/gcc/arm-none-eabi/4.9.3/../../../../arm-none-eabi/lib/armv7e-m\libc.a(lib_a-impure.o)
                0x004059d4                _global_impure_ptr
 .rodata.str1.4
                0x004059d8        0x2 c:/program files (x86)/atmel/studio/7.0/toolchain/arm/arm-gnu-toolchain/bin/../lib/gcc/arm-none-eabi/4.9.3/../../../../arm-none-eabi/lib/armv7e-m\libc.a(lib_a-puts.o)
 *fill*         0x004059da        0x2 
 .rodata.zeroes.6869
                0x004059dc       0x10 c:/program files (x86)/atmel/studio/7.0/toolchain/arm/arm-gnu-toolchain/bin/../lib/gcc/arm-none-eabi/4.9.3/../../../../arm-none-eabi/lib/armv7e-m\libc.a(lib_a-vfiprintf.o)
 .rodata.str1.4
                0x004059ec       0x30 c:/program files (x86)/atmel/studio/7.0/toolchain/arm/arm-gnu-toolchain/bin/../lib/gcc/arm-none-eabi/4.9.3/../../../../arm-none-eabi/lib/armv7e-m\libc.a(lib_a-vfiprintf.o)
                                 0x2f (size before relaxing)
 .rodata.blanks.6868
                0x00405a1c       0x10 c:/program files (x86)/atmel/studio/7.0/toolchain/arm/arm-gnu-toolchain/bin/../lib/gcc/arm-none-eabi/4.9.3/../../../../arm-none-eabi/lib/armv7e-m\libc.a(lib_a-vfiprintf.o)
 *(.ARM.extab* .gnu.linkonce.armextab.*)
                0x00405a2c                . = ALIGN (0x4)
 *(.init)
 .init          0x00405a2c        0x4 c:/program files (x86)/atmel/studio/7.0/toolchain/arm/arm-gnu-toolchain/bin/../lib/gcc/arm-none-eabi/4.9.3/armv7e-m/crti.o
                0x00405a2c                _init
 .init          0x00405a30        0x8 c:/program files (x86)/atmel/studio/7.0/toolchain/arm/arm-gnu-toolchain/bin/../lib/gcc/arm-none-eabi/4.9.3/armv7e-m/crtn.o
                0x00405a38                . = ALIGN (0x4)
                0x00405a38                __preinit_array_start = .
 *(.preinit_array)
                0x00405a38                __preinit_array_end = .
                0x00405a38                . = ALIGN (0x4)
                0x00405a38                __init_array_start = .
 *(SORT(.init_array.*))
 .init_array.00000
                0x00405a38        0x4 c:/program files (x86)/atmel/studio/7.0/toolchain/arm/arm-gnu-toolchain/bin/../lib/gcc/arm-none-eabi/4.9.3/../../../../arm-none-eabi/lib/armv7e-m\libc.a(lib_a-__call_atexit.o)
 *(.init_array)
 .init_array    0x00405a3c        0x4 c:/program files (x86)/atmel/studio/7.0/toolchain/arm/arm-gnu-toolchain/bin/../lib/gcc/arm-none-eabi/4.9.3/armv7e-m/crtbegin.o
                0x00405a40                __init_array_end = .
                0x00405a40                . = ALIGN (0x4)
 *crtbegin.o(.ctors)
 *(EXCLUDE_FILE(*crtend.o) .ctors)
 *(SORT(.ctors.*))
 *crtend.o(.ctors)
                0x00405a40                . = ALIGN (0x4)
 *(.fini)
 .fini          0x00405a40        0x4 c:/program files (x86)/atmel/studio/7.0/toolchain/arm/arm-gnu-toolchain/bin/../lib/gcc/arm-none-eabi/4.9.3/armv7e-m/crti.o
                0x00405a40                _fini
 .fini          0x00405a44        0x8 c:/program files (x86)/atmel/studio/7.0/toolchain/arm/arm-gnu-toolchain/bin/../lib/gcc/arm-none-eabi/4.9.3/armv7e-m/crtn.o
                0x00405a4c                . = ALIGN (0x4)
                0x00405a4c                __fini_array_start = .
 *(.fini_array)
 .fini_array    0x00405a4c        0x4 c:/program files (x86)/atmel/studio/7.0/toolchain/arm/arm-gnu-toolchain/bin/../lib/gcc/arm-none-eabi/4.9.3/armv7e-m/crtbegin.o
 *(SORT(.fini_array.*))
                0x00405a50                __fini_array_end = .
 *crtbegin.o(.dtors)
 *(EXCLUDE_FILE(*crtend.o) .dtors)
 *(SORT(.dtors.*))
 *crtend.o(.dtors)
                0x00405a50                . = ALIGN (0x4)
                0x00405a50                _efixed = .
                0x00405a50                PROVIDE (__exidx_start, .)

.vfp11_veneer   0x00405a50        0x0
 .vfp11_veneer  0x00000000        0x0 linker stubs

.v4_bx          0x00405a50        0x0
 .v4_bx         0x00000000        0x0 linker stubs

.iplt           0x00405a50        0x0
 .iplt          0x00000000        0x0 c:/program files (x86)/atmel/studio/7.0/toolchain/arm/arm-gnu-toolchain/bin/../lib/gcc/arm-none-eabi/4.9.3/armv7e-m/crtbegin.o

.ARM.exidx      0x00405a50        0x8
 *(.ARM.exidx* .gnu.linkonce.armexidx.*)
 .ARM.exidx     0x00405a50        0x8 c:/program files (x86)/atmel/studio/7.0/toolchain/arm/arm-gnu-toolchain/bin/../lib/gcc/arm-none-eabi/4.9.3/armv7e-m\libgcc.a(_divdi3.o)
 .ARM.exidx     0x00405a58        0x0 c:/program files (x86)/atmel/studio/7.0/toolchain/arm/arm-gnu-toolchain/bin/../lib/gcc/arm-none-eabi/4.9.3/armv7e-m\libgcc.a(_udivdi3.o)
                                  0x8 (size before relaxing)
                0x00405a58                PROVIDE (__exidx_end, .)

.eh_frame       0x00405a58        0x0
 .eh_frame      0x00405a58        0x0 c:/program files (x86)/atmel/studio/7.0/toolchain/arm/arm-gnu-toolchain/bin/../lib/gcc/arm-none-eabi/4.9.3/armv7e-m/crtbegin.o

.rel.dyn        0x00405a58        0x0
 .rel.iplt      0x00000000        0x0 c:/program files (x86)/atmel/studio/7.0/toolchain/arm/arm-gnu-toolchain/bin/../lib/gcc/arm-none-eabi/4.9.3/armv7e-m/crtbegin.o

.jcr            0x00405a58        0x0
 .jcr           0x00405a58        0x0 c:/program files (x86)/atmel/studio/7.0/toolchain/arm/arm-gnu-toolchain/bin/../lib/gcc/arm-none-eabi/4.9.3/armv7e-m/crtbegin.o

.igot.plt       0x00405a58        0x0
 .igot.plt      0x00000000        0x0 c:/program files (x86)/atmel/studio/7.0/toolchain/arm/arm-gnu-toolchain/bin/../lib/gcc/arm-none-eabi/4.9.3/armv7e-m/crtbegin.o
                0x00405a58                . = ALIGN (0x4)
                0x00405a58                _etext = .

.relocate       0x20000000      0x874 load address 0x00405a58
                0x20000000                . = ALIGN (0x4)
                0x20000000                _srelocate = .
 *(.ramfunc .ramfunc.*)
 *(.data .data.*)
 .data.g_interrupt_enabled
                0x20000000        0x1 src/ASF/common/utils/interrupt/interrupt_sam_nvic.o
                0x20000000                g_interrupt_enabled
 *fill*         0x20000001        0x3 
 .data.ul_flash_in_wait_mode
                0x20000004        0x4 src/ASF/sam/drivers/pmc/pmc.o
 .data.SystemCoreClock
                0x20000008        0x4 src/ASF/sam/utils/cmsis/sam4s/source/templates/system_sam4s.o
                0x20000008                SystemCoreClock
 *fill*         0x2000000c        0x4 
 .data.impure_data
                0x20000010      0x428 c:/program files (x86)/atmel/studio/7.0/toolchain/arm/arm-gnu-toolchain/bin/../lib/gcc/arm-none-eabi/4.9.3/../../../../arm-none-eabi/lib/armv7e-m\libc.a(lib_a-impure.o)
 .data._impure_ptr
                0x20000438        0x4 c:/program files (x86)/atmel/studio/7.0/toolchain/arm/arm-gnu-toolchain/bin/../lib/gcc/arm-none-eabi/4.9.3/../../../../arm-none-eabi/lib/armv7e-m\libc.a(lib_a-impure.o)
                0x20000438                _impure_ptr
 .data.lc_ctype_charset
                0x2000043c       0x20 c:/program files (x86)/atmel/studio/7.0/toolchain/arm/arm-gnu-toolchain/bin/../lib/gcc/arm-none-eabi/4.9.3/../../../../arm-none-eabi/lib/armv7e-m\libc.a(lib_a-locale.o)
 .data.__mb_cur_max
                0x2000045c        0x4 c:/program files (x86)/atmel/studio/7.0/toolchain/arm/arm-gnu-toolchain/bin/../lib/gcc/arm-none-eabi/4.9.3/../../../../arm-none-eabi/lib/armv7e-m\libc.a(lib_a-locale.o)
                0x2000045c                __mb_cur_max
 .data.__malloc_av_
                0x20000460      0x408 c:/program files (x86)/atmel/studio/7.0/toolchain/arm/arm-gnu-toolchain/bin/../lib/gcc/arm-none-eabi/4.9.3/../../../../arm-none-eabi/lib/armv7e-m\libc.a(lib_a-mallocr.o)
                0x20000460                __malloc_av_
 .data.__malloc_trim_threshold
                0x20000868        0x4 c:/program files (x86)/atmel/studio/7.0/toolchain/arm/arm-gnu-toolchain/bin/../lib/gcc/arm-none-eabi/4.9.3/../../../../arm-none-eabi/lib/armv7e-m\libc.a(lib_a-mallocr.o)
                0x20000868                __malloc_trim_threshold
 .data.__malloc_sbrk_base
                0x2000086c        0x4 c:/program files (x86)/atmel/studio/7.0/toolchain/arm/arm-gnu-toolchain/bin/../lib/gcc/arm-none-eabi/4.9.3/../../../../arm-none-eabi/lib/armv7e-m\libc.a(lib_a-mallocr.o)
                0x2000086c                __malloc_sbrk_base
 .data.__wctomb
                0x20000870        0x4 c:/program files (x86)/atmel/studio/7.0/toolchain/arm/arm-gnu-toolchain/bin/../lib/gcc/arm-none-eabi/4.9.3/../../../../arm-none-eabi/lib/armv7e-m\libc.a(lib_a-wctomb_r.o)
                0x20000870                __wctomb
                0x20000874                . = ALIGN (0x4)
                0x20000874                _erelocate = .

.bss            0x20000874      0x11c load address 0x004062cc
                0x20000874                . = ALIGN (0x4)
                0x20000874                _sbss = .
                0x20000874                _szero = .
 *(.bss .bss.*)
 .bss           0x20000874       0x1c c:/program files (x86)/atmel/studio/7.0/toolchain/arm/arm-gnu-toolchain/bin/../lib/gcc/arm-none-eabi/4.9.3/armv7e-m/crtbegin.o
 .bss.gs_interrupt_sources
                0x20000890       0x70 src/ASF/sam/drivers/pio/pio_handler.o
 .bss.pio_capture_handler
                0x20000900        0x4 src/ASF/sam/drivers/pio/pio_handler.o
 .bss.b_is_sleep_clock_used
                0x20000904        0x1 src/ASF/sam/drivers/pmc/sleep.o
 *fill*         0x20000905        0x3 
 .bss.callback_clocks_restored
                0x20000908        0x4 src/ASF/sam/drivers/pmc/sleep.o
 .bss.ul_reg_val.7433
                0x2000090c        0x4 src/ASF/sam/drivers/usart/usart.o
 .bss.heap.5212
                0x20000910        0x4 src/ASF/sam/utils/syscalls/gcc/syscalls.o
 .bss.g_UartStrgi
                0x20000914        0x1 src/main.o
                0x20000914                g_UartStrgi
 *fill*         0x20000915        0x3 
 .bss.__malloc_max_total_mem
                0x20000918        0x4 c:/program files (x86)/atmel/studio/7.0/toolchain/arm/arm-gnu-toolchain/bin/../lib/gcc/arm-none-eabi/4.9.3/../../../../arm-none-eabi/lib/armv7e-m\libc.a(lib_a-mallocr.o)
                0x20000918                __malloc_max_total_mem
 .bss.__malloc_max_sbrked_mem
                0x2000091c        0x4 c:/program files (x86)/atmel/studio/7.0/toolchain/arm/arm-gnu-toolchain/bin/../lib/gcc/arm-none-eabi/4.9.3/../../../../arm-none-eabi/lib/armv7e-m\libc.a(lib_a-mallocr.o)
                0x2000091c                __malloc_max_sbrked_mem
 .bss.__malloc_top_pad
                0x20000920        0x4 c:/program files (x86)/atmel/studio/7.0/toolchain/arm/arm-gnu-toolchain/bin/../lib/gcc/arm-none-eabi/4.9.3/../../../../arm-none-eabi/lib/armv7e-m\libc.a(lib_a-mallocr.o)
                0x20000920                __malloc_top_pad
 .bss.__malloc_current_mallinfo
                0x20000924       0x28 c:/program files (x86)/atmel/studio/7.0/toolchain/arm/arm-gnu-toolchain/bin/../lib/gcc/arm-none-eabi/4.9.3/../../../../arm-none-eabi/lib/armv7e-m\libc.a(lib_a-mallocr.o)
                0x20000924                __malloc_current_mallinfo
 *(COMMON)
 COMMON         0x2000094c        0x4 src/ASF/common/utils/stdio/read.o
                0x2000094c                ptr_get
 COMMON         0x20000950        0x8 src/ASF/common/utils/stdio/write.o
                0x20000950                ptr_put
                0x20000954                stdio_base
 COMMON         0x20000958        0x4 src/ASF/sam/drivers/pio/pio.o
                0x20000958                pio_capture_enable_flag
 COMMON         0x2000095c       0x30 src/main.o
                0x2000095c                flagB
                0x20000960                flagG
                0x20000964                g_UartStrg
                0x20000974                g_UartStrgBuffer
                0x20000984                g_UartStrgOk
                0x20000988                flagR
 COMMON         0x2000098c        0x4 c:/program files (x86)/atmel/studio/7.0/toolchain/arm/arm-gnu-toolchain/bin/../lib/gcc/arm-none-eabi/4.9.3/../../../../arm-none-eabi/lib/armv7e-m\libc.a(lib_a-reent.o)
                0x2000098c                errno
                0x20000990                . = ALIGN (0x4)
                0x20000990                _ebss = .
                0x20000990                _ezero = .

.stack          0x20000990     0x3000 load address 0x004063e8
                0x20000990                . = ALIGN (0x8)
                0x20000990                _sstack = .
                0x20003990                . = (. + __stack_size__)
 *fill*         0x20000990     0x3000 
                0x20003990                . = ALIGN (0x8)
                0x20003990                _estack = .
                0x20003990                . = ALIGN (0x4)
                0x20003990                _end = .
OUTPUT(20-UART.elf elf32-littlearm)

.ARM.attributes
                0x00000000       0x2a
 .ARM.attributes
                0x00000000       0x1e c:/program files (x86)/atmel/studio/7.0/toolchain/arm/arm-gnu-toolchain/bin/../lib/gcc/arm-none-eabi/4.9.3/armv7e-m/crti.o
 .ARM.attributes
                0x0000001e       0x2e c:/program files (x86)/atmel/studio/7.0/toolchain/arm/arm-gnu-toolchain/bin/../lib/gcc/arm-none-eabi/4.9.3/armv7e-m/crtbegin.o
 .ARM.attributes
                0x0000004c       0x33 src/ASF/common/services/clock/sam4s/sysclk.o
 .ARM.attributes
                0x0000007f       0x33 src/ASF/common/utils/interrupt/interrupt_sam_nvic.o
 .ARM.attributes
                0x000000b2       0x33 src/ASF/common/utils/stdio/read.o
 .ARM.attributes
                0x000000e5       0x33 src/ASF/common/utils/stdio/write.o
 .ARM.attributes
                0x00000118       0x33 src/ASF/sam/boards/sam4s_ek2/init.o
 .ARM.attributes
                0x0000014b       0x33 src/ASF/sam/drivers/pio/pio.o
 .ARM.attributes
                0x0000017e       0x33 src/ASF/sam/drivers/pio/pio_handler.o
 .ARM.attributes
                0x000001b1       0x33 src/ASF/sam/drivers/pmc/pmc.o
 .ARM.attributes
                0x000001e4       0x33 src/ASF/sam/drivers/pmc/sleep.o
 .ARM.attributes
                0x00000217       0x33 src/ASF/sam/drivers/tc/tc.o
 .ARM.attributes
                0x0000024a       0x33 src/ASF/sam/drivers/uart/uart.o
 .ARM.attributes
                0x0000027d       0x33 src/ASF/sam/drivers/usart/usart.o
 .ARM.attributes
                0x000002b0       0x33 src/ASF/sam/utils/cmsis/sam4s/source/templates/gcc/startup_sam4s.o
 .ARM.attributes
                0x000002e3       0x33 src/ASF/sam/utils/cmsis/sam4s/source/templates/system_sam4s.o
 .ARM.attributes
                0x00000316       0x33 src/ASF/sam/utils/syscalls/gcc/syscalls.o
 .ARM.attributes
                0x00000349       0x33 src/main.o
 .ARM.attributes
                0x0000037c       0x2e c:/program files (x86)/atmel/studio/7.0/toolchain/arm/arm-gnu-toolchain/bin/../lib/gcc/arm-none-eabi/4.9.3/../../../../arm-none-eabi/lib/armv7e-m\libc.a(lib_a-impure.o)
 .ARM.attributes
                0x000003aa       0x2e c:/program files (x86)/atmel/studio/7.0/toolchain/arm/arm-gnu-toolchain/bin/../lib/gcc/arm-none-eabi/4.9.3/../../../../arm-none-eabi/lib/armv7e-m\libc.a(lib_a-init.o)
 .ARM.attributes
                0x000003d8       0x2e c:/program files (x86)/atmel/studio/7.0/toolchain/arm/arm-gnu-toolchain/bin/../lib/gcc/arm-none-eabi/4.9.3/../../../../arm-none-eabi/lib/armv7e-m\libc.a(lib_a-iprintf.o)
 .ARM.attributes
                0x00000406       0x2e c:/program files (x86)/atmel/studio/7.0/toolchain/arm/arm-gnu-toolchain/bin/../lib/gcc/arm-none-eabi/4.9.3/../../../../arm-none-eabi/lib/armv7e-m\libc.a(lib_a-memset.o)
 .ARM.attributes
                0x00000434       0x2e c:/program files (x86)/atmel/studio/7.0/toolchain/arm/arm-gnu-toolchain/bin/../lib/gcc/arm-none-eabi/4.9.3/../../../../arm-none-eabi/lib/armv7e-m\libc.a(lib_a-puts.o)
 .ARM.attributes
                0x00000462       0x2e c:/program files (x86)/atmel/studio/7.0/toolchain/arm/arm-gnu-toolchain/bin/../lib/gcc/arm-none-eabi/4.9.3/../../../../arm-none-eabi/lib/armv7e-m\libc.a(lib_a-setbuf.o)
 .ARM.attributes
                0x00000490       0x2e c:/program files (x86)/atmel/studio/7.0/toolchain/arm/arm-gnu-toolchain/bin/../lib/gcc/arm-none-eabi/4.9.3/../../../../arm-none-eabi/lib/armv7e-m\libc.a(lib_a-setvbuf.o)
 .ARM.attributes
                0x000004be       0x1c c:/program files (x86)/atmel/studio/7.0/toolchain/arm/arm-gnu-toolchain/bin/../lib/gcc/arm-none-eabi/4.9.3/../../../../arm-none-eabi/lib/armv7e-m\libc.a(lib_a-strcmp.o)
 .ARM.attributes
                0x000004da       0x2e c:/program files (x86)/atmel/studio/7.0/toolchain/arm/arm-gnu-toolchain/bin/../lib/gcc/arm-none-eabi/4.9.3/../../../../arm-none-eabi/lib/armv7e-m\libc.a(lib_a-strlen.o)
 .ARM.attributes
                0x00000508       0x2e c:/program files (x86)/atmel/studio/7.0/toolchain/arm/arm-gnu-toolchain/bin/../lib/gcc/arm-none-eabi/4.9.3/../../../../arm-none-eabi/lib/armv7e-m\libc.a(lib_a-vfiprintf.o)
 .ARM.attributes
                0x00000536       0x2e c:/program files (x86)/atmel/studio/7.0/toolchain/arm/arm-gnu-toolchain/bin/../lib/gcc/arm-none-eabi/4.9.3/../../../../arm-none-eabi/lib/armv7e-m\libc.a(lib_a-wsetup.o)
 .ARM.attributes
                0x00000564       0x2e c:/program files (x86)/atmel/studio/7.0/toolchain/arm/arm-gnu-toolchain/bin/../lib/gcc/arm-none-eabi/4.9.3/../../../../arm-none-eabi/lib/armv7e-m\libc.a(lib_a-__call_atexit.o)
 .ARM.attributes
                0x00000592       0x2e c:/program files (x86)/atmel/studio/7.0/toolchain/arm/arm-gnu-toolchain/bin/../lib/gcc/arm-none-eabi/4.9.3/../../../../arm-none-eabi/lib/armv7e-m\libc.a(lib_a-atexit.o)
 .ARM.attributes
                0x000005c0       0x2e c:/program files (x86)/atmel/studio/7.0/toolchain/arm/arm-gnu-toolchain/bin/../lib/gcc/arm-none-eabi/4.9.3/../../../../arm-none-eabi/lib/armv7e-m\libc.a(lib_a-fflush.o)
 .ARM.attributes
                0x000005ee       0x2e c:/program files (x86)/atmel/studio/7.0/toolchain/arm/arm-gnu-toolchain/bin/../lib/gcc/arm-none-eabi/4.9.3/../../../../arm-none-eabi/lib/armv7e-m\libc.a(lib_a-findfp.o)
 .ARM.attributes
                0x0000061c       0x2e c:/program files (x86)/atmel/studio/7.0/toolchain/arm/arm-gnu-toolchain/bin/../lib/gcc/arm-none-eabi/4.9.3/../../../../arm-none-eabi/lib/armv7e-m\libc.a(lib_a-fini.o)
 .ARM.attributes
                0x0000064a       0x2e c:/program files (x86)/atmel/studio/7.0/toolchain/arm/arm-gnu-toolchain/bin/../lib/gcc/arm-none-eabi/4.9.3/../../../../arm-none-eabi/lib/armv7e-m\libc.a(lib_a-fputwc.o)
 .ARM.attributes
                0x00000678       0x2e c:/program files (x86)/atmel/studio/7.0/toolchain/arm/arm-gnu-toolchain/bin/../lib/gcc/arm-none-eabi/4.9.3/../../../../arm-none-eabi/lib/armv7e-m\libc.a(lib_a-freer.o)
 .ARM.attributes
                0x000006a6       0x2e c:/program files (x86)/atmel/studio/7.0/toolchain/arm/arm-gnu-toolchain/bin/../lib/gcc/arm-none-eabi/4.9.3/../../../../arm-none-eabi/lib/armv7e-m\libc.a(lib_a-fvwrite.o)
 .ARM.attributes
                0x000006d4       0x2e c:/program files (x86)/atmel/studio/7.0/toolchain/arm/arm-gnu-toolchain/bin/../lib/gcc/arm-none-eabi/4.9.3/../../../../arm-none-eabi/lib/armv7e-m\libc.a(lib_a-fwalk.o)
 .ARM.attributes
                0x00000702       0x2e c:/program files (x86)/atmel/studio/7.0/toolchain/arm/arm-gnu-toolchain/bin/../lib/gcc/arm-none-eabi/4.9.3/../../../../arm-none-eabi/lib/armv7e-m\libc.a(lib_a-locale.o)
 .ARM.attributes
                0x00000730       0x2e c:/program files (x86)/atmel/studio/7.0/toolchain/arm/arm-gnu-toolchain/bin/../lib/gcc/arm-none-eabi/4.9.3/../../../../arm-none-eabi/lib/armv7e-m\libc.a(lib_a-makebuf.o)
 .ARM.attributes
                0x0000075e       0x2e c:/program files (x86)/atmel/studio/7.0/toolchain/arm/arm-gnu-toolchain/bin/../lib/gcc/arm-none-eabi/4.9.3/../../../../arm-none-eabi/lib/armv7e-m\libc.a(lib_a-malloc.o)
 .ARM.attributes
                0x0000078c       0x2e c:/program files (x86)/atmel/studio/7.0/toolchain/arm/arm-gnu-toolchain/bin/../lib/gcc/arm-none-eabi/4.9.3/../../../../arm-none-eabi/lib/armv7e-m\libc.a(lib_a-mallocr.o)
 .ARM.attributes
                0x000007ba       0x2e c:/program files (x86)/atmel/studio/7.0/toolchain/arm/arm-gnu-toolchain/bin/../lib/gcc/arm-none-eabi/4.9.3/../../../../arm-none-eabi/lib/armv7e-m\libc.a(lib_a-memchr.o)
 .ARM.attributes
                0x000007e8       0x1c c:/program files (x86)/atmel/studio/7.0/toolchain/arm/arm-gnu-toolchain/bin/../lib/gcc/arm-none-eabi/4.9.3/../../../../arm-none-eabi/lib/armv7e-m\libc.a(lib_a-memcpy.o)
 .ARM.attributes
                0x00000804       0x2e c:/program files (x86)/atmel/studio/7.0/toolchain/arm/arm-gnu-toolchain/bin/../lib/gcc/arm-none-eabi/4.9.3/../../../../arm-none-eabi/lib/armv7e-m\libc.a(lib_a-memmove.o)
 .ARM.attributes
                0x00000832       0x2e c:/program files (x86)/atmel/studio/7.0/toolchain/arm/arm-gnu-toolchain/bin/../lib/gcc/arm-none-eabi/4.9.3/../../../../arm-none-eabi/lib/armv7e-m\libc.a(lib_a-mlock.o)
 .ARM.attributes
                0x00000860       0x2e c:/program files (x86)/atmel/studio/7.0/toolchain/arm/arm-gnu-toolchain/bin/../lib/gcc/arm-none-eabi/4.9.3/../../../../arm-none-eabi/lib/armv7e-m\libc.a(lib_a-reallocr.o)
 .ARM.attributes
                0x0000088e       0x2e c:/program files (x86)/atmel/studio/7.0/toolchain/arm/arm-gnu-toolchain/bin/../lib/gcc/arm-none-eabi/4.9.3/../../../../arm-none-eabi/lib/armv7e-m\libc.a(lib_a-sbrkr.o)
 .ARM.attributes
                0x000008bc       0x2e c:/program files (x86)/atmel/studio/7.0/toolchain/arm/arm-gnu-toolchain/bin/../lib/gcc/arm-none-eabi/4.9.3/../../../../arm-none-eabi/lib/armv7e-m\libc.a(lib_a-stdio.o)
 .ARM.attributes
                0x000008ea       0x2e c:/program files (x86)/atmel/studio/7.0/toolchain/arm/arm-gnu-toolchain/bin/../lib/gcc/arm-none-eabi/4.9.3/../../../../arm-none-eabi/lib/armv7e-m\libc.a(lib_a-wbuf.o)
 .ARM.attributes
                0x00000918       0x2e c:/program files (x86)/atmel/studio/7.0/toolchain/arm/arm-gnu-toolchain/bin/../lib/gcc/arm-none-eabi/4.9.3/../../../../arm-none-eabi/lib/armv7e-m\libc.a(lib_a-wcrtomb.o)
 .ARM.attributes
                0x00000946       0x2e c:/program files (x86)/atmel/studio/7.0/toolchain/arm/arm-gnu-toolchain/bin/../lib/gcc/arm-none-eabi/4.9.3/../../../../arm-none-eabi/lib/armv7e-m\libc.a(lib_a-wctomb_r.o)
 .ARM.attributes
                0x00000974       0x2e c:/program files (x86)/atmel/studio/7.0/toolchain/arm/arm-gnu-toolchain/bin/../lib/gcc/arm-none-eabi/4.9.3/../../../../arm-none-eabi/lib/armv7e-m\libc.a(lib_a-writer.o)
 .ARM.attributes
                0x000009a2       0x2e c:/program files (x86)/atmel/studio/7.0/toolchain/arm/arm-gnu-toolchain/bin/../lib/gcc/arm-none-eabi/4.9.3/../../../../arm-none-eabi/lib/armv7e-m\libc.a(lib_a-__atexit.o)
 .ARM.attributes
                0x000009d0       0x2e c:/program files (x86)/atmel/studio/7.0/toolchain/arm/arm-gnu-toolchain/bin/../lib/gcc/arm-none-eabi/4.9.3/../../../../arm-none-eabi/lib/armv7e-m\libc.a(lib_a-closer.o)
 .ARM.attributes
                0x000009fe       0x2e c:/program files (x86)/atmel/studio/7.0/toolchain/arm/arm-gnu-toolchain/bin/../lib/gcc/arm-none-eabi/4.9.3/../../../../arm-none-eabi/lib/armv7e-m\libc.a(lib_a-fclose.o)
 .ARM.attributes
                0x00000a2c       0x2e c:/program files (x86)/atmel/studio/7.0/toolchain/arm/arm-gnu-toolchain/bin/../lib/gcc/arm-none-eabi/4.9.3/../../../../arm-none-eabi/lib/armv7e-m\libc.a(lib_a-fstatr.o)
 .ARM.attributes
                0x00000a5a       0x2e c:/program files (x86)/atmel/studio/7.0/toolchain/arm/arm-gnu-toolchain/bin/../lib/gcc/arm-none-eabi/4.9.3/../../../../arm-none-eabi/lib/armv7e-m\libc.a(lib_a-isattyr.o)
 .ARM.attributes
                0x00000a88       0x2e c:/program files (x86)/atmel/studio/7.0/toolchain/arm/arm-gnu-toolchain/bin/../lib/gcc/arm-none-eabi/4.9.3/../../../../arm-none-eabi/lib/armv7e-m\libc.a(lib_a-lseekr.o)
 .ARM.attributes
                0x00000ab6       0x2e c:/program files (x86)/atmel/studio/7.0/toolchain/arm/arm-gnu-toolchain/bin/../lib/gcc/arm-none-eabi/4.9.3/../../../../arm-none-eabi/lib/armv7e-m\libc.a(lib_a-readr.o)
 .ARM.attributes
                0x00000ae4       0x2e c:/program files (x86)/atmel/studio/7.0/toolchain/arm/arm-gnu-toolchain/bin/../lib/gcc/arm-none-eabi/4.9.3/../../../../arm-none-eabi/lib/armv7e-m\libc.a(lib_a-reent.o)
 .ARM.attributes
                0x00000b12       0x1e c:/program files (x86)/atmel/studio/7.0/toolchain/arm/arm-gnu-toolchain/bin/../lib/gcc/arm-none-eabi/4.9.3/armv7e-m\libgcc.a(_aeabi_uldivmod.o)
 .ARM.attributes
                0x00000b30       0x2e c:/program files (x86)/atmel/studio/7.0/toolchain/arm/arm-gnu-toolchain/bin/../lib/gcc/arm-none-eabi/4.9.3/armv7e-m\libgcc.a(bpabi.o)
 .ARM.attributes
                0x00000b5e       0x1e c:/program files (x86)/atmel/studio/7.0/toolchain/arm/arm-gnu-toolchain/bin/../lib/gcc/arm-none-eabi/4.9.3/armv7e-m\libgcc.a(_dvmd_tls.o)
 .ARM.attributes
                0x00000b7c       0x2e c:/program files (x86)/atmel/studio/7.0/toolchain/arm/arm-gnu-toolchain/bin/../lib/gcc/arm-none-eabi/4.9.3/armv7e-m\libgcc.a(_divdi3.o)
 .ARM.attributes
                0x00000baa       0x2e c:/program files (x86)/atmel/studio/7.0/toolchain/arm/arm-gnu-toolchain/bin/../lib/gcc/arm-none-eabi/4.9.3/armv7e-m\libgcc.a(_udivdi3.o)
 .ARM.attributes
                0x00000bd8       0x1e c:/program files (x86)/atmel/studio/7.0/toolchain/arm/arm-gnu-toolchain/bin/../lib/gcc/arm-none-eabi/4.9.3/armv7e-m/crtn.o

.comment        0x00000000       0x5b
 .comment       0x00000000       0x5b src/ASF/common/services/clock/sam4s/sysclk.o
                                 0x5c (size before relaxing)
 .comment       0x00000000       0x5c src/ASF/common/utils/interrupt/interrupt_sam_nvic.o
 .comment       0x00000000       0x5c src/ASF/common/utils/stdio/read.o
 .comment       0x00000000       0x5c src/ASF/common/utils/stdio/write.o
 .comment       0x00000000       0x5c src/ASF/sam/boards/sam4s_ek2/init.o
 .comment       0x00000000       0x5c src/ASF/sam/drivers/pio/pio.o
 .comment       0x00000000       0x5c src/ASF/sam/drivers/pio/pio_handler.o
 .comment       0x00000000       0x5c src/ASF/sam/drivers/pmc/pmc.o
 .comment       0x00000000       0x5c src/ASF/sam/drivers/pmc/sleep.o
 .comment       0x00000000       0x5c src/ASF/sam/drivers/tc/tc.o
 .comment       0x00000000       0x5c src/ASF/sam/drivers/uart/uart.o
 .comment       0x00000000       0x5c src/ASF/sam/drivers/usart/usart.o
 .comment       0x00000000       0x5c src/ASF/sam/utils/cmsis/sam4s/source/templates/gcc/startup_sam4s.o
 .comment       0x00000000       0x5c src/ASF/sam/utils/cmsis/sam4s/source/templates/system_sam4s.o
 .comment       0x00000000       0x5c src/ASF/sam/utils/syscalls/gcc/syscalls.o
 .comment       0x00000000       0x5c src/main.o

.debug_info     0x00000000     0xa3fa
 .debug_info    0x00000000      0x68d src/ASF/common/services/clock/sam4s/sysclk.o
 .debug_info    0x0000068d      0x1e9 src/ASF/common/utils/interrupt/interrupt_sam_nvic.o
 .debug_info    0x00000876      0x1ae src/ASF/common/utils/stdio/read.o
 .debug_info    0x00000a24      0x1bc src/ASF/common/utils/stdio/write.o
 .debug_info    0x00000be0      0x745 src/ASF/sam/boards/sam4s_ek2/init.o
 .debug_info    0x00001325     0x136b src/ASF/sam/drivers/pio/pio.o
 .debug_info    0x00002690      0xdde src/ASF/sam/drivers/pio/pio_handler.o
 .debug_info    0x0000346e     0x10ba src/ASF/sam/drivers/pmc/pmc.o
 .debug_info    0x00004528      0xa2a src/ASF/sam/drivers/pmc/sleep.o
 .debug_info    0x00004f52      0x93f src/ASF/sam/drivers/tc/tc.o
 .debug_info    0x00005891      0x880 src/ASF/sam/drivers/uart/uart.o
 .debug_info    0x00006111     0x14b2 src/ASF/sam/drivers/usart/usart.o
 .debug_info    0x000075c3      0x681 src/ASF/sam/utils/cmsis/sam4s/source/templates/gcc/startup_sam4s.o
 .debug_info    0x00007c44      0x46d src/ASF/sam/utils/cmsis/sam4s/source/templates/system_sam4s.o
 .debug_info    0x000080b1      0x434 src/ASF/sam/utils/syscalls/gcc/syscalls.o
 .debug_info    0x000084e5     0x1f15 src/main.o

.debug_abbrev   0x00000000     0x1988
 .debug_abbrev  0x00000000      0x1b4 src/ASF/common/services/clock/sam4s/sysclk.o
 .debug_abbrev  0x000001b4       0xef src/ASF/common/utils/interrupt/interrupt_sam_nvic.o
 .debug_abbrev  0x000002a3       0xdd src/ASF/common/utils/stdio/read.o
 .debug_abbrev  0x00000380       0xe6 src/ASF/common/utils/stdio/write.o
 .debug_abbrev  0x00000466      0x150 src/ASF/sam/boards/sam4s_ek2/init.o
 .debug_abbrev  0x000005b6      0x1c4 src/ASF/sam/drivers/pio/pio.o
 .debug_abbrev  0x0000077a      0x229 src/ASF/sam/drivers/pio/pio_handler.o
 .debug_abbrev  0x000009a3      0x20d src/ASF/sam/drivers/pmc/pmc.o
 .debug_abbrev  0x00000bb0      0x1f9 src/ASF/sam/drivers/pmc/sleep.o
 .debug_abbrev  0x00000da9      0x158 src/ASF/sam/drivers/tc/tc.o
 .debug_abbrev  0x00000f01      0x183 src/ASF/sam/drivers/uart/uart.o
 .debug_abbrev  0x00001084      0x214 src/ASF/sam/drivers/usart/usart.o
 .debug_abbrev  0x00001298      0x15f src/ASF/sam/utils/cmsis/sam4s/source/templates/gcc/startup_sam4s.o
 .debug_abbrev  0x000013f7       0xf5 src/ASF/sam/utils/cmsis/sam4s/source/templates/system_sam4s.o
 .debug_abbrev  0x000014ec      0x11d src/ASF/sam/utils/syscalls/gcc/syscalls.o
 .debug_abbrev  0x00001609      0x37f src/main.o

.debug_loc      0x00000000     0x6352
 .debug_loc     0x00000000      0x424 src/ASF/common/services/clock/sam4s/sysclk.o
 .debug_loc     0x00000424       0xa0 src/ASF/common/utils/interrupt/interrupt_sam_nvic.o
 .debug_loc     0x000004c4       0x50 src/ASF/common/utils/stdio/read.o
 .debug_loc     0x00000514       0x50 src/ASF/common/utils/stdio/write.o
 .debug_loc     0x00000564       0xa8 src/ASF/sam/boards/sam4s_ek2/init.o
 .debug_loc     0x0000060c     0x1174 src/ASF/sam/drivers/pio/pio.o
 .debug_loc     0x00001780      0x390 src/ASF/sam/drivers/pio/pio_handler.o
 .debug_loc     0x00001b10     0x1450 src/ASF/sam/drivers/pmc/pmc.o
 .debug_loc     0x00002f60       0xe6 src/ASF/sam/drivers/pmc/sleep.o
 .debug_loc     0x00003046      0x844 src/ASF/sam/drivers/tc/tc.o
 .debug_loc     0x0000388a      0x958 src/ASF/sam/drivers/uart/uart.o
 .debug_loc     0x000041e2     0x17d4 src/ASF/sam/drivers/usart/usart.o
 .debug_loc     0x000059b6       0x64 src/ASF/sam/utils/cmsis/sam4s/source/templates/gcc/startup_sam4s.o
 .debug_loc     0x00005a1a       0xe4 src/ASF/sam/utils/cmsis/sam4s/source/templates/system_sam4s.o
 .debug_loc     0x00005afe      0x300 src/ASF/sam/utils/syscalls/gcc/syscalls.o
 .debug_loc     0x00005dfe      0x554 src/main.o

.debug_aranges  0x00000000      0xad0
 .debug_aranges
                0x00000000       0x88 src/ASF/common/services/clock/sam4s/sysclk.o
 .debug_aranges
                0x00000088       0x28 src/ASF/common/utils/interrupt/interrupt_sam_nvic.o
 .debug_aranges
                0x000000b0       0x20 src/ASF/common/utils/stdio/read.o
 .debug_aranges
                0x000000d0       0x20 src/ASF/common/utils/stdio/write.o
 .debug_aranges
                0x000000f0       0x30 src/ASF/sam/boards/sam4s_ek2/init.o
 .debug_aranges
                0x00000120      0x1a8 src/ASF/sam/drivers/pio/pio.o
 .debug_aranges
                0x000002c8       0x78 src/ASF/sam/drivers/pio/pio_handler.o
 .debug_aranges
                0x00000340      0x208 src/ASF/sam/drivers/pmc/pmc.o
 .debug_aranges
                0x00000548       0x30 src/ASF/sam/drivers/pmc/sleep.o
 .debug_aranges
                0x00000578       0xd0 src/ASF/sam/drivers/tc/tc.o
 .debug_aranges
                0x00000648       0xe8 src/ASF/sam/drivers/uart/uart.o
 .debug_aranges
                0x00000730      0x238 src/ASF/sam/drivers/usart/usart.o
 .debug_aranges
                0x00000968       0x28 src/ASF/sam/utils/cmsis/sam4s/source/templates/gcc/startup_sam4s.o
 .debug_aranges
                0x00000990       0x30 src/ASF/sam/utils/cmsis/sam4s/source/templates/system_sam4s.o
 .debug_aranges
                0x000009c0       0x60 src/ASF/sam/utils/syscalls/gcc/syscalls.o
 .debug_aranges
                0x00000a20       0xb0 src/main.o

.debug_ranges   0x00000000      0x9d0
 .debug_ranges  0x00000000       0x78 src/ASF/common/services/clock/sam4s/sysclk.o
 .debug_ranges  0x00000078       0x18 src/ASF/common/utils/interrupt/interrupt_sam_nvic.o
 .debug_ranges  0x00000090       0x10 src/ASF/common/utils/stdio/read.o
 .debug_ranges  0x000000a0       0x10 src/ASF/common/utils/stdio/write.o
 .debug_ranges  0x000000b0       0x20 src/ASF/sam/boards/sam4s_ek2/init.o
 .debug_ranges  0x000000d0      0x198 src/ASF/sam/drivers/pio/pio.o
 .debug_ranges  0x00000268       0x68 src/ASF/sam/drivers/pio/pio_handler.o
 .debug_ranges  0x000002d0      0x1f8 src/ASF/sam/drivers/pmc/pmc.o
 .debug_ranges  0x000004c8       0x20 src/ASF/sam/drivers/pmc/sleep.o
 .debug_ranges  0x000004e8       0xc0 src/ASF/sam/drivers/tc/tc.o
 .debug_ranges  0x000005a8       0xd8 src/ASF/sam/drivers/uart/uart.o
 .debug_ranges  0x00000680      0x228 src/ASF/sam/drivers/usart/usart.o
 .debug_ranges  0x000008a8       0x18 src/ASF/sam/utils/cmsis/sam4s/source/templates/gcc/startup_sam4s.o
 .debug_ranges  0x000008c0       0x20 src/ASF/sam/utils/cmsis/sam4s/source/templates/system_sam4s.o
 .debug_ranges  0x000008e0       0x50 src/ASF/sam/utils/syscalls/gcc/syscalls.o
 .debug_ranges  0x00000930       0xa0 src/main.o

.debug_macro    0x00000000     0x5e78
 .debug_macro   0x00000000      0x522 src/ASF/common/services/clock/sam4s/sysclk.o
 .debug_macro   0x00000522       0x28 src/ASF/common/services/clock/sam4s/sysclk.o
 .debug_macro   0x0000054a      0x288 src/ASF/common/services/clock/sam4s/sysclk.o
 .debug_macro   0x000007d2      0xa49 src/ASF/common/services/clock/sam4s/sysclk.o
 .debug_macro   0x0000121b       0x58 src/ASF/common/services/clock/sam4s/sysclk.o
 .debug_macro   0x00001273       0x64 src/ASF/common/services/clock/sam4s/sysclk.o
 .debug_macro   0x000012d7       0x46 src/ASF/common/services/clock/sam4s/sysclk.o
 .debug_macro   0x0000131d       0x90 src/ASF/common/services/clock/sam4s/sysclk.o
 .debug_macro   0x000013ad      0x4a8 src/ASF/common/utils/interrupt/interrupt_sam_nvic.o
 .debug_macro   0x00001855      0x4a8 src/ASF/common/utils/stdio/read.o
 .debug_macro   0x00001cfd      0x4a8 src/ASF/common/utils/stdio/write.o
 .debug_macro   0x000021a5      0x561 src/ASF/sam/boards/sam4s_ek2/init.o
 .debug_macro   0x00002706       0x58 src/ASF/sam/boards/sam4s_ek2/init.o
 .debug_macro   0x0000275e       0x94 src/ASF/sam/boards/sam4s_ek2/init.o
 .debug_macro   0x000027f2       0x40 src/ASF/sam/boards/sam4s_ek2/init.o
 .debug_macro   0x00002832       0x82 src/ASF/sam/boards/sam4s_ek2/init.o
 .debug_macro   0x000028b4      0x4bd src/ASF/sam/drivers/pio/pio.o
 .debug_macro   0x00002d71       0x8e src/ASF/sam/drivers/pio/pio.o
 .debug_macro   0x00002dff      0x4c7 src/ASF/sam/drivers/pio/pio_handler.o
 .debug_macro   0x000032c6      0x4bd src/ASF/sam/drivers/pmc/pmc.o
 .debug_macro   0x00003783       0x52 src/ASF/sam/drivers/pmc/pmc.o
 .debug_macro   0x000037d5      0x4d7 src/ASF/sam/drivers/pmc/sleep.o
 .debug_macro   0x00003cac       0x34 src/ASF/sam/drivers/pmc/sleep.o
 .debug_macro   0x00003ce0      0x4be src/ASF/sam/drivers/tc/tc.o
 .debug_macro   0x0000419e       0x16 src/ASF/sam/drivers/tc/tc.o
 .debug_macro   0x000041b4       0x4a src/ASF/sam/drivers/tc/tc.o
 .debug_macro   0x000041fe       0x1c src/ASF/sam/drivers/tc/tc.o
 .debug_macro   0x0000421a      0x4b7 src/ASF/sam/drivers/uart/uart.o
 .debug_macro   0x000046d1       0x16 src/ASF/sam/drivers/uart/uart.o
 .debug_macro   0x000046e7      0x4ed src/ASF/sam/drivers/usart/usart.o
 .debug_macro   0x00004bd4       0x28 src/ASF/sam/drivers/usart/usart.o
 .debug_macro   0x00004bfc      0x316 src/ASF/sam/utils/cmsis/sam4s/source/templates/gcc/startup_sam4s.o
 .debug_macro   0x00004f12      0x31e src/ASF/sam/utils/cmsis/sam4s/source/templates/system_sam4s.o
 .debug_macro   0x00005230      0x169 src/ASF/sam/utils/syscalls/gcc/syscalls.o
 .debug_macro   0x00005399       0x97 src/ASF/sam/utils/syscalls/gcc/syscalls.o
 .debug_macro   0x00005430       0xef src/ASF/sam/utils/syscalls/gcc/syscalls.o
 .debug_macro   0x0000551f       0x52 src/ASF/sam/utils/syscalls/gcc/syscalls.o
 .debug_macro   0x00005571       0x16 src/ASF/sam/utils/syscalls/gcc/syscalls.o
 .debug_macro   0x00005587       0x10 src/ASF/sam/utils/syscalls/gcc/syscalls.o
 .debug_macro   0x00005597       0x10 src/ASF/sam/utils/syscalls/gcc/syscalls.o
 .debug_macro   0x000055a7       0x10 src/ASF/sam/utils/syscalls/gcc/syscalls.o
 .debug_macro   0x000055b7       0x35 src/ASF/sam/utils/syscalls/gcc/syscalls.o
 .debug_macro   0x000055ec      0x122 src/ASF/sam/utils/syscalls/gcc/syscalls.o
 .debug_macro   0x0000570e      0x671 src/main.o
 .debug_macro   0x00005d7f       0x28 src/main.o
 .debug_macro   0x00005da7       0x23 src/main.o
 .debug_macro   0x00005dca       0x88 src/main.o
 .debug_macro   0x00005e52       0x10 src/main.o
 .debug_macro   0x00005e62       0x16 src/main.o

.debug_line     0x00000000     0xb942
 .debug_line    0x00000000      0xc60 src/ASF/common/services/clock/sam4s/sysclk.o
 .debug_line    0x00000c60      0xa4d src/ASF/common/utils/interrupt/interrupt_sam_nvic.o
 .debug_line    0x000016ad      0xa2f src/ASF/common/utils/stdio/read.o
 .debug_line    0x000020dc      0xa2c src/ASF/common/utils/stdio/write.o
 .debug_line    0x00002b08      0xc3a src/ASF/sam/boards/sam4s_ek2/init.o
 .debug_line    0x00003742      0xe3a src/ASF/sam/drivers/pio/pio.o
 .debug_line    0x0000457c      0xb2e src/ASF/sam/drivers/pio/pio_handler.o
 .debug_line    0x000050aa     0x1021 src/ASF/sam/drivers/pmc/pmc.o
 .debug_line    0x000060cb      0xb95 src/ASF/sam/drivers/pmc/sleep.o
 .debug_line    0x00006c60      0xbd3 src/ASF/sam/drivers/tc/tc.o
 .debug_line    0x00007833      0xbf6 src/ASF/sam/drivers/uart/uart.o
 .debug_line    0x00008429     0x1000 src/ASF/sam/drivers/usart/usart.o
 .debug_line    0x00009429      0x88c src/ASF/sam/utils/cmsis/sam4s/source/templates/gcc/startup_sam4s.o
 .debug_line    0x00009cb5      0x8b3 src/ASF/sam/utils/cmsis/sam4s/source/templates/system_sam4s.o
 .debug_line    0x0000a568      0x3a2 src/ASF/sam/utils/syscalls/gcc/syscalls.o
 .debug_line    0x0000a90a     0x1038 src/main.o

.debug_str      0x00000000    0x52d17
 .debug_str     0x00000000    0x4e4f3 src/ASF/common/services/clock/sam4s/sysclk.o
                              0x4e871 (size before relaxing)
 .debug_str     0x0004e4f3       0x94 src/ASF/common/utils/interrupt/interrupt_sam_nvic.o
                              0x49c5f (size before relaxing)
 .debug_str     0x0004e587       0x3f src/ASF/common/utils/stdio/read.o
                              0x49c0e (size before relaxing)
 .debug_str     0x0004e5c6       0x2e src/ASF/common/utils/stdio/write.o
                              0x49c10 (size before relaxing)
 .debug_str     0x0004e5f4      0xcc4 src/ASF/sam/boards/sam4s_ek2/init.o
                              0x4f2a8 (size before relaxing)
 .debug_str     0x0004f2b8      0x5d2 src/ASF/sam/drivers/pio/pio.o
                              0x4a823 (size before relaxing)
 .debug_str     0x0004f88a      0x402 src/ASF/sam/drivers/pio/pio_handler.o
                              0x4a69e (size before relaxing)
 .debug_str     0x0004fc8c      0x6df src/ASF/sam/drivers/pmc/pmc.o
                              0x4a672 (size before relaxing)
 .debug_str     0x0005036b      0x24a src/ASF/sam/drivers/pmc/sleep.o
                              0x4e2f4 (size before relaxing)
 .debug_str     0x000505b5      0x35f src/ASF/sam/drivers/tc/tc.o
                              0x49f6e (size before relaxing)
 .debug_str     0x00050914      0x343 src/ASF/sam/drivers/uart/uart.o
                              0x49fc2 (size before relaxing)
 .debug_str     0x00050c57      0x958 src/ASF/sam/drivers/usart/usart.o
                              0x4a608 (size before relaxing)
 .debug_str     0x000515af      0x40e src/ASF/sam/utils/cmsis/sam4s/source/templates/gcc/startup_sam4s.o
                              0x3b47e (size before relaxing)
 .debug_str     0x000519bd       0xcd src/ASF/sam/utils/cmsis/sam4s/source/templates/system_sam4s.o
                              0x3b247 (size before relaxing)
 .debug_str     0x00051a8a      0x852 src/ASF/sam/utils/syscalls/gcc/syscalls.o
                               0x6112 (size before relaxing)
 .debug_str     0x000522dc      0xa3b src/main.o
                              0x50555 (size before relaxing)

.debug_frame    0x00000000     0x3a78
 .debug_frame   0x00000000      0x200 src/ASF/common/services/clock/sam4s/sysclk.o
 .debug_frame   0x00000200       0x58 src/ASF/common/utils/interrupt/interrupt_sam_nvic.o
 .debug_frame   0x00000258       0x34 src/ASF/common/utils/stdio/read.o
 .debug_frame   0x0000028c       0x34 src/ASF/common/utils/stdio/write.o
 .debug_frame   0x000002c0       0x6c src/ASF/sam/boards/sam4s_ek2/init.o
 .debug_frame   0x0000032c      0x7c0 src/ASF/sam/drivers/pio/pio.o
 .debug_frame   0x00000aec      0x1c0 src/ASF/sam/drivers/pio/pio_handler.o
 .debug_frame   0x00000cac      0x918 src/ASF/sam/drivers/pmc/pmc.o
 .debug_frame   0x000015c4       0x80 src/ASF/sam/drivers/pmc/sleep.o
 .debug_frame   0x00001644      0x3a8 src/ASF/sam/drivers/tc/tc.o
 .debug_frame   0x000019ec      0x420 src/ASF/sam/drivers/uart/uart.o
 .debug_frame   0x00001e0c      0xa7c src/ASF/sam/drivers/usart/usart.o
 .debug_frame   0x00002888       0x48 src/ASF/sam/utils/cmsis/sam4s/source/templates/gcc/startup_sam4s.o
 .debug_frame   0x000028d0       0x78 src/ASF/sam/utils/cmsis/sam4s/source/templates/system_sam4s.o
 .debug_frame   0x00002948      0x168 src/ASF/sam/utils/syscalls/gcc/syscalls.o
 .debug_frame   0x00002ab0      0x2a0 src/main.o
 .debug_frame   0x00002d50       0x2c c:/program files (x86)/atmel/studio/7.0/toolchain/arm/arm-gnu-toolchain/bin/../lib/gcc/arm-none-eabi/4.9.3/../../../../arm-none-eabi/lib/armv7e-m\libc.a(lib_a-init.o)
 .debug_frame   0x00002d7c       0x74 c:/program files (x86)/atmel/studio/7.0/toolchain/arm/arm-gnu-toolchain/bin/../lib/gcc/arm-none-eabi/4.9.3/../../../../arm-none-eabi/lib/armv7e-m\libc.a(lib_a-iprintf.o)
 .debug_frame   0x00002df0       0x34 c:/program files (x86)/atmel/studio/7.0/toolchain/arm/arm-gnu-toolchain/bin/../lib/gcc/arm-none-eabi/4.9.3/../../../../arm-none-eabi/lib/armv7e-m\libc.a(lib_a-memset.o)
 .debug_frame   0x00002e24       0x44 c:/program files (x86)/atmel/studio/7.0/toolchain/arm/arm-gnu-toolchain/bin/../lib/gcc/arm-none-eabi/4.9.3/../../../../arm-none-eabi/lib/armv7e-m\libc.a(lib_a-puts.o)
 .debug_frame   0x00002e68       0x20 c:/program files (x86)/atmel/studio/7.0/toolchain/arm/arm-gnu-toolchain/bin/../lib/gcc/arm-none-eabi/4.9.3/../../../../arm-none-eabi/lib/armv7e-m\libc.a(lib_a-setbuf.o)
 .debug_frame   0x00002e88       0x30 c:/program files (x86)/atmel/studio/7.0/toolchain/arm/arm-gnu-toolchain/bin/../lib/gcc/arm-none-eabi/4.9.3/../../../../arm-none-eabi/lib/armv7e-m\libc.a(lib_a-setvbuf.o)
 .debug_frame   0x00002eb8       0x20 c:/program files (x86)/atmel/studio/7.0/toolchain/arm/arm-gnu-toolchain/bin/../lib/gcc/arm-none-eabi/4.9.3/../../../../arm-none-eabi/lib/armv7e-m\libc.a(lib_a-strlen.o)
 .debug_frame   0x00002ed8       0xd8 c:/program files (x86)/atmel/studio/7.0/toolchain/arm/arm-gnu-toolchain/bin/../lib/gcc/arm-none-eabi/4.9.3/../../../../arm-none-eabi/lib/armv7e-m\libc.a(lib_a-vfiprintf.o)
 .debug_frame   0x00002fb0       0x2c c:/program files (x86)/atmel/studio/7.0/toolchain/arm/arm-gnu-toolchain/bin/../lib/gcc/arm-none-eabi/4.9.3/../../../../arm-none-eabi/lib/armv7e-m\libc.a(lib_a-wsetup.o)
 .debug_frame   0x00002fdc       0x50 c:/program files (x86)/atmel/studio/7.0/toolchain/arm/arm-gnu-toolchain/bin/../lib/gcc/arm-none-eabi/4.9.3/../../../../arm-none-eabi/lib/armv7e-m\libc.a(lib_a-__call_atexit.o)
 .debug_frame   0x0000302c       0x20 c:/program files (x86)/atmel/studio/7.0/toolchain/arm/arm-gnu-toolchain/bin/../lib/gcc/arm-none-eabi/4.9.3/../../../../arm-none-eabi/lib/armv7e-m\libc.a(lib_a-atexit.o)
 .debug_frame   0x0000304c       0x6c c:/program files (x86)/atmel/studio/7.0/toolchain/arm/arm-gnu-toolchain/bin/../lib/gcc/arm-none-eabi/4.9.3/../../../../arm-none-eabi/lib/armv7e-m\libc.a(lib_a-fflush.o)
 .debug_frame   0x000030b8      0x124 c:/program files (x86)/atmel/studio/7.0/toolchain/arm/arm-gnu-toolchain/bin/../lib/gcc/arm-none-eabi/4.9.3/../../../../arm-none-eabi/lib/armv7e-m\libc.a(lib_a-findfp.o)
 .debug_frame   0x000031dc       0x34 c:/program files (x86)/atmel/studio/7.0/toolchain/arm/arm-gnu-toolchain/bin/../lib/gcc/arm-none-eabi/4.9.3/../../../../arm-none-eabi/lib/armv7e-m\libc.a(lib_a-fini.o)
 .debug_frame   0x00003210       0x84 c:/program files (x86)/atmel/studio/7.0/toolchain/arm/arm-gnu-toolchain/bin/../lib/gcc/arm-none-eabi/4.9.3/../../../../arm-none-eabi/lib/armv7e-m\libc.a(lib_a-fputwc.o)
 .debug_frame   0x00003294       0x74 c:/program files (x86)/atmel/studio/7.0/toolchain/arm/arm-gnu-toolchain/bin/../lib/gcc/arm-none-eabi/4.9.3/../../../../arm-none-eabi/lib/armv7e-m\libc.a(lib_a-freer.o)
 .debug_frame   0x00003308       0x68 c:/program files (x86)/atmel/studio/7.0/toolchain/arm/arm-gnu-toolchain/bin/../lib/gcc/arm-none-eabi/4.9.3/../../../../arm-none-eabi/lib/armv7e-m\libc.a(lib_a-fvwrite.o)
 .debug_frame   0x00003370       0x54 c:/program files (x86)/atmel/studio/7.0/toolchain/arm/arm-gnu-toolchain/bin/../lib/gcc/arm-none-eabi/4.9.3/../../../../arm-none-eabi/lib/armv7e-m\libc.a(lib_a-fwalk.o)
 .debug_frame   0x000033c4       0x9c c:/program files (x86)/atmel/studio/7.0/toolchain/arm/arm-gnu-toolchain/bin/../lib/gcc/arm-none-eabi/4.9.3/../../../../arm-none-eabi/lib/armv7e-m\libc.a(lib_a-locale.o)
 .debug_frame   0x00003460       0x48 c:/program files (x86)/atmel/studio/7.0/toolchain/arm/arm-gnu-toolchain/bin/../lib/gcc/arm-none-eabi/4.9.3/../../../../arm-none-eabi/lib/armv7e-m\libc.a(lib_a-makebuf.o)
 .debug_frame   0x000034a8       0x30 c:/program files (x86)/atmel/studio/7.0/toolchain/arm/arm-gnu-toolchain/bin/../lib/gcc/arm-none-eabi/4.9.3/../../../../arm-none-eabi/lib/armv7e-m\libc.a(lib_a-malloc.o)
 .debug_frame   0x000034d8       0x58 c:/program files (x86)/atmel/studio/7.0/toolchain/arm/arm-gnu-toolchain/bin/../lib/gcc/arm-none-eabi/4.9.3/../../../../arm-none-eabi/lib/armv7e-m\libc.a(lib_a-mallocr.o)
 .debug_frame   0x00003530       0x3c c:/program files (x86)/atmel/studio/7.0/toolchain/arm/arm-gnu-toolchain/bin/../lib/gcc/arm-none-eabi/4.9.3/../../../../arm-none-eabi/lib/armv7e-m\libc.a(lib_a-memchr.o)
 .debug_frame   0x0000356c       0x30 c:/program files (x86)/atmel/studio/7.0/toolchain/arm/arm-gnu-toolchain/bin/../lib/gcc/arm-none-eabi/4.9.3/../../../../arm-none-eabi/lib/armv7e-m\libc.a(lib_a-memmove.o)
 .debug_frame   0x0000359c       0x30 c:/program files (x86)/atmel/studio/7.0/toolchain/arm/arm-gnu-toolchain/bin/../lib/gcc/arm-none-eabi/4.9.3/../../../../arm-none-eabi/lib/armv7e-m\libc.a(lib_a-mlock.o)
 .debug_frame   0x000035cc       0x60 c:/program files (x86)/atmel/studio/7.0/toolchain/arm/arm-gnu-toolchain/bin/../lib/gcc/arm-none-eabi/4.9.3/../../../../arm-none-eabi/lib/armv7e-m\libc.a(lib_a-reallocr.o)
 .debug_frame   0x0000362c       0x2c c:/program files (x86)/atmel/studio/7.0/toolchain/arm/arm-gnu-toolchain/bin/../lib/gcc/arm-none-eabi/4.9.3/../../../../arm-none-eabi/lib/armv7e-m\libc.a(lib_a-sbrkr.o)
 .debug_frame   0x00003658       0x88 c:/program files (x86)/atmel/studio/7.0/toolchain/arm/arm-gnu-toolchain/bin/../lib/gcc/arm-none-eabi/4.9.3/../../../../arm-none-eabi/lib/armv7e-m\libc.a(lib_a-stdio.o)
 .debug_frame   0x000036e0       0x3c c:/program files (x86)/atmel/studio/7.0/toolchain/arm/arm-gnu-toolchain/bin/../lib/gcc/arm-none-eabi/4.9.3/../../../../arm-none-eabi/lib/armv7e-m\libc.a(lib_a-wbuf.o)
 .debug_frame   0x0000371c       0x60 c:/program files (x86)/atmel/studio/7.0/toolchain/arm/arm-gnu-toolchain/bin/../lib/gcc/arm-none-eabi/4.9.3/../../../../arm-none-eabi/lib/armv7e-m\libc.a(lib_a-wcrtomb.o)
 .debug_frame   0x0000377c       0x48 c:/program files (x86)/atmel/studio/7.0/toolchain/arm/arm-gnu-toolchain/bin/../lib/gcc/arm-none-eabi/4.9.3/../../../../arm-none-eabi/lib/armv7e-m\libc.a(lib_a-wctomb_r.o)
 .debug_frame   0x000037c4       0x2c c:/program files (x86)/atmel/studio/7.0/toolchain/arm/arm-gnu-toolchain/bin/../lib/gcc/arm-none-eabi/4.9.3/../../../../arm-none-eabi/lib/armv7e-m\libc.a(lib_a-writer.o)
 .debug_frame   0x000037f0       0x34 c:/program files (x86)/atmel/studio/7.0/toolchain/arm/arm-gnu-toolchain/bin/../lib/gcc/arm-none-eabi/4.9.3/../../../../arm-none-eabi/lib/armv7e-m\libc.a(lib_a-__atexit.o)
 .debug_frame   0x00003824       0x2c c:/program files (x86)/atmel/studio/7.0/toolchain/arm/arm-gnu-toolchain/bin/../lib/gcc/arm-none-eabi/4.9.3/../../../../arm-none-eabi/lib/armv7e-m\libc.a(lib_a-closer.o)
 .debug_frame   0x00003850       0x44 c:/program files (x86)/atmel/studio/7.0/toolchain/arm/arm-gnu-toolchain/bin/../lib/gcc/arm-none-eabi/4.9.3/../../../../arm-none-eabi/lib/armv7e-m\libc.a(lib_a-fclose.o)
 .debug_frame   0x00003894       0x2c c:/program files (x86)/atmel/studio/7.0/toolchain/arm/arm-gnu-toolchain/bin/../lib/gcc/arm-none-eabi/4.9.3/../../../../arm-none-eabi/lib/armv7e-m\libc.a(lib_a-fstatr.o)
 .debug_frame   0x000038c0       0x2c c:/program files (x86)/atmel/studio/7.0/toolchain/arm/arm-gnu-toolchain/bin/../lib/gcc/arm-none-eabi/4.9.3/../../../../arm-none-eabi/lib/armv7e-m\libc.a(lib_a-isattyr.o)
 .debug_frame   0x000038ec       0x2c c:/program files (x86)/atmel/studio/7.0/toolchain/arm/arm-gnu-toolchain/bin/../lib/gcc/arm-none-eabi/4.9.3/../../../../arm-none-eabi/lib/armv7e-m\libc.a(lib_a-lseekr.o)
 .debug_frame   0x00003918       0x2c c:/program files (x86)/atmel/studio/7.0/toolchain/arm/arm-gnu-toolchain/bin/../lib/gcc/arm-none-eabi/4.9.3/../../../../arm-none-eabi/lib/armv7e-m\libc.a(lib_a-readr.o)
 .debug_frame   0x00003944       0x58 c:/program files (x86)/atmel/studio/7.0/toolchain/arm/arm-gnu-toolchain/bin/../lib/gcc/arm-none-eabi/4.9.3/../../../../arm-none-eabi/lib/armv7e-m\libc.a(lib_a-reent.o)
 .debug_frame   0x0000399c       0x28 c:/program files (x86)/atmel/studio/7.0/toolchain/arm/arm-gnu-toolchain/bin/../lib/gcc/arm-none-eabi/4.9.3/armv7e-m\libgcc.a(_aeabi_uldivmod.o)
 .debug_frame   0x000039c4       0x50 c:/program files (x86)/atmel/studio/7.0/toolchain/arm/arm-gnu-toolchain/bin/../lib/gcc/arm-none-eabi/4.9.3/armv7e-m\libgcc.a(bpabi.o)
 .debug_frame   0x00003a14       0x34 c:/program files (x86)/atmel/studio/7.0/toolchain/arm/arm-gnu-toolchain/bin/../lib/gcc/arm-none-eabi/4.9.3/armv7e-m\libgcc.a(_divdi3.o)
 .debug_frame   0x00003a48       0x30 c:/program files (x86)/atmel/studio/7.0/toolchain/arm/arm-gnu-toolchain/bin/../lib/gcc/arm-none-eabi/4.9.3/armv7e-m\libgcc.a(_udivdi3.o)

Cross Reference Table

Symbol                                            File
ACC_Handler                                       src/ASF/sam/utils/cmsis/sam4s/source/templates/gcc/startup_sam4s.o
ADC_Handler                                       src/ASF/sam/utils/cmsis/sam4s/source/templates/gcc/startup_sam4s.o
BusFault_Handler                                  src/ASF/sam/utils/cmsis/sam4s/source/templates/gcc/startup_sam4s.o
CRCCU_Handler                                     src/ASF/sam/utils/cmsis/sam4s/source/templates/gcc/startup_sam4s.o
DACC_Handler                                      src/ASF/sam/utils/cmsis/sam4s/source/templates/gcc/startup_sam4s.o
DebugMon_Handler                                  src/ASF/sam/utils/cmsis/sam4s/source/templates/gcc/startup_sam4s.o
Dummy_Handler                                     src/ASF/sam/utils/cmsis/sam4s/source/templates/gcc/startup_sam4s.o
EFC0_Handler                                      src/ASF/sam/utils/cmsis/sam4s/source/templates/gcc/startup_sam4s.o
EFC1_Handler                                      src/ASF/sam/utils/cmsis/sam4s/source/templates/gcc/startup_sam4s.o
HSMCI_Handler                                     src/ASF/sam/utils/cmsis/sam4s/source/templates/gcc/startup_sam4s.o
HardFault_Handler                                 src/ASF/sam/utils/cmsis/sam4s/source/templates/gcc/startup_sam4s.o
LED_Off                                           src/ASF/sam/boards/sam4s_ek2/led.o
LED_On                                            src/ASF/sam/boards/sam4s_ek2/led.o
MemManage_Handler                                 src/ASF/sam/utils/cmsis/sam4s/source/templates/gcc/startup_sam4s.o
NMI_Handler                                       src/ASF/sam/utils/cmsis/sam4s/source/templates/gcc/startup_sam4s.o
PIOA_Handler                                      src/ASF/sam/drivers/pio/pio_handler.o
PIOB_Handler                                      src/ASF/sam/drivers/pio/pio_handler.o
PIOC_Handler                                      src/ASF/sam/drivers/pio/pio_handler.o
PMC_Handler                                       src/ASF/sam/utils/cmsis/sam4s/source/templates/gcc/startup_sam4s.o
PWM_Handler                                       src/ASF/sam/utils/cmsis/sam4s/source/templates/gcc/startup_sam4s.o
PendSV_Handler                                    src/ASF/sam/utils/cmsis/sam4s/source/templates/gcc/startup_sam4s.o
RSTC_Handler                                      src/ASF/sam/utils/cmsis/sam4s/source/templates/gcc/startup_sam4s.o
RTC_Handler                                       src/ASF/sam/utils/cmsis/sam4s/source/templates/gcc/startup_sam4s.o
RTT_Handler                                       src/ASF/sam/utils/cmsis/sam4s/source/templates/gcc/startup_sam4s.o
Reset_Handler                                     src/ASF/sam/utils/cmsis/sam4s/source/templates/gcc/startup_sam4s.o
SPI_Handler                                       src/ASF/sam/utils/cmsis/sam4s/source/templates/gcc/startup_sam4s.o
SSC_Handler                                       src/ASF/sam/utils/cmsis/sam4s/source/templates/gcc/startup_sam4s.o
SUPC_Handler                                      src/ASF/sam/utils/cmsis/sam4s/source/templates/gcc/startup_sam4s.o
SVC_Handler                                       src/ASF/sam/utils/cmsis/sam4s/source/templates/gcc/startup_sam4s.o
SysTick_Handler                                   src/ASF/sam/utils/cmsis/sam4s/source/templates/gcc/startup_sam4s.o
SystemCoreClock                                   src/ASF/sam/utils/cmsis/sam4s/source/templates/system_sam4s.o
SystemCoreClockUpdate                             src/ASF/sam/utils/cmsis/sam4s/source/templates/system_sam4s.o
                                                  src/ASF/common/services/clock/sam4s/sysclk.o
SystemInit                                        src/ASF/sam/utils/cmsis/sam4s/source/templates/system_sam4s.o
TC0_Handler                                       src/main.o
                                                  src/ASF/sam/utils/cmsis/sam4s/source/templates/gcc/startup_sam4s.o
TC1_Handler                                       src/ASF/sam/utils/cmsis/sam4s/source/templates/gcc/startup_sam4s.o
TC2_Handler                                       src/ASF/sam/utils/cmsis/sam4s/source/templates/gcc/startup_sam4s.o
TC3_Handler                                       src/ASF/sam/utils/cmsis/sam4s/source/templates/gcc/startup_sam4s.o
TC4_Handler                                       src/ASF/sam/utils/cmsis/sam4s/source/templates/gcc/startup_sam4s.o
TC5_Handler                                       src/ASF/sam/utils/cmsis/sam4s/source/templates/gcc/startup_sam4s.o
TWI0_Handler                                      src/ASF/sam/utils/cmsis/sam4s/source/templates/gcc/startup_sam4s.o
TWI1_Handler                                      src/ASF/sam/utils/cmsis/sam4s/source/templates/gcc/startup_sam4s.o
UART0_Handler                                     src/main.o
                                                  src/ASF/sam/utils/cmsis/sam4s/source/templates/gcc/startup_sam4s.o
UART1_Handler                                     src/ASF/sam/utils/cmsis/sam4s/source/templates/gcc/startup_sam4s.o
UDP_Handler                                       src/ASF/sam/utils/cmsis/sam4s/source/templates/gcc/startup_sam4s.o
USART0_Handler                                    src/ASF/sam/utils/cmsis/sam4s/source/templates/gcc/startup_sam4s.o
USART1_Handler                                    src/ASF/sam/utils/cmsis/sam4s/source/templates/gcc/startup_sam4s.o
UsageFault_Handler                                src/ASF/sam/utils/cmsis/sam4s/source/templates/gcc/startup_sam4s.o
WDT_Handler                                       src/ASF/sam/utils/cmsis/sam4s/source/templates/gcc/startup_sam4s.o
_Jv_RegisterClasses                               c:/program files (x86)/atmel/studio/7.0/toolchain/arm/arm-gnu-toolchain/bin/../lib/gcc/arm-none-eabi/4.9.3/armv7e-m/crtbegin.o
_PathLocale                                       c:/program files (x86)/atmel/studio/7.0/toolchain/arm/arm-gnu-toolchain/bin/../lib/gcc/arm-none-eabi/4.9.3/../../../../arm-none-eabi/lib/armv7e-m\libc.a(lib_a-locale.o)
__aeabi_idiv0                                     c:/program files (x86)/atmel/studio/7.0/toolchain/arm/arm-gnu-toolchain/bin/../lib/gcc/arm-none-eabi/4.9.3/armv7e-m\libgcc.a(_dvmd_tls.o)
__aeabi_ldiv0                                     c:/program files (x86)/atmel/studio/7.0/toolchain/arm/arm-gnu-toolchain/bin/../lib/gcc/arm-none-eabi/4.9.3/armv7e-m\libgcc.a(_dvmd_tls.o)
                                                  c:/program files (x86)/atmel/studio/7.0/toolchain/arm/arm-gnu-toolchain/bin/../lib/gcc/arm-none-eabi/4.9.3/armv7e-m\libgcc.a(_aeabi_uldivmod.o)
__aeabi_uldivmod                                  c:/program files (x86)/atmel/studio/7.0/toolchain/arm/arm-gnu-toolchain/bin/../lib/gcc/arm-none-eabi/4.9.3/armv7e-m\libgcc.a(_aeabi_uldivmod.o)
                                                  c:/program files (x86)/atmel/studio/7.0/toolchain/arm/arm-gnu-toolchain/bin/../lib/gcc/arm-none-eabi/4.9.3/../../../../arm-none-eabi/lib/armv7e-m\libc.a(lib_a-vfiprintf.o)
__ascii_wctomb                                    c:/program files (x86)/atmel/studio/7.0/toolchain/arm/arm-gnu-toolchain/bin/../lib/gcc/arm-none-eabi/4.9.3/../../../../arm-none-eabi/lib/armv7e-m\libc.a(lib_a-wctomb_r.o)
__bss_end__                                       c:/program files (x86)/atmel/studio/7.0/toolchain/arm/arm-gnu-toolchain/bin/../lib/gcc/arm-none-eabi/4.9.3/../../../../arm-none-eabi/lib/armv7e-m/crt0.o
__bss_start__                                     c:/program files (x86)/atmel/studio/7.0/toolchain/arm/arm-gnu-toolchain/bin/../lib/gcc/arm-none-eabi/4.9.3/../../../../arm-none-eabi/lib/armv7e-m/crt0.o
__call_exitprocs                                  c:/program files (x86)/atmel/studio/7.0/toolchain/arm/arm-gnu-toolchain/bin/../lib/gcc/arm-none-eabi/4.9.3/../../../../arm-none-eabi/lib/armv7e-m\libc.a(lib_a-__call_atexit.o)
                                                  c:/program files (x86)/atmel/studio/7.0/toolchain/arm/arm-gnu-toolchain/bin/../lib/gcc/arm-none-eabi/4.9.3/../../../../arm-none-eabi/lib/armv7e-m\libc.a(lib_a-exit.o)
__deregister_frame_info                           c:/program files (x86)/atmel/studio/7.0/toolchain/arm/arm-gnu-toolchain/bin/../lib/gcc/arm-none-eabi/4.9.3/armv7e-m/crtbegin.o
__divdi3                                          c:/program files (x86)/atmel/studio/7.0/toolchain/arm/arm-gnu-toolchain/bin/../lib/gcc/arm-none-eabi/4.9.3/armv7e-m\libgcc.a(_divdi3.o)
                                                  c:/program files (x86)/atmel/studio/7.0/toolchain/arm/arm-gnu-toolchain/bin/../lib/gcc/arm-none-eabi/4.9.3/armv7e-m\libgcc.a(bpabi.o)
__dso_handle                                      c:/program files (x86)/atmel/studio/7.0/toolchain/arm/arm-gnu-toolchain/bin/../lib/gcc/arm-none-eabi/4.9.3/armv7e-m/crtbegin.o
__fini_array_end                                  c:/program files (x86)/atmel/studio/7.0/toolchain/arm/arm-gnu-toolchain/bin/../lib/gcc/arm-none-eabi/4.9.3/../../../../arm-none-eabi/lib/armv7e-m\libc.a(lib_a-fini.o)