Archive member included because of file (symbol)

../src/ASF/thirdparty/CMSIS/Lib/GCC\libarm_cortexM4l_math.a(arm_sin_f32.o)
                              src/ili93xx_example.o (arm_sin_f32)
../src/ASF/thirdparty/CMSIS/Lib/GCC\libarm_cortexM4l_math.a(arm_common_tables.o)
                              ../src/ASF/thirdparty/CMSIS/Lib/GCC\libarm_cortexM4l_math.a(arm_sin_f32.o) (sinTable_f32)
c:/program files (x86)/atmel/studio/7.0/toolchain/arm/arm-gnu-toolchain/bin/../lib/gcc/arm-none-eabi/4.9.3/armv7e-m\libgcc.a(_arm_addsubdf3.o)
                              src/ili93xx_example.o (__aeabi_dadd)
c:/program files (x86)/atmel/studio/7.0/toolchain/arm/arm-gnu-toolchain/bin/../lib/gcc/arm-none-eabi/4.9.3/armv7e-m\libgcc.a(_arm_muldivdf3.o)
                              src/ili93xx_example.o (__aeabi_dmul)
c:/program files (x86)/atmel/studio/7.0/toolchain/arm/arm-gnu-toolchain/bin/../lib/gcc/arm-none-eabi/4.9.3/armv7e-m\libgcc.a(_arm_truncdfsf2.o)
                              src/ili93xx_example.o (__aeabi_d2f)
c:/program files (x86)/atmel/studio/7.0/toolchain/arm/arm-gnu-toolchain/bin/../lib/gcc/arm-none-eabi/4.9.3/armv7e-m\libgcc.a(_arm_addsubsf3.o)
                              ../src/ASF/thirdparty/CMSIS/Lib/GCC\libarm_cortexM4l_math.a(arm_sin_f32.o) (__aeabi_fsub)
c:/program files (x86)/atmel/studio/7.0/toolchain/arm/arm-gnu-toolchain/bin/../lib/gcc/arm-none-eabi/4.9.3/armv7e-m\libgcc.a(_arm_muldivsf3.o)
                              src/ili93xx_example.o (__aeabi_fmul)
c:/program files (x86)/atmel/studio/7.0/toolchain/arm/arm-gnu-toolchain/bin/../lib/gcc/arm-none-eabi/4.9.3/armv7e-m\libgcc.a(_arm_cmpsf2.o)
                              src/ili93xx_example.o (__aeabi_fcmpeq)
c:/program files (x86)/atmel/studio/7.0/toolchain/arm/arm-gnu-toolchain/bin/../lib/gcc/arm-none-eabi/4.9.3/armv7e-m\libgcc.a(_arm_fixsfsi.o)
                              ../src/ASF/thirdparty/CMSIS/Lib/GCC\libarm_cortexM4l_math.a(arm_sin_f32.o) (__aeabi_f2iz)
c:/program files (x86)/atmel/studio/7.0/toolchain/arm/arm-gnu-toolchain/bin/../lib/gcc/arm-none-eabi/4.9.3/armv7e-m\libgcc.a(_arm_fixunssfsi.o)
                              src/ili93xx_example.o (__aeabi_f2uiz)
c:/program files (x86)/atmel/studio/7.0/toolchain/arm/arm-gnu-toolchain/bin/../lib/gcc/arm-none-eabi/4.9.3/../../../../arm-none-eabi/lib/armv7e-m\libc.a(lib_a-exit.o)
                              c:/program files (x86)/atmel/studio/7.0/toolchain/arm/arm-gnu-toolchain/bin/../lib/gcc/arm-none-eabi/4.9.3/../../../../arm-none-eabi/lib/armv7e-m/crt0.o (exit)
c:/program files (x86)/atmel/studio/7.0/toolchain/arm/arm-gnu-toolchain/bin/../lib/gcc/arm-none-eabi/4.9.3/../../../../arm-none-eabi/lib/armv7e-m\libc.a(lib_a-impure.o)
                              c:/program files (x86)/atmel/studio/7.0/toolchain/arm/arm-gnu-toolchain/bin/../lib/gcc/arm-none-eabi/4.9.3/../../../../arm-none-eabi/lib/armv7e-m\libc.a(lib_a-exit.o) (_global_impure_ptr)
c:/program files (x86)/atmel/studio/7.0/toolchain/arm/arm-gnu-toolchain/bin/../lib/gcc/arm-none-eabi/4.9.3/../../../../arm-none-eabi/lib/armv7e-m\libc.a(lib_a-init.o)
                              c:/program files (x86)/atmel/studio/7.0/toolchain/arm/arm-gnu-toolchain/bin/../lib/gcc/arm-none-eabi/4.9.3/../../../../arm-none-eabi/lib/armv7e-m/crt0.o (__libc_init_array)
c:/program files (x86)/atmel/studio/7.0/toolchain/arm/arm-gnu-toolchain/bin/../lib/gcc/arm-none-eabi/4.9.3/../../../../arm-none-eabi/lib/armv7e-m\libc.a(lib_a-iprintf.o)
                              src/ASF/sam/drivers/adc/adc.o (iprintf)
c:/program files (x86)/atmel/studio/7.0/toolchain/arm/arm-gnu-toolchain/bin/../lib/gcc/arm-none-eabi/4.9.3/../../../../arm-none-eabi/lib/armv7e-m\libc.a(lib_a-memset.o)
                              c:/program files (x86)/atmel/studio/7.0/toolchain/arm/arm-gnu-toolchain/bin/../lib/gcc/arm-none-eabi/4.9.3/../../../../arm-none-eabi/lib/armv7e-m/crt0.o (memset)
c:/program files (x86)/atmel/studio/7.0/toolchain/arm/arm-gnu-toolchain/bin/../lib/gcc/arm-none-eabi/4.9.3/../../../../arm-none-eabi/lib/armv7e-m\libc.a(lib_a-puts.o)
                              src/ASF/sam/drivers/adc/adc.o (puts)
c:/program files (x86)/atmel/studio/7.0/toolchain/arm/arm-gnu-toolchain/bin/../lib/gcc/arm-none-eabi/4.9.3/../../../../arm-none-eabi/lib/armv7e-m\libc.a(lib_a-strlen.o)
                              c:/program files (x86)/atmel/studio/7.0/toolchain/arm/arm-gnu-toolchain/bin/../lib/gcc/arm-none-eabi/4.9.3/../../../../arm-none-eabi/lib/armv7e-m\libc.a(lib_a-puts.o) (strlen)
c:/program files (x86)/atmel/studio/7.0/toolchain/arm/arm-gnu-toolchain/bin/../lib/gcc/arm-none-eabi/4.9.3/../../../../arm-none-eabi/lib/armv7e-m\libc.a(lib_a-vfiprintf.o)
                              c:/program files (x86)/atmel/studio/7.0/toolchain/arm/arm-gnu-toolchain/bin/../lib/gcc/arm-none-eabi/4.9.3/../../../../arm-none-eabi/lib/armv7e-m\libc.a(lib_a-iprintf.o) (_vfiprintf_r)
[...]
Memory Configuration

Name             Origin             Length             Attributes
rom              0x00400000         0x00200000         xr
ram              0x20000000         0x00028000         xrw
*default*        0x00000000         0xffffffff

Linker script and memory map

LOAD c:/program files (x86)/atmel/studio/7.0/toolchain/arm/arm-gnu-toolchain/bin/../lib/gcc/arm-none-eabi/4.9.3/armv7e-m/crti.o
LOAD c:/program files (x86)/atmel/studio/7.0/toolchain/arm/arm-gnu-toolchain/bin/../lib/gcc/arm-none-eabi/4.9.3/armv7e-m/crtbegin.o
LOAD c:/program files (x86)/atmel/studio/7.0/toolchain/arm/arm-gnu-toolchain/bin/../lib/gcc/arm-none-eabi/4.9.3/../../../../arm-none-eabi/lib/armv7e-m/crt0.o
LOAD src/ASF/common/services/delay/sam/cycle_counter.o
LOAD src/ASF/sam/drivers/adc/adc.o
LOAD src/ASF/sam/drivers/adc/adc_sam3u.o
LOAD src/ASF/sam/drivers/dacc/dacc.o
LOAD src/ASF/sam/drivers/tc/tc.o
LOAD src/ASF/common/services/clock/sam4s/sysclk.o
LOAD src/ASF/common/services/serial/usart_serial.o
LOAD src/ASF/common/utils/interrupt/interrupt_sam_nvic.o
LOAD src/ASF/common/utils/stdio/read.o
LOAD src/ASF/common/utils/stdio/write.o
LOAD src/ASF/sam/boards/sam4s_ek2/init.o
LOAD src/ASF/sam/boards/sam4s_ek2/led.o
LOAD src/ASF/sam/components/display/aat31xx/aat31xx.o
LOAD src/ASF/sam/components/display/ili93xx/ili93xx.o
LOAD src/ASF/sam/drivers/ebi/smc/smc.o
LOAD src/ASF/sam/drivers/pio/pio.o
LOAD src/ASF/sam/drivers/pio/pio_handler.o
LOAD src/ASF/sam/drivers/pmc/pmc.o
LOAD src/ASF/sam/drivers/pmc/sleep.o
LOAD src/ASF/sam/drivers/uart/uart.o
LOAD src/ASF/sam/drivers/usart/usart.o
LOAD src/ASF/sam/utils/cmsis/sam4s/source/templates/gcc/startup_sam4s.o
LOAD src/ASF/sam/utils/cmsis/sam4s/source/templates/system_sam4s.o
LOAD src/ASF/sam/utils/syscalls/gcc/syscalls.o
LOAD src/ili93xx_example.o
START GROUP
LOAD ../src/ASF/thirdparty/CMSIS/Lib/GCC\libarm_cortexM4l_math.a
LOAD c:/program files (x86)/atmel/studio/7.0/toolchain/arm/arm-gnu-toolchain/bin/../lib/gcc/arm-none-eabi/4.9.3/../../../../arm-none-eabi/lib/armv7e-m\libm.a
END GROUP
START GROUP
LOAD c:/program files (x86)/atmel/studio/7.0/toolchain/arm/arm-gnu-toolchain/bin/../lib/gcc/arm-none-eabi/4.9.3/armv7e-m\libgcc.a
LOAD c:/program files (x86)/atmel/studio/7.0/toolchain/arm/arm-gnu-toolchain/bin/../lib/gcc/arm-none-eabi/4.9.3/../../../../arm-none-eabi/lib/armv7e-m\libc.a
END GROUP
LOAD c:/program files (x86)/atmel/studio/7.0/toolchain/arm/arm-gnu-toolchain/bin/../lib/gcc/arm-none-eabi/4.9.3/armv7e-m/crtend.o
LOAD c:/program files (x86)/atmel/studio/7.0/toolchain/arm/arm-gnu-toolchain/bin/../lib/gcc/arm-none-eabi/4.9.3/armv7e-m/crtn.o
                0x00003000                __stack_size__ = DEFINED (__stack_size__)?__stack_size__:0x3000
                0x20027ffc                __ram_end__ = ((ORIGIN (ram) + 0x28000) - 0x4)

.text           0x00400000    0x1a80c
                0x00400000                . = ALIGN (0x4)
                0x00400000                _sfixed = .
 *(.vectors .vectors.*)
 .vectors       0x00400000       0xcc src/ASF/sam/utils/cmsis/sam4s/source/templates/gcc/startup_sam4s.o
                0x00400000                exception_table
 *(.text .text.* .gnu.linkonce.t.*)
 .text          0x004000cc       0x5c c:/program files (x86)/atmel/studio/7.0/toolchain/arm/arm-gnu-toolchain/bin/../lib/gcc/arm-none-eabi/4.9.3/armv7e-m/crtbegin.o
 .text.adc_init
                0x00400128       0x34 src/ASF/sam/drivers/adc/adc.o
                0x00400128                adc_init
 .text.adc_configure_trigger
                0x0040015c       0x10 src/ASF/sam/drivers/adc/adc.o
                0x0040015c                adc_configure_trigger
 .text.adc_configure_timing
                0x0040016c       0x20 src/ASF/sam/drivers/adc/adc.o
                0x0040016c                adc_configure_timing
 .text.adc_start
                0x0040018c        0x8 src/ASF/sam/drivers/adc/adc.o
                0x0040018c                adc_start
 .text.adc_enable_channel
                0x00400194        0x8 src/ASF/sam/drivers/adc/adc.o
                0x00400194                adc_enable_channel
 .text.adc_get_channel_value
                0x0040019c       0x10 src/ASF/sam/drivers/adc/adc.o
                0x0040019c                adc_get_channel_value
 .text.adc_enable_interrupt
                0x004001ac        0x4 src/ASF/sam/drivers/adc/adc.o
                0x004001ac                adc_enable_interrupt
 .text.adc_get_status
                0x004001b0        0x4 src/ASF/sam/drivers/adc/adc.o
                0x004001b0                adc_get_status
 .text.adc_enable_ts
                0x004001b4       0x10 src/ASF/sam/drivers/adc/adc.o
                0x004001b4                adc_enable_ts
 .text.dacc_reset
                0x004001c4        0x8 src/ASF/sam/drivers/dacc/dacc.o
                0x004001c4                dacc_reset
 .text.dacc_set_transfer_mode
                0x004001cc       0x28 src/ASF/sam/drivers/dacc/dacc.o
                0x004001cc                dacc_set_transfer_mode
 .text.dacc_get_interrupt_status
                0x004001f4        0x4 src/ASF/sam/drivers/dacc/dacc.o
                0x004001f4                dacc_get_interrupt_status
 .text.dacc_write_conversion_data
                0x004001f8        0x4 src/ASF/sam/drivers/dacc/dacc.o
                0x004001f8                dacc_write_conversion_data
 .text.dacc_set_channel_selection
                0x004001fc       0x18 src/ASF/sam/drivers/dacc/dacc.o
                0x004001fc                dacc_set_channel_selection
 .text.dacc_enable_channel
                0x00400214       0x14 src/ASF/sam/drivers/dacc/dacc.o
                0x00400214                dacc_enable_channel
 .text.dacc_set_analog_control
                0x00400228        0x8 src/ASF/sam/drivers/dacc/dacc.o
                0x00400228                dacc_set_analog_control
 .text.tc_init  0x00400230       0x1c src/ASF/sam/drivers/tc/tc.o
                0x00400230                tc_init
 .text.tc_start
                0x0040024c        0x8 src/ASF/sam/drivers/tc/tc.o
                0x0040024c                tc_start
 .text.tc_write_rc
                0x00400254        0x8 src/ASF/sam/drivers/tc/tc.o
                0x00400254                tc_write_rc
 .text.tc_enable_interrupt
                0x0040025c        0x8 src/ASF/sam/drivers/tc/tc.o
                0x0040025c                tc_enable_interrupt
 .text.tc_get_status
                0x00400264        0x8 src/ASF/sam/drivers/tc/tc.o
                0x00400264                tc_get_status
 .text.sysclk_init
                0x0040026c       0x64 src/ASF/common/services/clock/sam4s/sysclk.o
                0x0040026c                sysclk_init
 .text.board_init
                0x004002d0       0xb8 src/ASF/sam/boards/sam4s_ek2/init.o
                0x004002d0                board_init
 .text.aat31xx_set_backlight
                0x00400388       0x5c src/ASF/sam/components/display/aat31xx/aat31xx.o
                0x00400388                aat31xx_set_backlight
 .text.aat31xx_disable_backlight
                0x004003e4       0x24 src/ASF/sam/components/display/aat31xx/aat31xx.o
                0x004003e4                aat31xx_disable_backlight
 .text.ili93xx_write_ram_prepare
                0x00400408       0x30 src/ASF/sam/components/display/ili93xx/ili93xx.o
 .text.ili93xx_write_ram
                0x00400438       0x18 src/ASF/sam/components/display/ili93xx/ili93xx.o
 .text.ili93xx_write_ram_buffer
                0x00400450       0x60 src/ASF/sam/components/display/ili93xx/ili93xx.o
 .text.ili93xx_write_register_word
                0x004004b0       0x18 src/ASF/sam/components/display/ili93xx/ili93xx.o
 .text.ili93xx_write_register
                0x004004c8       0x2c src/ASF/sam/components/display/ili93xx/ili93xx.o
 .text.ili93xx_delay
                0x004004f4       0x38 src/ASF/sam/components/display/ili93xx/ili93xx.o
 .text.ili93xx_check_box_coordinates
                0x0040052c       0x60 src/ASF/sam/components/display/ili93xx/ili93xx.o
 .text.ili93xx_device_type_identify
                0x0040058c       0x7c src/ASF/sam/components/display/ili93xx/ili93xx.o
                0x0040058c                ili93xx_device_type_identify
 .text.ili93xx_display_on
                0x00400608       0x34 src/ASF/sam/components/display/ili93xx/ili93xx.o
                0x00400608                ili93xx_display_on
 .text.ili93xx_set_foreground_color
                0x0040063c       0x18 src/ASF/sam/components/display/ili93xx/ili93xx.o
                0x0040063c                ili93xx_set_foreground_color
 .text.ili93xx_set_window
                0x00400654       0xa4 src/ASF/sam/components/display/ili93xx/ili93xx.o
                0x00400654                ili93xx_set_window
 .text.ili93xx_set_cursor_position
                0x004006f8       0x24 src/ASF/sam/components/display/ili93xx/ili93xx.o
                0x004006f8                ili93xx_set_cursor_position
 .text.ili93xx_init
                0x0040071c      0x2e4 src/ASF/sam/components/display/ili93xx/ili93xx.o
                0x0040071c                ili93xx_init
 .text.ili93xx_draw_filled_rectangle
                0x00400a00       0xc4 src/ASF/sam/components/display/ili93xx/ili93xx.o
                0x00400a00                ili93xx_draw_filled_rectangle
 .text.ili93xx_draw_pixmap
                0x00400ac4       0xc4 src/ASF/sam/components/display/ili93xx/ili93xx.o
                0x00400ac4                ili93xx_draw_pixmap
 .text.smc_set_setup_timing
                0x00400b88        0x8 src/ASF/sam/drivers/ebi/smc/smc.o
                0x00400b88                smc_set_setup_timing
 .text.smc_set_pulse_timing
                0x00400b90        0x8 src/ASF/sam/drivers/ebi/smc/smc.o
                0x00400b90                smc_set_pulse_timing
 .text.smc_set_cycle_timing
                0x00400b98        0x8 src/ASF/sam/drivers/ebi/smc/smc.o
                0x00400b98                smc_set_cycle_timing
 .text.smc_set_mode
                0x00400ba0        0x8 src/ASF/sam/drivers/ebi/smc/smc.o
                0x00400ba0                smc_set_mode
 .text.pio_set_debounce_filter
                0x00400ba8       0x1c src/ASF/sam/drivers/pio/pio.o
                0x00400ba8                pio_set_debounce_filter
 .text.pio_set_peripheral
                0x00400bc4       0x94 src/ASF/sam/drivers/pio/pio.o
                0x00400bc4                pio_set_peripheral
 .text.pio_set_input
                0x00400c58       0x34 src/ASF/sam/drivers/pio/pio.o
                0x00400c58                pio_set_input
 .text.pio_set_output
                0x00400c8c       0x28 src/ASF/sam/drivers/pio/pio.o
                0x00400c8c                pio_set_output
 .text.pio_configure_interrupt
                0x00400cb4       0x30 src/ASF/sam/drivers/pio/pio.o
                0x00400cb4                pio_configure_interrupt
 .text.pio_enable_interrupt
                0x00400ce4        0x8 src/ASF/sam/drivers/pio/pio.o
                0x00400ce4                pio_enable_interrupt
 .text.pio_get_interrupt_status
                0x00400cec        0x4 src/ASF/sam/drivers/pio/pio.o
                0x00400cec                pio_get_interrupt_status
 .text.pio_get_interrupt_mask
                0x00400cf0        0x4 src/ASF/sam/drivers/pio/pio.o
                0x00400cf0                pio_get_interrupt_mask
 .text.pio_configure_pin
                0x00400cf4      0x124 src/ASF/sam/drivers/pio/pio.o
                0x00400cf4                pio_configure_pin
 .text.pio_configure_pin_group
                0x00400e18       0xdc src/ASF/sam/drivers/pio/pio.o
                0x00400e18                pio_configure_pin_group
 .text.pio_handler_process
                0x00400ef4       0x68 src/ASF/sam/drivers/pio/pio_handler.o
                0x00400ef4                pio_handler_process
 .text.pio_handler_set
                0x00400f5c       0x40 src/ASF/sam/drivers/pio/pio_handler.o
                0x00400f5c                pio_handler_set
 .text.PIOA_Handler
                0x00400f9c       0x14 src/ASF/sam/drivers/pio/pio_handler.o
                0x00400f9c                PIOA_Handler
 .text.PIOB_Handler
                0x00400fb0       0x14 src/ASF/sam/drivers/pio/pio_handler.o
                0x00400fb0                PIOB_Handler
 .text.PIOC_Handler
                0x00400fc4       0x14 src/ASF/sam/drivers/pio/pio_handler.o
                0x00400fc4                PIOC_Handler
 .text.pmc_switch_mck_to_pllack
                0x00400fd8       0x68 src/ASF/sam/drivers/pmc/pmc.o
                0x00400fd8                pmc_switch_mck_to_pllack
 .text.pmc_switch_mainck_to_xtal
                0x00401040       0x54 src/ASF/sam/drivers/pmc/pmc.o
                0x00401040                pmc_switch_mainck_to_xtal
 .text.pmc_osc_is_ready_mainck
                0x00401094       0x10 src/ASF/sam/drivers/pmc/pmc.o
                0x00401094                pmc_osc_is_ready_mainck
 .text.pmc_disable_pllack
                0x004010a4       0x10 src/ASF/sam/drivers/pmc/pmc.o
                0x004010a4                pmc_disable_pllack
 .text.pmc_is_locked_pllack
                0x004010b4       0x10 src/ASF/sam/drivers/pmc/pmc.o
                0x004010b4                pmc_is_locked_pllack
 .text.pmc_enable_periph_clk
                0x004010c4       0x54 src/ASF/sam/drivers/pmc/pmc.o
                0x004010c4                pmc_enable_periph_clk
 .text.Dummy_Handler
                0x00401118        0x4 src/ASF/sam/utils/cmsis/sam4s/source/templates/gcc/startup_sam4s.o
                0x00401118                DACC_Handler
                0x00401118                DebugMon_Handler
                0x00401118                HardFault_Handler
                0x00401118                TC2_Handler
                0x00401118                SPI_Handler
                0x00401118                SysTick_Handler
                0x00401118                TWI1_Handler
                0x00401118                PendSV_Handler
                0x00401118                NMI_Handler
                0x00401118                CRCCU_Handler
                0x00401118                USART0_Handler
                0x00401118                RTT_Handler
                0x00401118                EFC1_Handler
                0x00401118                RTC_Handler
                0x00401118                UsageFault_Handler
                0x00401118                WDT_Handler
                0x00401118                TC4_Handler
                0x00401118                TC1_Handler
                0x00401118                HSMCI_Handler
                0x00401118                UART1_Handler
                0x00401118                TC3_Handler
                0x00401118                Dummy_Handler
                0x00401118                TWI0_Handler
                0x00401118                USART1_Handler
                0x00401118                SSC_Handler
                0x00401118                EFC0_Handler
                0x00401118                ACC_Handler
                0x00401118                PMC_Handler
                0x00401118                PWM_Handler
                0x00401118                MemManage_Handler
                0x00401118                SUPC_Handler
                0x00401118                SVC_Handler
                0x00401118                UART0_Handler
                0x00401118                UDP_Handler
                0x00401118                BusFault_Handler
                0x00401118                RSTC_Handler
                0x00401118                TC5_Handler
 .text.Reset_Handler
                0x0040111c       0xb0 src/ASF/sam/utils/cmsis/sam4s/source/templates/gcc/startup_sam4s.o
                0x0040111c                Reset_Handler
 .text.SystemCoreClockUpdate
                0x004011cc      0x114 src/ASF/sam/utils/cmsis/sam4s/source/templates/system_sam4s.o
                0x004011cc                SystemCoreClockUpdate
 .text.system_init_flash
                0x004012e0       0x94 src/ASF/sam/utils/cmsis/sam4s/source/templates/system_sam4s.o
                0x004012e0                system_init_flash
 .text.push_button1_handle
                0x00401374       0x1c src/ili93xx_example.o
 .text.push_button2_handle
                0x00401390       0x1c src/ili93xx_example.o
 *fill*         0x004013ac        0x4 
 .text.TC0_Handler
                0x004013b0      0x134 src/ili93xx_example.o
                0x004013b0                TC0_Handler
 *fill*         0x004014e4        0x4 
 .text.ADC_Handler
                0x004014e8       0xb8 src/ili93xx_example.o
                0x004014e8                ADC_Handler
 .text.configure_botao1
                0x004015a0       0x6c src/ili93xx_example.o
                0x004015a0                configure_botao1
 .text.configure_botao2
                0x0040160c       0x74 src/ili93xx_example.o
                0x0040160c                configure_botao2
 .text.configure_adc
                0x00401680       0x88 src/ili93xx_example.o
                0x00401680                configure_adc
 .text.configure_LCD
                0x00401708       0xc0 src/ili93xx_example.o
                0x00401708                configure_LCD
 .text.main     0x004017c8       0xe8 src/ili93xx_example.o
                0x004017c8                main
 .text.arm_sin_f32
                0x004018b0       0x84 ../src/ASF/thirdparty/CMSIS/Lib/GCC\libarm_cortexM4l_math.a(arm_sin_f32.o)
                0x004018b0                arm_sin_f32
 .text          0x00401934      0x370 c:/program files (x86)/atmel/studio/7.0/toolchain/arm/arm-gnu-toolchain/bin/../lib/gcc/arm-none-eabi/4.9.3/armv7e-m\libgcc.a(_arm_addsubdf3.o)
                0x00401934                __aeabi_drsub
                0x0040193c                __aeabi_dsub
                0x0040193c                __subdf3
                0x00401940                __aeabi_dadd
                0x00401940                __adddf3
                0x00401bb8                __floatunsidf
                0x00401bb8                __aeabi_ui2d
                0x00401bd8                __floatsidf
                0x00401bd8                __aeabi_i2d
                0x00401bfc                __aeabi_f2d
                0x00401bfc                __extendsfdf2
                0x00401c38                __floatundidf
                0x00401c38                __aeabi_ul2d
                0x00401c48                __floatdidf
                0x00401c48                __aeabi_l2d
 .text          0x00401ca4      0x424 c:/program files (x86)/atmel/studio/7.0/toolchain/arm/arm-gnu-toolchain/bin/../lib/gcc/arm-none-eabi/4.9.3/armv7e-m\libgcc.a(_arm_muldivdf3.o)
                0x00401ca4                __aeabi_dmul
                0x00401ca4                __muldf3
                0x00401ef8                __divdf3
                0x00401ef8                __aeabi_ddiv
 .text          0x004020c8       0xa0 c:/program files (x86)/atmel/studio/7.0/toolchain/arm/arm-gnu-toolchain/bin/../lib/gcc/arm-none-eabi/4.9.3/armv7e-m\libgcc.a(_arm_truncdfsf2.o)
                0x004020c8                __truncdfsf2
                0x004020c8                __aeabi_d2f
 .text          0x00402168      0x21c c:/program files (x86)/atmel/studio/7.0/toolchain/arm/arm-gnu-toolchain/bin/../lib/gcc/arm-none-eabi/4.9.3/armv7e-m\libgcc.a(_arm_addsubsf3.o)
                0x00402168                __aeabi_frsub
                0x00402170                __subsf3
                0x00402170                __aeabi_fsub
                0x00402174                __aeabi_fadd
                0x00402174                __addsf3
                0x004022d4                __aeabi_ui2f
                0x004022d4                __floatunsisf
                0x004022dc                __aeabi_i2f
                0x004022dc                __floatsisf
                0x004022f8                __aeabi_ul2f
                0x004022f8                __floatundisf
                0x00402308                __aeabi_l2f
                0x00402308                __floatdisf
 .text          0x00402384      0x2a0 c:/program files (x86)/atmel/studio/7.0/toolchain/arm/arm-gnu-toolchain/bin/../lib/gcc/arm-none-eabi/4.9.3/armv7e-m\libgcc.a(_arm_muldivsf3.o)
                0x00402384                __mulsf3
                0x00402384                __aeabi_fmul
                0x004024ec                __aeabi_fdiv
                0x004024ec                __divsf3
 .text          0x00402624       0xec c:/program files (x86)/atmel/studio/7.0/toolchain/arm/arm-gnu-toolchain/bin/../lib/gcc/arm-none-eabi/4.9.3/armv7e-m\libgcc.a(_arm_cmpsf2.o)
                0x00402624                __gesf2
                0x00402624                __gtsf2
                0x0040262c                __lesf2
                0x0040262c                __ltsf2
                0x00402634                __nesf2
                0x00402634                __eqsf2
                0x00402634                __cmpsf2
                0x00402694                __aeabi_cfrcmple
                0x0040269c                __aeabi_cfcmpeq
                0x0040269c                __aeabi_cfcmple
                0x004026ac                __aeabi_fcmpeq
                0x004026c0                __aeabi_fcmplt
                0x004026d4                __aeabi_fcmple
                0x004026e8                __aeabi_fcmpge
                0x004026fc                __aeabi_fcmpgt
 .text          0x00402710       0x4c c:/program files (x86)/atmel/studio/7.0/toolchain/arm/arm-gnu-toolchain/bin/../lib/gcc/arm-none-eabi/4.9.3/armv7e-m\libgcc.a(_arm_fixsfsi.o)
                0x00402710                __aeabi_f2iz
                0x00402710                __fixsfsi
 .text          0x0040275c       0x40 c:/program files (x86)/atmel/studio/7.0/toolchain/arm/arm-gnu-toolchain/bin/../lib/gcc/arm-none-eabi/4.9.3/armv7e-m\libgcc.a(_arm_fixunssfsi.o)
                0x0040275c                __fixunssfsi
                0x0040275c                __aeabi_f2uiz
 .text.__libc_init_array
                0x0040279c       0x50 c:/program files (x86)/atmel/studio/7.0/toolchain/arm/arm-gnu-toolchain/bin/../lib/gcc/arm-none-eabi/4.9.3/../../../../arm-none-eabi/lib/armv7e-m\libc.a(lib_a-init.o)
                0x0040279c                __libc_init_array
 .text.startup.register_fini
                0x004027ec       0x14 c:/program files (x86)/atmel/studio/7.0/toolchain/arm/arm-gnu-toolchain/bin/../lib/gcc/arm-none-eabi/4.9.3/../../../../arm-none-eabi/lib/armv7e-m\libc.a(lib_a-__call_atexit.o)
 .text.atexit   0x00402800        0xc c:/program files (x86)/atmel/studio/7.0/toolchain/arm/arm-gnu-toolchain/bin/../lib/gcc/arm-none-eabi/4.9.3/../../../../arm-none-eabi/lib/armv7e-m\libc.a(lib_a-atexit.o)
                0x00402800                atexit
 .text.__libc_fini_array
                0x0040280c       0x2c c:/program files (x86)/atmel/studio/7.0/toolchain/arm/arm-gnu-toolchain/bin/../lib/gcc/arm-none-eabi/4.9.3/../../../../arm-none-eabi/lib/armv7e-m\libc.a(lib_a-fini.o)
                0x0040280c                __libc_fini_array
 .text.__register_exitproc
                0x00402838       0xa4 c:/program files (x86)/atmel/studio/7.0/toolchain/arm/arm-gnu-toolchain/bin/../lib/gcc/arm-none-eabi/4.9.3/../../../../arm-none-eabi/lib/armv7e-m\libc.a(lib_a-__atexit.o)
                0x00402838                __register_exitproc
 *(.glue_7t)
 .glue_7t       0x00000000        0x0 linker stubs
 *(.glue_7)
 .glue_7        0x00000000        0x0 linker stubs
 *(.rodata .rodata* .gnu.linkonce.r.*)
 .rodata.image_data_maua
                0x004028dc    0x17700 src/ili93xx_example.o
 .rodata.sinTable_f32
                0x00419fdc      0x804 ../src/ASF/thirdparty/CMSIS/Lib/GCC\libarm_cortexM4l_math.a(arm_common_tables.o)
                0x00419fdc                sinTable_f32
 .rodata.str1.4
                0x0041a7e0        0x4 c:/program files (x86)/atmel/studio/7.0/toolchain/arm/arm-gnu-toolchain/bin/../lib/gcc/arm-none-eabi/4.9.3/../../../../arm-none-eabi/lib/armv7e-m\libc.a(lib_a-impure.o)
                                  0x2 (size before relaxing)
 .rodata._global_impure_ptr
                0x0041a7e4        0x4 c:/program files (x86)/atmel/studio/7.0/toolchain/arm/arm-gnu-toolchain/bin/../lib/gcc/arm-none-eabi/4.9.3/../../../../arm-none-eabi/lib/armv7e-m\libc.a(lib_a-impure.o)
                0x0041a7e4                _global_impure_ptr
 *(.ARM.extab* .gnu.linkonce.armextab.*)
                0x0041a7e8                . = ALIGN (0x4)
 *(.init)
 .init          0x0041a7e8        0x4 c:/program files (x86)/atmel/studio/7.0/toolchain/arm/arm-gnu-toolchain/bin/../lib/gcc/arm-none-eabi/4.9.3/armv7e-m/crti.o
                0x0041a7e8                _init
 .init          0x0041a7ec        0x8 c:/program files (x86)/atmel/studio/7.0/toolchain/arm/arm-gnu-toolchain/bin/../lib/gcc/arm-none-eabi/4.9.3/armv7e-m/crtn.o
                0x0041a7f4                . = ALIGN (0x4)
                0x0041a7f4                __preinit_array_start = .
 *(.preinit_array)
                0x0041a7f4                __preinit_array_end = .
                0x0041a7f4                . = ALIGN (0x4)
                0x0041a7f4                __init_array_start = .
 *(SORT(.init_array.*))
 .init_array.00000
                0x0041a7f4        0x4 c:/program files (x86)/atmel/studio/7.0/toolchain/arm/arm-gnu-toolchain/bin/../lib/gcc/arm-none-eabi/4.9.3/../../../../arm-none-eabi/lib/armv7e-m\libc.a(lib_a-__call_atexit.o)
 *(.init_array)
 .init_array    0x0041a7f8        0x4 c:/program files (x86)/atmel/studio/7.0/toolchain/arm/arm-gnu-toolchain/bin/../lib/gcc/arm-none-eabi/4.9.3/armv7e-m/crtbegin.o
                0x0041a7fc                __init_array_end = .
                0x0041a7fc                . = ALIGN (0x4)
 *crtbegin.o(.ctors)
 *(EXCLUDE_FILE(*crtend.o) .ctors)
 *(SORT(.ctors.*))
 *crtend.o(.ctors)
                0x0041a7fc                . = ALIGN (0x4)
 *(.fini)
 .fini          0x0041a7fc        0x4 c:/program files (x86)/atmel/studio/7.0/toolchain/arm/arm-gnu-toolchain/bin/../lib/gcc/arm-none-eabi/4.9.3/armv7e-m/crti.o
                0x0041a7fc                _fini
 .fini          0x0041a800        0x8 c:/program files (x86)/atmel/studio/7.0/toolchain/arm/arm-gnu-toolchain/bin/../lib/gcc/arm-none-eabi/4.9.3/armv7e-m/crtn.o
                0x0041a808                . = ALIGN (0x4)
                0x0041a808                __fini_array_start = .
 *(.fini_array)
 .fini_array    0x0041a808        0x4 c:/program files (x86)/atmel/studio/7.0/toolchain/arm/arm-gnu-toolchain/bin/../lib/gcc/arm-none-eabi/4.9.3/armv7e-m/crtbegin.o
 *(SORT(.fini_array.*))
                0x0041a80c                __fini_array_end = .
 *crtbegin.o(.dtors)
 *(EXCLUDE_FILE(*crtend.o) .dtors)
 *(SORT(.dtors.*))
 *crtend.o(.dtors)
                0x0041a80c                . = ALIGN (0x4)
                0x0041a80c                _efixed = .
                0x0041a80c                PROVIDE (__exidx_start, .)

.vfp11_veneer   0x0041a80c        0x0
 .vfp11_veneer  0x00000000        0x0 linker stubs

.v4_bx          0x0041a80c        0x0
 .v4_bx         0x00000000        0x0 linker stubs

.iplt           0x0041a80c        0x0
 .iplt          0x00000000        0x0 c:/program files (x86)/atmel/studio/7.0/toolchain/arm/arm-gnu-toolchain/bin/../lib/gcc/arm-none-eabi/4.9.3/armv7e-m/crtbegin.o

.eh_frame       0x0041a80c        0x0
 .eh_frame      0x0041a80c        0x0 c:/program files (x86)/atmel/studio/7.0/toolchain/arm/arm-gnu-toolchain/bin/../lib/gcc/arm-none-eabi/4.9.3/armv7e-m/crtbegin.o

.rel.dyn        0x0041a80c        0x0
 .rel.iplt      0x00000000        0x0 c:/program files (x86)/atmel/studio/7.0/toolchain/arm/arm-gnu-toolchain/bin/../lib/gcc/arm-none-eabi/4.9.3/armv7e-m/crtbegin.o

.jcr            0x0041a80c        0x0
 .jcr           0x0041a80c        0x0 c:/program files (x86)/atmel/studio/7.0/toolchain/arm/arm-gnu-toolchain/bin/../lib/gcc/arm-none-eabi/4.9.3/armv7e-m/crtbegin.o

.igot.plt       0x0041a80c        0x0
 .igot.plt      0x00000000        0x0 c:/program files (x86)/atmel/studio/7.0/toolchain/arm/arm-gnu-toolchain/bin/../lib/gcc/arm-none-eabi/4.9.3/armv7e-m/crtbegin.o

.ARM.exidx
 *(.ARM.exidx* .gnu.linkonce.armexidx.*)
                0x0041a80c                PROVIDE (__exidx_end, .)
                0x0041a80c                . = ALIGN (0x4)
                0x0041a80c                _etext = .

.relocate       0x20000000      0x440 load address 0x0041a80c
                0x20000000                . = ALIGN (0x4)
                0x20000000                _srelocate = .
 *(.ramfunc .ramfunc.*)
 *(.data .data.*)
 .data.g_ul_lcd_x_length
                0x20000000        0x4 src/ASF/sam/components/display/ili93xx/ili93xx.o
 .data.g_ul_lcd_y_length
                0x20000004        0x4 src/ASF/sam/components/display/ili93xx/ili93xx.o
 .data.SystemCoreClock
                0x20000008        0x4 src/ASF/sam/utils/cmsis/sam4s/source/templates/system_sam4s.o
                0x20000008                SystemCoreClock
 .data.Amplitude
                0x2000000c        0x4 src/ili93xx_example.o
                0x2000000c                Amplitude
 .data.resolu   0x20000010        0x4 src/ili93xx_example.o
                0x20000010                resolu
 *fill*         0x20000014        0x4 
 .data.impure_data
                0x20000018      0x428 c:/program files (x86)/atmel/studio/7.0/toolchain/arm/arm-gnu-toolchain/bin/../lib/gcc/arm-none-eabi/4.9.3/../../../../arm-none-eabi/lib/armv7e-m\libc.a(lib_a-impure.o)
                0x20000440                . = ALIGN (0x4)
                0x20000440                _erelocate = .

.bss            0x20000440      0x480 load address 0x0041ac4c
                0x20000440                . = ALIGN (0x4)
                0x20000440                _sbss = .
                0x20000440                _szero = .
 *(.bss .bss.*)
 .bss           0x20000440       0x1c c:/program files (x86)/atmel/studio/7.0/toolchain/arm/arm-gnu-toolchain/bin/../lib/gcc/arm-none-eabi/4.9.3/armv7e-m/crtbegin.o
 .bss.g_ul_pixel_cache
                0x2000045c      0x3c0 src/ASF/sam/components/display/ili93xx/ili93xx.o
 .bss.g_uc_device_type
                0x2000081c        0x1 src/ASF/sam/components/display/ili93xx/ili93xx.o
 *fill*         0x2000081d        0x3 
 .bss.gs_ul_nb_sources
                0x20000820        0x4 src/ASF/sam/drivers/pio/pio_handler.o
 .bss.pio_capture_handler
                0x20000824        0x4 src/ASF/sam/drivers/pio/pio_handler.o
 .bss.gs_interrupt_sources
                0x20000828       0x70 src/ASF/sam/drivers/pio/pio_handler.o
 .bss.statusbotao
                0x20000898        0x4 src/ili93xx_example.o
                0x20000898                statusbotao
 .bss.seno      0x2000089c        0x4 src/ili93xx_example.o
                0x2000089c                seno
 *(COMMON)
 COMMON         0x200008a0        0x4 src/ASF/sam/drivers/pio/pio.o
                0x200008a0                pio_capture_enable_flag
 COMMON         0x200008a4       0x1c src/ili93xx_example.o
                0x200008a4                valoratual
                0x200008a8                valorpassado
                0x200008ac                i
                0x200008b0                g_ili93xx_display_opt
                0x200008c0                . = ALIGN (0x4)
                0x200008c0                _ebss = .
                0x200008c0                _ezero = .

.stack          0x200008c0     0x3000 load address 0x0041b0cc
                0x200008c0                . = ALIGN (0x8)
                0x200008c0                _sstack = .
                0x200038c0                . = (. + __stack_size__)
 *fill*         0x200008c0     0x3000 
                0x200038c0                . = ALIGN (0x8)
                0x200038c0                _estack = .
                0x200038c0                . = ALIGN (0x4)
                0x200038c0                _end = .
OUTPUT(LCD-Desenhos.elf elf32-littlearm)

.ARM.attributes
                0x00000000       0x2a
 .ARM.attributes
                0x00000000       0x1e c:/program files (x86)/atmel/studio/7.0/toolchain/arm/arm-gnu-toolchain/bin/../lib/gcc/arm-none-eabi/4.9.3/armv7e-m/crti.o
 .ARM.attributes
                0x0000001e       0x2e c:/program files (x86)/atmel/studio/7.0/toolchain/arm/arm-gnu-toolchain/bin/../lib/gcc/arm-none-eabi/4.9.3/armv7e-m/crtbegin.o
 .ARM.attributes
                0x0000004c       0x33 src/ASF/sam/drivers/adc/adc.o
 .ARM.attributes
                0x0000007f       0x33 src/ASF/sam/drivers/dacc/dacc.o
 .ARM.attributes
                0x000000b2       0x33 src/ASF/sam/drivers/tc/tc.o
 .ARM.attributes
                0x000000e5       0x33 src/ASF/common/services/clock/sam4s/sysclk.o
 .ARM.attributes
                0x00000118       0x33 src/ASF/sam/boards/sam4s_ek2/init.o
 .ARM.attributes
                0x0000014b       0x33 src/ASF/sam/components/display/aat31xx/aat31xx.o
 .ARM.attributes
                0x0000017e       0x33 src/ASF/sam/components/display/ili93xx/ili93xx.o
 .ARM.attributes
                0x000001b1       0x33 src/ASF/sam/drivers/ebi/smc/smc.o
 .ARM.attributes
                0x000001e4       0x33 src/ASF/sam/drivers/pio/pio.o
 .ARM.attributes
                0x00000217       0x33 src/ASF/sam/drivers/pio/pio_handler.o
 .ARM.attributes
                0x0000024a       0x33 src/ASF/sam/drivers/pmc/pmc.o
 .ARM.attributes
                0x0000027d       0x33 src/ASF/sam/utils/cmsis/sam4s/source/templates/gcc/startup_sam4s.o
 .ARM.attributes
                0x000002b0       0x33 src/ASF/sam/utils/cmsis/sam4s/source/templates/system_sam4s.o
 .ARM.attributes
                0x000002e3       0x33 src/ili93xx_example.o
 .ARM.attributes
                0x00000316       0x33 ../src/ASF/thirdparty/CMSIS/Lib/GCC\libarm_cortexM4l_math.a(arm_sin_f32.o)
 .ARM.attributes
                0x00000349       0x33 ../src/ASF/thirdparty/CMSIS/Lib/GCC\libarm_cortexM4l_math.a(arm_common_tables.o)
 .ARM.attributes
                0x0000037c       0x1e c:/program files (x86)/atmel/studio/7.0/toolchain/arm/arm-gnu-toolchain/bin/../lib/gcc/arm-none-eabi/4.9.3/armv7e-m\libgcc.a(_arm_addsubdf3.o)
 .ARM.attributes
                0x0000039a       0x1e c:/program files (x86)/atmel/studio/7.0/toolchain/arm/arm-gnu-toolchain/bin/../lib/gcc/arm-none-eabi/4.9.3/armv7e-m\libgcc.a(_arm_muldivdf3.o)
 .ARM.attributes
                0x000003b8       0x1e c:/program files (x86)/atmel/studio/7.0/toolchain/arm/arm-gnu-toolchain/bin/../lib/gcc/arm-none-eabi/4.9.3/armv7e-m\libgcc.a(_arm_truncdfsf2.o)
 .ARM.attributes
                0x000003d6       0x1e c:/program files (x86)/atmel/studio/7.0/toolchain/arm/arm-gnu-toolchain/bin/../lib/gcc/arm-none-eabi/4.9.3/armv7e-m\libgcc.a(_arm_addsubsf3.o)
 .ARM.attributes
                0x000003f4       0x1e c:/program files (x86)/atmel/studio/7.0/toolchain/arm/arm-gnu-toolchain/bin/../lib/gcc/arm-none-eabi/4.9.3/armv7e-m\libgcc.a(_arm_muldivsf3.o)
 .ARM.attributes
                0x00000412       0x1e c:/program files (x86)/atmel/studio/7.0/toolchain/arm/arm-gnu-toolchain/bin/../lib/gcc/arm-none-eabi/4.9.3/armv7e-m\libgcc.a(_arm_cmpsf2.o)
 .ARM.attributes
                0x00000430       0x1e c:/program files (x86)/atmel/studio/7.0/toolchain/arm/arm-gnu-toolchain/bin/../lib/gcc/arm-none-eabi/4.9.3/armv7e-m\libgcc.a(_arm_fixsfsi.o)
 .ARM.attributes
                0x0000044e       0x1e c:/program files (x86)/atmel/studio/7.0/toolchain/arm/arm-gnu-toolchain/bin/../lib/gcc/arm-none-eabi/4.9.3/armv7e-m\libgcc.a(_arm_fixunssfsi.o)
 .ARM.attributes
                0x0000046c       0x2e c:/program files (x86)/atmel/studio/7.0/toolchain/arm/arm-gnu-toolchain/bin/../lib/gcc/arm-none-eabi/4.9.3/../../../../arm-none-eabi/lib/armv7e-m\libc.a(lib_a-impure.o)
 .ARM.attributes
                0x0000049a       0x2e c:/program files (x86)/atmel/studio/7.0/toolchain/arm/arm-gnu-toolchain/bin/../lib/gcc/arm-none-eabi/4.9.3/../../../../arm-none-eabi/lib/armv7e-m\libc.a(lib_a-init.o)
 .ARM.attributes
                0x000004c8       0x2e c:/program files (x86)/atmel/studio/7.0/toolchain/arm/arm-gnu-toolchain/bin/../lib/gcc/arm-none-eabi/4.9.3/../../../../arm-none-eabi/lib/armv7e-m\libc.a(lib_a-__call_atexit.o)
 .ARM.attributes
                0x000004f6       0x2e c:/program files (x86)/atmel/studio/7.0/toolchain/arm/arm-gnu-toolchain/bin/../lib/gcc/arm-none-eabi/4.9.3/../../../../arm-none-eabi/lib/armv7e-m\libc.a(lib_a-atexit.o)
 .ARM.attributes
                0x00000524       0x2e c:/program files (x86)/atmel/studio/7.0/toolchain/arm/arm-gnu-toolchain/bin/../lib/gcc/arm-none-eabi/4.9.3/../../../../arm-none-eabi/lib/armv7e-m\libc.a(lib_a-fini.o)
 .ARM.attributes
                0x00000552       0x2e c:/program files (x86)/atmel/studio/7.0/toolchain/arm/arm-gnu-toolchain/bin/../lib/gcc/arm-none-eabi/4.9.3/../../../../arm-none-eabi/lib/armv7e-m\libc.a(lib_a-__atexit.o)
 .ARM.attributes
                0x00000580       0x1e c:/program files (x86)/atmel/studio/7.0/toolchain/arm/arm-gnu-toolchain/bin/../lib/gcc/arm-none-eabi/4.9.3/armv7e-m/crtn.o

.comment        0x00000000       0xcb
 .comment       0x00000000       0x5b src/ASF/sam/drivers/adc/adc.o
                                 0x5c (size before relaxing)
 .comment       0x00000000       0x5c src/ASF/sam/drivers/dacc/dacc.o
 .comment       0x00000000       0x5c src/ASF/sam/drivers/tc/tc.o
 .comment       0x00000000       0x5c src/ASF/common/services/clock/sam4s/sysclk.o
 .comment       0x00000000       0x5c src/ASF/sam/boards/sam4s_ek2/init.o
 .comment       0x00000000       0x5c src/ASF/sam/components/display/aat31xx/aat31xx.o
 .comment       0x00000000       0x5c src/ASF/sam/components/display/ili93xx/ili93xx.o
 .comment       0x00000000       0x5c src/ASF/sam/drivers/ebi/smc/smc.o
 .comment       0x00000000       0x5c src/ASF/sam/drivers/pio/pio.o
 .comment       0x00000000       0x5c src/ASF/sam/drivers/pio/pio_handler.o
 .comment       0x00000000       0x5c src/ASF/sam/drivers/pmc/pmc.o
 .comment       0x00000000       0x5c src/ASF/sam/utils/cmsis/sam4s/source/templates/gcc/startup_sam4s.o
 .comment       0x00000000       0x5c src/ASF/sam/utils/cmsis/sam4s/source/templates/system_sam4s.o
 .comment       0x00000000       0x5c src/ili93xx_example.o
 .comment       0x0000005b       0x70 ../src/ASF/thirdparty/CMSIS/Lib/GCC\libarm_cortexM4l_math.a(arm_sin_f32.o)
                                 0x71 (size before relaxing)
 .comment       0x00000000       0x71 ../src/ASF/thirdparty/CMSIS/Lib/GCC\libarm_cortexM4l_math.a(arm_common_tables.o)

.debug_info     0x00000000     0xe0d2
 .debug_info    0x00000000     0x11d4 src/ASF/sam/drivers/adc/adc.o
 .debug_info    0x000011d4      0x841 src/ASF/sam/drivers/dacc/dacc.o
 .debug_info    0x00001a15      0x933 src/ASF/sam/drivers/tc/tc.o
 .debug_info    0x00002348      0x736 src/ASF/common/services/clock/sam4s/sysclk.o
 .debug_info    0x00002a7e      0x980 src/ASF/sam/boards/sam4s_ek2/init.o
 .debug_info    0x000033fe      0x8a6 src/ASF/sam/components/display/aat31xx/aat31xx.o
 .debug_info    0x00003ca4     0x2aa4 src/ASF/sam/components/display/ili93xx/ili93xx.o
 .debug_info    0x00006748      0x3dd src/ASF/sam/drivers/ebi/smc/smc.o
 .debug_info    0x00006b25     0x1951 src/ASF/sam/drivers/pio/pio.o
 .debug_info    0x00008476      0xf77 src/ASF/sam/drivers/pio/pio_handler.o
 .debug_info    0x000093ed     0x10d2 src/ASF/sam/drivers/pmc/pmc.o
 .debug_info    0x0000a4bf      0x68d src/ASF/sam/utils/cmsis/sam4s/source/templates/gcc/startup_sam4s.o
 .debug_info    0x0000ab4c      0x469 src/ASF/sam/utils/cmsis/sam4s/source/templates/system_sam4s.o
 .debug_info    0x0000afb5     0x25f5 src/ili93xx_example.o
 .debug_info    0x0000d5aa      0x18b ../src/ASF/thirdparty/CMSIS/Lib/GCC\libarm_cortexM4l_math.a(arm_sin_f32.o)
 .debug_info    0x0000d735      0x99d ../src/ASF/thirdparty/CMSIS/Lib/GCC\libarm_cortexM4l_math.a(arm_common_tables.o)

.debug_abbrev   0x00000000     0x1f0d
 .debug_abbrev  0x00000000      0x235 src/ASF/sam/drivers/adc/adc.o
 .debug_abbrev  0x00000235      0x1c6 src/ASF/sam/drivers/dacc/dacc.o
 .debug_abbrev  0x000003fb      0x1ca src/ASF/sam/drivers/tc/tc.o
 .debug_abbrev  0x000005c5      0x221 src/ASF/common/services/clock/sam4s/sysclk.o
 .debug_abbrev  0x000007e6      0x17c src/ASF/sam/boards/sam4s_ek2/init.o
 .debug_abbrev  0x00000962      0x1d2 src/ASF/sam/components/display/aat31xx/aat31xx.o
 .debug_abbrev  0x00000b34      0x39f src/ASF/sam/components/display/ili93xx/ili93xx.o
 .debug_abbrev  0x00000ed3      0x113 src/ASF/sam/drivers/ebi/smc/smc.o
 .debug_abbrev  0x00000fe6      0x30b src/ASF/sam/drivers/pio/pio.o
 .debug_abbrev  0x000012f1      0x280 src/ASF/sam/drivers/pio/pio_handler.o
 .debug_abbrev  0x00001571      0x277 src/ASF/sam/drivers/pmc/pmc.o
 .debug_abbrev  0x000017e8      0x168 src/ASF/sam/utils/cmsis/sam4s/source/templates/gcc/startup_sam4s.o
 .debug_abbrev  0x00001950       0xf5 src/ASF/sam/utils/cmsis/sam4s/source/templates/system_sam4s.o
 .debug_abbrev  0x00001a45      0x38b src/ili93xx_example.o
 .debug_abbrev  0x00001dd0       0xb9 ../src/ASF/thirdparty/CMSIS/Lib/GCC\libarm_cortexM4l_math.a(arm_sin_f32.o)
 .debug_abbrev  0x00001e89       0x84 ../src/ASF/thirdparty/CMSIS/Lib/GCC\libarm_cortexM4l_math.a(arm_common_tables.o)

.debug_loc      0x00000000     0x5e91
 .debug_loc     0x00000000      0x9a8 src/ASF/sam/drivers/adc/adc.o
 .debug_loc     0x000009a8      0x33a src/ASF/sam/drivers/dacc/dacc.o
 .debug_loc     0x00000ce2      0x6ab src/ASF/sam/drivers/tc/tc.o
 .debug_loc     0x0000138d       0xed src/ASF/common/services/clock/sam4s/sysclk.o
 .debug_loc     0x0000147a       0x20 src/ASF/sam/boards/sam4s_ek2/init.o
 .debug_loc     0x0000149a       0xad src/ASF/sam/components/display/aat31xx/aat31xx.o
 .debug_loc     0x00001547     0x22d7 src/ASF/sam/components/display/ili93xx/ili93xx.o
 .debug_loc     0x0000381e       0xe7 src/ASF/sam/drivers/ebi/smc/smc.o
 .debug_loc     0x00003905      0xdd7 src/ASF/sam/drivers/pio/pio.o
 .debug_loc     0x000046dc      0x553 src/ASF/sam/drivers/pio/pio_handler.o
 .debug_loc     0x00004c2f      0xd88 src/ASF/sam/drivers/pmc/pmc.o
 .debug_loc     0x000059b7       0xc6 src/ASF/sam/utils/cmsis/sam4s/source/templates/gcc/startup_sam4s.o
 .debug_loc     0x00005a7d      0x216 src/ili93xx_example.o
 .debug_loc     0x00005c93      0x1fe ../src/ASF/thirdparty/CMSIS/Lib/GCC\libarm_cortexM4l_math.a(arm_sin_f32.o)

.debug_aranges  0x00000000      0xa40
 .debug_aranges
                0x00000000      0x188 src/ASF/sam/drivers/adc/adc.o
 .debug_aranges
                0x00000188       0xb8 src/ASF/sam/drivers/dacc/dacc.o
 .debug_aranges
                0x00000240       0xd0 src/ASF/sam/drivers/tc/tc.o
 .debug_aranges
                0x00000310       0x30 src/ASF/common/services/clock/sam4s/sysclk.o
 .debug_aranges
                0x00000340       0x20 src/ASF/sam/boards/sam4s_ek2/init.o
 .debug_aranges
                0x00000360       0x28 src/ASF/sam/components/display/aat31xx/aat31xx.o
 .debug_aranges
                0x00000388      0x170 src/ASF/sam/components/display/ili93xx/ili93xx.o
 .debug_aranges
                0x000004f8       0x50 src/ASF/sam/drivers/ebi/smc/smc.o
 .debug_aranges
                0x00000548      0x1a8 src/ASF/sam/drivers/pio/pio.o
 .debug_aranges
                0x000006f0       0x58 src/ASF/sam/drivers/pio/pio_handler.o
 .debug_aranges
                0x00000748      0x208 src/ASF/sam/drivers/pmc/pmc.o
 .debug_aranges
                0x00000950       0x28 src/ASF/sam/utils/cmsis/sam4s/source/templates/gcc/startup_sam4s.o
 .debug_aranges
                0x00000978       0x30 src/ASF/sam/utils/cmsis/sam4s/source/templates/system_sam4s.o
 .debug_aranges
                0x000009a8       0x60 src/ili93xx_example.o
 .debug_aranges
                0x00000a08       0x20 ../src/ASF/thirdparty/CMSIS/Lib/GCC\libarm_cortexM4l_math.a(arm_sin_f32.o)
 .debug_aranges
                0x00000a28       0x18 ../src/ASF/thirdparty/CMSIS/Lib/GCC\libarm_cortexM4l_math.a(arm_common_tables.o)

.debug_ranges   0x00000000      0x9f0
 .debug_ranges  0x00000000      0x178 src/ASF/sam/drivers/adc/adc.o
 .debug_ranges  0x00000178       0xa8 src/ASF/sam/drivers/dacc/dacc.o
 .debug_ranges  0x00000220       0xc0 src/ASF/sam/drivers/tc/tc.o
 .debug_ranges  0x000002e0       0x20 src/ASF/common/services/clock/sam4s/sysclk.o
 .debug_ranges  0x00000300       0x10 src/ASF/sam/boards/sam4s_ek2/init.o
 .debug_ranges  0x00000310       0x30 src/ASF/sam/components/display/aat31xx/aat31xx.o
 .debug_ranges  0x00000340      0x200 src/ASF/sam/components/display/ili93xx/ili93xx.o
 .debug_ranges  0x00000540       0x40 src/ASF/sam/drivers/ebi/smc/smc.o
 .debug_ranges  0x00000580      0x198 src/ASF/sam/drivers/pio/pio.o
 .debug_ranges  0x00000718       0x48 src/ASF/sam/drivers/pio/pio_handler.o
 .debug_ranges  0x00000760      0x1f8 src/ASF/sam/drivers/pmc/pmc.o
 .debug_ranges  0x00000958       0x18 src/ASF/sam/utils/cmsis/sam4s/source/templates/gcc/startup_sam4s.o
 .debug_ranges  0x00000970       0x20 src/ASF/sam/utils/cmsis/sam4s/source/templates/system_sam4s.o
 .debug_ranges  0x00000990       0x50 src/ili93xx_example.o
 .debug_ranges  0x000009e0       0x10 ../src/ASF/thirdparty/CMSIS/Lib/GCC\libarm_cortexM4l_math.a(arm_sin_f32.o)

.debug_macro    0x00000000     0x651c
 .debug_macro   0x00000000      0x4c1 src/ASF/sam/drivers/adc/adc.o
 .debug_macro   0x000004c1       0x1c src/ASF/sam/drivers/adc/adc.o
 .debug_macro   0x000004dd      0x4c9 src/ASF/sam/drivers/dacc/dacc.o
 .debug_macro   0x000009a6       0x10 src/ASF/sam/drivers/dacc/dacc.o
 .debug_macro   0x000009b6      0x4be src/ASF/sam/drivers/tc/tc.o
 .debug_macro   0x00000e74       0x16 src/ASF/sam/drivers/tc/tc.o
 .debug_macro   0x00000e8a       0x4a src/ASF/sam/drivers/tc/tc.o
 .debug_macro   0x00000ed4       0x1c src/ASF/sam/drivers/tc/tc.o
 .debug_macro   0x00000ef0      0x522 src/ASF/common/services/clock/sam4s/sysclk.o
 .debug_macro   0x00001412       0x28 src/ASF/common/services/clock/sam4s/sysclk.o
 .debug_macro   0x0000143a      0x288 src/ASF/common/services/clock/sam4s/sysclk.o
 .debug_macro   0x000016c2      0xa49 src/ASF/common/services/clock/sam4s/sysclk.o
 .debug_macro   0x0000210b       0x58 src/ASF/common/services/clock/sam4s/sysclk.o
 .debug_macro   0x00002163       0x64 src/ASF/common/services/clock/sam4s/sysclk.o
 .debug_macro   0x000021c7       0x46 src/ASF/common/services/clock/sam4s/sysclk.o
 .debug_macro   0x0000220d       0x90 src/ASF/common/services/clock/sam4s/sysclk.o
 .debug_macro   0x0000229d      0x561 src/ASF/sam/boards/sam4s_ek2/init.o
 .debug_macro   0x000027fe       0x22 src/ASF/sam/boards/sam4s_ek2/init.o
 .debug_macro   0x00002820       0x94 src/ASF/sam/boards/sam4s_ek2/init.o
 .debug_macro   0x000028b4       0x40 src/ASF/sam/boards/sam4s_ek2/init.o
 .debug_macro   0x000028f4       0x82 src/ASF/sam/boards/sam4s_ek2/init.o
 .debug_macro   0x00002976      0x570 src/ASF/sam/components/display/aat31xx/aat31xx.o
 .debug_macro   0x00002ee6       0x16 src/ASF/sam/components/display/aat31xx/aat31xx.o
 .debug_macro   0x00002efc      0x510 src/ASF/sam/components/display/ili93xx/ili93xx.o
 .debug_macro   0x0000340c       0x10 src/ASF/sam/components/display/ili93xx/ili93xx.o
 .debug_macro   0x0000341c      0x14f src/ASF/sam/components/display/ili93xx/ili93xx.o
 .debug_macro   0x0000356b      0x287 src/ASF/sam/components/display/ili93xx/ili93xx.o
 .debug_macro   0x000037f2      0x7ed src/ASF/sam/components/display/ili93xx/ili93xx.o
 .debug_macro   0x00003fdf      0x4d5 src/ASF/sam/drivers/ebi/smc/smc.o
 .debug_macro   0x000044b4      0x4bd src/ASF/sam/drivers/pio/pio.o
 .debug_macro   0x00004971       0x8e src/ASF/sam/drivers/pio/pio.o
 .debug_macro   0x000049ff      0x4c7 src/ASF/sam/drivers/pio/pio_handler.o
 .debug_macro   0x00004ec6      0x4bd src/ASF/sam/drivers/pmc/pmc.o
 .debug_macro   0x00005383       0x52 src/ASF/sam/drivers/pmc/pmc.o
 .debug_macro   0x000053d5      0x316 src/ASF/sam/utils/cmsis/sam4s/source/templates/gcc/startup_sam4s.o
 .debug_macro   0x000056eb      0x31e src/ASF/sam/utils/cmsis/sam4s/source/templates/system_sam4s.o
 .debug_macro   0x00005a09      0x73b src/ili93xx_example.o
 .debug_macro   0x00006144       0x16 src/ili93xx_example.o
 .debug_macro   0x0000615a       0x28 src/ili93xx_example.o
 .debug_macro   0x00006182       0x23 src/ili93xx_example.o
 .debug_macro   0x000061a5       0x88 src/ili93xx_example.o
 .debug_macro   0x0000622d       0x10 src/ili93xx_example.o
 .debug_macro   0x0000623d       0x12 src/ili93xx_example.o
 .debug_macro   0x0000624f       0x16 src/ili93xx_example.o
 .debug_macro   0x00006265      0x1e1 src/ili93xx_example.o
 .debug_macro   0x00006446       0xd6 src/ili93xx_example.o

.debug_line     0x00000000     0xb345
 .debug_line    0x00000000      0xdd5 src/ASF/sam/drivers/adc/adc.o
 .debug_line    0x00000dd5      0xb83 src/ASF/sam/drivers/dacc/dacc.o
 .debug_line    0x00001958      0xbca src/ASF/sam/drivers/tc/tc.o
 .debug_line    0x00002522      0xb5d src/ASF/common/services/clock/sam4s/sysclk.o
 .debug_line    0x0000307f      0xc22 src/ASF/sam/boards/sam4s_ek2/init.o
 .debug_line    0x00003ca1      0xc2f src/ASF/sam/components/display/aat31xx/aat31xx.o
 .debug_line    0x000048d0     0x1233 src/ASF/sam/components/display/ili93xx/ili93xx.o
 .debug_line    0x00005b03      0xad5 src/ASF/sam/drivers/ebi/smc/smc.o
 .debug_line    0x000065d8      0xeb9 src/ASF/sam/drivers/pio/pio.o
 .debug_line    0x00007491      0xade src/ASF/sam/drivers/pio/pio_handler.o
 .debug_line    0x00007f6f      0xfe5 src/ASF/sam/drivers/pmc/pmc.o
 .debug_line    0x00008f54      0x87d src/ASF/sam/utils/cmsis/sam4s/source/templates/gcc/startup_sam4s.o
 .debug_line    0x000097d1      0x897 src/ASF/sam/utils/cmsis/sam4s/source/templates/system_sam4s.o
 .debug_line    0x0000a068     0x104d src/ili93xx_example.o
 .debug_line    0x0000b0b5      0x167 ../src/ASF/thirdparty/CMSIS/Lib/GCC\libarm_cortexM4l_math.a(arm_sin_f32.o)
 .debug_line    0x0000b21c      0x129 ../src/ASF/thirdparty/CMSIS/Lib/GCC\libarm_cortexM4l_math.a(arm_common_tables.o)

.debug_str      0x00000000    0x5a144
 .debug_str     0x00000000    0x4a343 src/ASF/sam/drivers/adc/adc.o
                              0x4a6da (size before relaxing)
 .debug_str     0x0004a343      0x3c7 src/ASF/sam/drivers/dacc/dacc.o
                              0x4a057 (size before relaxing)
 .debug_str     0x0004a70a      0x372 src/ASF/sam/drivers/tc/tc.o
                              0x49f6d (size before relaxing)
 .debug_str     0x0004aa7c     0x4c17 src/ASF/common/services/clock/sam4s/sysclk.o
                              0x4e870 (size before relaxing)
 .debug_str     0x0004f693      0xbd1 src/ASF/sam/boards/sam4s_ek2/init.o
                              0x4f1b4 (size before relaxing)
 .debug_str     0x00050264      0x224 src/ASF/sam/components/display/aat31xx/aat31xx.o
                              0x4ed1f (size before relaxing)
 .debug_str     0x00050488     0x6553 src/ASF/sam/components/display/ili93xx/ili93xx.o
                              0x542c7 (size before relaxing)
 .debug_str     0x000569db      0x188 src/ASF/sam/drivers/ebi/smc/smc.o
                              0x4dded (size before relaxing)
 .debug_str     0x00056b63      0x532 src/ASF/sam/drivers/pio/pio.o
                              0x4a822 (size before relaxing)
 .debug_str     0x00057095      0x40b src/ASF/sam/drivers/pio/pio_handler.o
                              0x4a69d (size before relaxing)
 .debug_str     0x000574a0      0x6ca src/ASF/sam/drivers/pmc/pmc.o
                              0x4a671 (size before relaxing)
 .debug_str     0x00057b6a      0x40e src/ASF/sam/utils/cmsis/sam4s/source/templates/gcc/startup_sam4s.o
                              0x3b47d (size before relaxing)
 .debug_str     0x00057f78       0xf1 src/ASF/sam/utils/cmsis/sam4s/source/templates/system_sam4s.o
                              0x3b246 (size before relaxing)
 .debug_str     0x00058069     0x1ab6 src/ili93xx_example.o
                              0x57422 (size before relaxing)
 .debug_str     0x00059b1f      0x12c ../src/ASF/thirdparty/CMSIS/Lib/GCC\libarm_cortexM4l_math.a(arm_sin_f32.o)
                                0x20d (size before relaxing)
 .debug_str     0x00059c4b      0x4f9 ../src/ASF/thirdparty/CMSIS/Lib/GCC\libarm_cortexM4l_math.a(arm_common_tables.o)
                                0x6cf (size before relaxing)

.debug_frame    0x00000000     0x181c
 .debug_frame   0x00000000      0x340 src/ASF/sam/drivers/adc/adc.o
 .debug_frame   0x00000340      0x15c src/ASF/sam/drivers/dacc/dacc.o
 .debug_frame   0x0000049c      0x1a4 src/ASF/sam/drivers/tc/tc.o
 .debug_frame   0x00000640       0x58 src/ASF/common/services/clock/sam4s/sysclk.o
 .debug_frame   0x00000698       0x2c src/ASF/sam/boards/sam4s_ek2/init.o
 .debug_frame   0x000006c4       0x50 src/ASF/sam/components/display/aat31xx/aat31xx.o
 .debug_frame   0x00000714      0x4d4 src/ASF/sam/components/display/ili93xx/ili93xx.o
 .debug_frame   0x00000be8       0x80 src/ASF/sam/drivers/ebi/smc/smc.o
 .debug_frame   0x00000c68      0x38c src/ASF/sam/drivers/pio/pio.o
 .debug_frame   0x00000ff4       0xf4 src/ASF/sam/drivers/pio/pio_handler.o
 .debug_frame   0x000010e8      0x46c src/ASF/sam/drivers/pmc/pmc.o
 .debug_frame   0x00001554       0x38 src/ASF/sam/utils/cmsis/sam4s/source/templates/gcc/startup_sam4s.o
 .debug_frame   0x0000158c       0x40 src/ASF/sam/utils/cmsis/sam4s/source/templates/system_sam4s.o
 .debug_frame   0x000015cc      0x11c src/ili93xx_example.o
 .debug_frame   0x000016e8       0x30 ../src/ASF/thirdparty/CMSIS/Lib/GCC\libarm_cortexM4l_math.a(arm_sin_f32.o)
 .debug_frame   0x00001718       0x2c c:/program files (x86)/atmel/studio/7.0/toolchain/arm/arm-gnu-toolchain/bin/../lib/gcc/arm-none-eabi/4.9.3/../../../../arm-none-eabi/lib/armv7e-m\libc.a(lib_a-init.o)
 .debug_frame   0x00001744       0x50 c:/program files (x86)/atmel/studio/7.0/toolchain/arm/arm-gnu-toolchain/bin/../lib/gcc/arm-none-eabi/4.9.3/../../../../arm-none-eabi/lib/armv7e-m\libc.a(lib_a-__call_atexit.o)
 .debug_frame   0x00001794       0x20 c:/program files (x86)/atmel/studio/7.0/toolchain/arm/arm-gnu-toolchain/bin/../lib/gcc/arm-none-eabi/4.9.3/../../../../arm-none-eabi/lib/armv7e-m\libc.a(lib_a-atexit.o)
 .debug_frame   0x000017b4       0x34 c:/program files (x86)/atmel/studio/7.0/toolchain/arm/arm-gnu-toolchain/bin/../lib/gcc/arm-none-eabi/4.9.3/../../../../arm-none-eabi/lib/armv7e-m\libc.a(lib_a-fini.o)
 .debug_frame   0x000017e8       0x34 c:/program files (x86)/atmel/studio/7.0/toolchain/arm/arm-gnu-toolchain/bin/../lib/gcc/arm-none-eabi/4.9.3/../../../../arm-none-eabi/lib/armv7e-m\libc.a(lib_a-__atexit.o)

Cross Reference Table

Symbol                                            File
ACC_Handler                                       src/ASF/sam/utils/cmsis/sam4s/source/templates/gcc/startup_sam4s.o
ADC_Handler                                       src/ili93xx_example.o
                                                  src/ASF/sam/utils/cmsis/sam4s/source/templates/gcc/startup_sam4s.o
Amplitude                                         src/ili93xx_example.o
BusFault_Handler                                  src/ASF/sam/utils/cmsis/sam4s/source/templates/gcc/startup_sam4s.o
CRCCU_Handler                                     src/ASF/sam/utils/cmsis/sam4s/source/templates/gcc/startup_sam4s.o
DACC_Handler                                      src/ASF/sam/utils/cmsis/sam4s/source/templates/gcc/startup_sam4s.o
DebugMon_Handler                                  src/ASF/sam/utils/cmsis/sam4s/source/templates/gcc/startup_sam4s.o
Dummy_Handler                                     src/ASF/sam/utils/cmsis/sam4s/source/templates/gcc/startup_sam4s.o
EFC0_Handler                                      src/ASF/sam/utils/cmsis/sam4s/source/templates/gcc/startup_sam4s.o
EFC1_Handler                                      src/ASF/sam/utils/cmsis/sam4s/source/templates/gcc/startup_sam4s.o
HSMCI_Handler                                     src/ASF/sam/utils/cmsis/sam4s/source/templates/gcc/startup_sam4s.o
HardFault_Handler                                 src/ASF/sam/utils/cmsis/sam4s/source/templates/gcc/startup_sam4s.o
LED_Off                                           src/ASF/sam/boards/sam4s_ek2/led.o
LED_On                                            src/ASF/sam/boards/sam4s_ek2/led.o
MemManage_Handler                                 src/ASF/sam/utils/cmsis/sam4s/source/templates/gcc/startup_sam4s.o
NMI_Handler                                       src/ASF/sam/utils/cmsis/sam4s/source/templates/gcc/startup_sam4s.o
PIOA_Handler                                      src/ASF/sam/drivers/pio/pio_handler.o
PIOB_Handler                                      src/ASF/sam/drivers/pio/pio_handler.o
PIOC_Handler                                      src/ASF/sam/drivers/pio/pio_handler.o
PMC_Handler                                       src/ASF/sam/utils/cmsis/sam4s/source/templates/gcc/startup_sam4s.o
PWM_Handler                                       src/ASF/sam/utils/cmsis/sam4s/source/templates/gcc/startup_sam4s.o
PendSV_Handler                                    src/ASF/sam/utils/cmsis/sam4s/source/templates/gcc/startup_sam4s.o
RSTC_Handler                                      src/ASF/sam/utils/cmsis/sam4s/source/templates/gcc/startup_sam4s.o
RTC_Handler                                       src/ASF/sam/utils/cmsis/sam4s/source/templates/gcc/startup_sam4s.o
RTT_Handler                                       src/ASF/sam/utils/cmsis/sam4s/source/templates/gcc/startup_sam4s.o
Reset_Handler                                     src/ASF/sam/utils/cmsis/sam4s/source/templates/gcc/startup_sam4s.o
SPI_Handler                                       src/ASF/sam/utils/cmsis/sam4s/source/templates/gcc/startup_sam4s.o
SSC_Handler                                       src/ASF/sam/utils/cmsis/sam4s/source/templates/gcc/startup_sam4s.o
SUPC_Handler                                      src/ASF/sam/utils/cmsis/sam4s/source/templates/gcc/startup_sam4s.o
SVC_Handler                                       src/ASF/sam/utils/cmsis/sam4s/source/templates/gcc/startup_sam4s.o
SysTick_Handler                                   src/ASF/sam/utils/cmsis/sam4s/source/templates/gcc/startup_sam4s.o
SystemCoreClock                                   src/ASF/sam/utils/cmsis/sam4s/source/templates/system_sam4s.o
SystemCoreClockUpdate                             src/ASF/sam/utils/cmsis/sam4s/source/templates/system_sam4s.o
                                                  src/ASF/common/services/clock/sam4s/sysclk.o
SystemInit                                        src/ASF/sam/utils/cmsis/sam4s/source/templates/system_sam4s.o
TC0_Handler                                       src/ili93xx_example.o
                                                  src/ASF/sam/utils/cmsis/sam4s/source/templates/gcc/startup_sam4s.o
TC1_Handler                                       src/ASF/sam/utils/cmsis/sam4s/source/templates/gcc/startup_sam4s.o
TC2_Handler                                       src/ASF/sam/utils/cmsis/sam4s/source/templates/gcc/startup_sam4s.o
TC3_Handler                                       src/ASF/sam/utils/cmsis/sam4s/source/templates/gcc/startup_sam4s.o
TC4_Handler                                       src/ASF/sam/utils/cmsis/sam4s/source/templates/gcc/startup_sam4s.o
TC5_Handler                                       src/ASF/sam/utils/cmsis/sam4s/source/templates/gcc/startup_sam4s.o
TWI0_Handler                                      src/ASF/sam/utils/cmsis/sam4s/source/templates/gcc/startup_sam4s.o
TWI1_Handler                                      src/ASF/sam/utils/cmsis/sam4s/source/templates/gcc/startup_sam4s.o
UART0_Handler                                     src/ASF/sam/utils/cmsis/sam4s/source/templates/gcc/startup_sam4s.o
UART1_Handler                                     src/ASF/sam/utils/cmsis/sam4s/source/templates/gcc/startup_sam4s.o
UDP_Handler                                       src/ASF/sam/utils/cmsis/sam4s/source/templates/gcc/startup_sam4s.o
USART0_Handler                                    src/ASF/sam/utils/cmsis/sam4s/source/templates/gcc/startup_sam4s.o
USART1_Handler                                    src/ASF/sam/utils/cmsis/sam4s/source/templates/gcc/startup_sam4s.o
UsageFault_Handler                                src/ASF/sam/utils/cmsis/sam4s/source/templates/gcc/startup_sam4s.o
WDT_Handler                                       src/ASF/sam/utils/cmsis/sam4s/source/templates/gcc/startup_sam4s.o
_Jv_RegisterClasses                               c:/program files (x86)/atmel/studio/7.0/toolchain/arm/arm-gnu-toolchain/bin/../lib/gcc/arm-none-eabi/4.9.3/armv7e-m/crtbegin.o
_PathLocale                                       c:/program files (x86)/atmel/studio/7.0/toolchain/arm/arm-gnu-toolchain/bin/../lib/gcc/arm-none-eabi/4.9.3/../../../../arm-none-eabi/lib/armv7e-m\libc.a(lib_a-locale.o)
__adddf3                                          c:/program files (x86)/atmel/studio/7.0/toolchain/arm/arm-gnu-toolchain/bin/../lib/gcc/arm-none-eabi/4.9.3/armv7e-m\libgcc.a(_arm_addsubdf3.o)
__addsf3                                          c:/program files (x86)/atmel/studio/7.0/toolchain/arm/arm-gnu-toolchain/bin/../lib/gcc/arm-none-eabi/4.9.3/armv7e-m\libgcc.a(_arm_addsubsf3.o)
__aeabi_cfcmpeq                                   c:/program files (x86)/atmel/studio/7.0/toolchain/arm/arm-gnu-toolchain/bin/../lib/gcc/arm-none-eabi/4.9.3/armv7e-m\libgcc.a(_arm_cmpsf2.o)
__aeabi_cfcmple                                   c:/program files (x86)/atmel/studio/7.0/toolchain/arm/arm-gnu-toolchain/bin/../lib/gcc/arm-none-eabi/4.9.3/armv7e-m\libgcc.a(_arm_cmpsf2.o)
__aeabi_cfrcmple                                  c:/program files (x86)/atmel/studio/7.0/toolchain/arm/arm-gnu-toolchain/bin/../lib/gcc/arm-none-eabi/4.9.3/armv7e-m\libgcc.a(_arm_cmpsf2.o)
__aeabi_d2f                                       c:/program files (x86)/atmel/studio/7.0/toolchain/arm/arm-gnu-toolchain/bin/../lib/gcc/arm-none-eabi/4.9.3/armv7e-m\libgcc.a(_arm_truncdfsf2.o)
                                                  src/ili93xx_example.o
__aeabi_dadd                                      c:/program files (x86)/atmel/studio/7.0/toolchain/arm/arm-gnu-toolchain/bin/../lib/gcc/arm-none-eabi/4.9.3/armv7e-m\libgcc.a(_arm_addsubdf3.o)
                                                  src/ili93xx_example.o
__aeabi_ddiv                                      c:/program files (x86)/atmel/studio/7.0/toolchain/arm/arm-gnu-toolchain/bin/../lib/gcc/arm-none-eabi/4.9.3/armv7e-m\libgcc.a(_arm_muldivdf3.o)
                                                  src/ili93xx_example.o
__aeabi_dmul                                      c:/program files (x86)/atmel/studio/7.0/toolchain/arm/arm-gnu-toolchain/bin/../lib/gcc/arm-none-eabi/4.9.3/armv7e-m\libgcc.a(_arm_muldivdf3.o)
                                                  src/ili93xx_example.o
__aeabi_drsub                                     c:/program files (x86)/atmel/studio/7.0/toolchain/arm/arm-gnu-toolchain/bin/../lib/gcc/arm-none-eabi/4.9.3/armv7e-m\libgcc.a(_arm_addsubdf3.o)
__aeabi_dsub                                      c:/program files (x86)/atmel/studio/7.0/toolchain/arm/arm-gnu-toolchain/bin/../lib/gcc/arm-none-eabi/4.9.3/armv7e-m\libgcc.a(_arm_addsubdf3.o)
__aeabi_f2d                                       c:/program files (x86)/atmel/studio/7.0/toolchain/arm/arm-gnu-toolchain/bin/../lib/gcc/arm-none-eabi/4.9.3/armv7e-m\libgcc.a(_arm_addsubdf3.o)
                                                  src/ili93xx_example.o
__aeabi_f2iz                                      c:/program files (x86)/atmel/studio/7.0/toolchain/arm/arm-gnu-toolchain/bin/../lib/gcc/arm-none-eabi/4.9.3/armv7e-m\libgcc.a(_arm_fixsfsi.o)
                                                  ../src/ASF/thirdparty/CMSIS/Lib/GCC\libarm_cortexM4l_math.a(arm_sin_f32.o)
__aeabi_f2uiz                                     c:/program files (x86)/atmel/studio/7.0/toolchain/arm/arm-gnu-toolchain/bin/../lib/gcc/arm-none-eabi/4.9.3/armv7e-m\libgcc.a(_arm_fixunssfsi.o)
                                                  ../src/ASF/thirdparty/CMSIS/Lib/GCC\libarm_cortexM4l_math.a(arm_sin_f32.o)
                                                  src/ili93xx_example.o
__aeabi_fadd                                      c:/program files (x86)/atmel/studio/7.0/toolchain/arm/arm-gnu-toolchain/bin/../lib/gcc/arm-none-eabi/4.9.3/armv7e-m\libgcc.a(_arm_addsubsf3.o)
                                                  ../src/ASF/thirdparty/CMSIS/Lib/GCC\libarm_cortexM4l_math.a(arm_sin_f32.o)
__aeabi_fcmpeq                                    c:/program files (x86)/atmel/studio/7.0/toolchain/arm/arm-gnu-toolchain/bin/../lib/gcc/arm-none-eabi/4.9.3/armv7e-m\libgcc.a(_arm_cmpsf2.o)
                                                  src/ili93xx_example.o
__aeabi_fcmpge                                    c:/program files (x86)/atmel/studio/7.0/toolchain/arm/arm-gnu-toolchain/bin/../lib/gcc/arm-none-eabi/4.9.3/armv7e-m\libgcc.a(_arm_cmpsf2.o)
__aeabi_fcmpgt                                    c:/program files (x86)/atmel/studio/7.0/toolchain/arm/arm-gnu-toolchain/bin/../lib/gcc/arm-none-eabi/4.9.3/armv7e-m\libgcc.a(_arm_cmpsf2.o)
                                                  src/ili93xx_example.o
__aeabi_fcmple                                    c:/program files (x86)/atmel/studio/7.0/toolchain/arm/arm-gnu-toolchain/bin/../lib/gcc/arm-none-eabi/4.9.3/armv7e-m\libgcc.a(_arm_cmpsf2.o)
__aeabi_fcmplt                                    c:/program files (x86)/atmel/studio/7.0/toolchain/arm/arm-gnu-toolchain/bin/../lib/gcc/arm-none-eabi/4.9.3/armv7e-m\libgcc.a(_arm_cmpsf2.o)
                                                  ../src/ASF/thirdparty/CMSIS/Lib/GCC\libarm_cortexM4l_math.a(arm_sin_f32.o)
__aeabi_fdiv                                      c:/program files (x86)/atmel/studio/7.0/toolchain/arm/arm-gnu-toolchain/bin/../lib/gcc/arm-none-eabi/4.9.3/armv7e-m\libgcc.a(_arm_muldivsf3.o)
__aeabi_fmul                                      c:/program files (x86)/atmel/studio/7.0/toolchain/arm/arm-gnu-toolchain/bin/../lib/gcc/arm-none-eabi/4.9.3/armv7e-m\libgcc.a(_arm_muldivsf3.o)
                                                  ../src/ASF/thirdparty/CMSIS/Lib/GCC\libarm_cortexM4l_math.a(arm_sin_f32.o)
                                                  src/ili93xx_example.o
__aeabi_frsub                                     c:/program files (x86)/atmel/studio/7.0/toolchain/arm/arm-gnu-toolchain/bin/../lib/gcc/arm-none-eabi/4.9.3/armv7e-m\libgcc.a(_arm_addsubsf3.o)
__aeabi_fsub                                      c:/program files (x86)/atmel/studio/7.0/toolchain/arm/arm-gnu-toolchain/bin/../lib/gcc/arm-none-eabi/4.9.3/armv7e-m\libgcc.a(_arm_addsubsf3.o)
                                                  ../src/ASF/thirdparty/CMSIS/Lib/GCC\libarm_cortexM4l_math.a(arm_sin_f32.o)
__aeabi_i2d                                       c:/program files (x86)/atmel/studio/7.0/toolchain/arm/arm-gnu-toolchain/bin/../lib/gcc/arm-none-eabi/4.9.3/armv7e-m\libgcc.a(_arm_addsubdf3.o)
__aeabi_i2f                                       c:/program files (x86)/atmel/studio/7.0/toolchain/arm/arm-gnu-toolchain/bin/../lib/gcc/arm-none-eabi/4.9.3/armv7e-m\libgcc.a(_arm_addsubsf3.o)
                                                  ../src/ASF/thirdparty/CMSIS/Lib/GCC\libarm_cortexM4l_math.a(arm_sin_f32.o)
                                                  src/ili93xx_example.o
__aeabi_idiv0                                     c:/program files (x86)/atmel/studio/7.0/toolchain/arm/arm-gnu-toolchain/bin/../lib/gcc/arm-none-eabi/4.9.3/armv7e-m\libgcc.a(_dvmd_tls.o)
__aeabi_l2d                                       c:/program files (x86)/atmel/studio/7.0/toolchain/arm/arm-gnu-toolchain/bin/../lib/gcc/arm-none-eabi/4.9.3/armv7e-m\libgcc.a(_arm_addsubdf3.o)
__aeabi_l2f                                       c:/program files (x86)/atmel/studio/7.0/toolchain/arm/arm-gnu-toolchain/bin/../lib/gcc/arm-none-eabi/4.9.3/armv7e-m\libgcc.a(_arm_addsubsf3.o)
__aeabi_ldiv0                                     c:/program files (x86)/atmel/studio/7.0/toolchain/arm/arm-gnu-toolchain/bin/../lib/gcc/arm-none-eabi/4.9.3/armv7e-m\libgcc.a(_dvmd_tls.o)
                                                  c:/program files (x86)/atmel/studio/7.0/toolchain/arm/arm-gnu-toolchain/bin/../lib/gcc/arm-none-eabi/4.9.3/armv7e-m\libgcc.a(_aeabi_uldivmod.o)
__aeabi_ui2d                                      c:/program files (x86)/atmel/studio/7.0/toolchain/arm/arm-gnu-toolchain/bin/../lib/gcc/arm-none-eabi/4.9.3/armv7e-m\libgcc.a(_arm_addsubdf3.o)
                                                  src/ili93xx_example.o
__aeabi_ui2f                                      c:/program files (x86)/atmel/studio/7.0/toolchain/arm/arm-gnu-toolchain/bin/../lib/gcc/arm-none-eabi/4.9.3/armv7e-m\libgcc.a(_arm_addsubsf3.o)
                                                  ../src/ASF/thirdparty/CMSIS/Lib/GCC\libarm_cortexM4l_math.a(arm_sin_f32.o)
__aeabi_ul2d                                      c:/program files (x86)/atmel/studio/7.0/toolchain/arm/arm-gnu-toolchain/bin/../lib/gcc/arm-none-eabi/4.9.3/armv7e-m\libgcc.a(_arm_addsubdf3.o)
__aeabi_ul2f                                      c:/program files (x86)/atmel/studio/7.0/toolchain/arm/arm-gnu-toolchain/bin/../lib/gcc/arm-none-eabi/4.9.3/armv7e-m\libgcc.a(_arm_addsubsf3.o)
__aeabi_uldivmod                                  c:/program files (x86)/atmel/studio/7.0/toolchain/arm/arm-gnu-toolchain/bin/../lib/gcc/arm-none-eabi/4.9.3/armv7e-m\libgcc.a(_aeabi_uldivmod.o)
                                                  c:/program files (x86)/atmel/studio/7.0/toolchain/arm/arm-gnu-toolchain/bin/../lib/gcc/arm-none-eabi/4.9.3/../../../../arm-none-eabi/lib/armv7e-m\libc.a(lib_a-vfiprintf.o)
__ascii_wctomb                                    c:/program files (x86)/atmel/studio/7.0/toolchain/arm/arm-gnu-toolchain/bin/../lib/gcc/arm-none-eabi/4.9.3/../../../../arm-none-eabi/lib/armv7e-m\libc.a(lib_a-wctomb_r.o)
__bss_end__                                       c:/program files (x86)/atmel/studio/7.0/toolchain/arm/arm-gnu-toolchain/bin/../lib/gcc/arm-none-eabi/4.9.3/../../../../arm-none-eabi/lib/armv7e-m/crt0.o
__bss_start__                                     c:/program files (x86)/atmel/studio/7.0/toolchain/arm/arm-gnu-toolchain/bin/../lib/gcc/arm-none-eabi/4.9.3/../../../../arm-none-eabi/lib/armv7e-m/crt0.o
__call_exitprocs                                  c:/program files (x86)/atmel/studio/7.0/toolchain/arm/arm-gnu-toolchain/bin/../lib/gcc/arm-none-eabi/4.9.3/../../../../arm-none-eabi/lib/armv7e-m\libc.a(lib_a-__call_atexit.o)
                                                  c:/program files (x86)/atmel/studio/7.0/toolchain/arm/arm-gnu-toolchain/bin/../lib/gcc/arm-none-eabi/4.9.3/../../../../arm-none-eabi/lib/armv7e-m\libc.a(lib_a-exit.o)
__cmpsf2                                          c:/program files (x86)/atmel/studio/7.0/toolchain/arm/arm-gnu-toolchain/bin/../lib/gcc/arm-none-eabi/4.9.3/armv7e-m\libgcc.a(_arm_cmpsf2.o)
__deregister_frame_info                           c:/program files (x86)/atmel/studio/7.0/toolchain/arm/arm-gnu-toolchain/bin/../lib/gcc/arm-none-eabi/4.9.3/armv7e-m/crtbegin.o
__divdf3                                          c:/program files (x86)/atmel/studio/7.0/toolchain/arm/arm-gnu-toolchain/bin/../lib/gcc/arm-none-eabi/4.9.3/armv7e-m\libgcc.a(_arm_muldivdf3.o)
__divdi3                                          c:/program files (x86)/atmel/studio/7.0/toolchain/arm/arm-gnu-toolchain/bin/../lib/gcc/arm-none-eabi/4.9.3/armv7e-m\libgcc.a(_divdi3.o)
                                                  c:/program files (x86)/atmel/studio/7.0/toolchain/arm/arm-gnu-toolchain/bin/../lib/gcc/arm-none-eabi/4.9.3/armv7e-m\libgcc.a(bpabi.o)
__divsf3                                          c:/program files (x86)/atmel/studio/7.0/toolchain/arm/arm-gnu-toolchain/bin/../lib/gcc/arm-none-eabi/4.9.3/armv7e-m\libgcc.a(_arm_muldivsf3.o)
__dso_handle                                      c:/program files (x86)/atmel/studio/7.0/toolchain/arm/arm-gnu-toolchain/bin/../lib/gcc/arm-none-eabi/4.9.3/armv7e-m/crtbegin.o
__eqsf2                                           c:/program files (x86)/atmel/studio/7.0/toolchain/arm/arm-gnu-toolchain/bin/../lib/gcc/arm-none-eabi/4.9.3/armv7e-m\libgcc.a(_arm_cmpsf2.o)
__extendsfdf2                                     c:/program files (x86)/atmel/studio/7.0/toolchain/arm/arm-gnu-toolchain/bin/../lib/gcc/arm-none-eabi/4.9.3/armv7e-m\libgcc.a(_arm_addsubdf3.o)
__fini_array_end                                  c:/program files (x86)/atmel/studio/7.0/toolchain/arm/arm-gnu-toolchain/bin/../lib/gcc/arm-none-eabi/4.9.3/../../../../arm-none-eabi/lib/armv7e-m\libc.a(lib_a-fini.o)
__fini_array_start                                c:/program files (x86)/atmel/studio/7.0/toolchain/arm/arm-gnu-toolchain/bin/../lib/gcc/arm-none-eabi/4.9.3/../../../../arm-none-eabi/lib/armv7e-m\libc.a(lib_a-fini.o)
__fixsfsi                                         c:/program files (x86)/atmel/studio/7.0/toolchain/arm/arm-gnu-toolchain/bin/../lib/gcc/arm-none-eabi/4.9.3/armv7e-m\libgcc.a(_arm_fixsfsi.o)
__fixunssfsi                                      c:/program files (x86)/atmel/studio/7.0/toolchain/arm/arm-gnu-toolchain/bin/../lib/gcc/arm-none-eabi/4.9.3/armv7e-m\libgcc.a(_arm_fixunssfsi.o)
__floatdidf                                       c:/program files (x86)/atmel/studio/7.0/toolchain/arm/arm-gnu-toolchain/bin/../lib/gcc/arm-none-eabi/4.9.3/armv7e-m\libgcc.a(_arm_addsubdf3.o)
__floatdisf                                       c:/program files (x86)/atmel/studio/7.0/toolchain/arm/arm-gnu-toolchain/bin/../lib/gcc/arm-none-eabi/4.9.3/armv7e-m\libgcc.a(_arm_addsubsf3.o)
__floatsidf                                       c:/program files (x86)/atmel/studio/7.0/toolchain/arm/arm-gnu-toolchain/bin/../lib/gcc/arm-none-eabi/4.9.3/armv7e-m\libgcc.a(_arm_addsubdf3.o)
__floatsisf                                       c:/program files (x86)/atmel/studio/7.0/toolchain/arm/arm-gnu-toolchain/bin/../lib/gcc/arm-none-eabi/4.9.3/armv7e-m\libgcc.a(_arm_addsubsf3.o)
__floatundidf                                     c:/program files (x86)/atmel/studio/7.0/toolchain/arm/arm-gnu-toolchain/bin/../lib/gcc/arm-none-eabi/4.9.3/armv7e-m\libgcc.a(_arm_addsubdf3.o)
__floatundisf                                     c:/program files (x86)/atmel/studio/7.0/toolchain/arm/arm-gnu-toolchain/bin/../lib/gcc/arm-none-eabi/4.9.3/armv7e-m\libgcc.a(_arm_addsubsf3.o)
__floatunsidf                                     c:/program files (x86)/atmel/studio/7.0/toolchain/arm/arm-gnu-toolchain/bin/../lib/gcc/arm-none-eabi/4.9.3/armv7e-m\libgcc.a(_arm_addsubdf3.o)
__floatunsisf                                     c:/program files (x86)/atmel/studio/7.0/toolchain/arm/arm-gnu-toolchain/bin/../lib/gcc/arm-none-eabi/4.9.3/armv7e-m\libgcc.a(_arm_addsubsf3.o)
__fp_lock_all                                     c:/program files (x86)/atmel/studio/7.0/toolchain/arm/arm-gnu-toolchain/bin/../lib/gcc/arm-none-eabi/4.9.3/../../../../arm-none-eabi/lib/armv7e-m\libc.a(lib_a-findfp.o)
__fp_unlock_all                                   c:/program files (x86)/atmel/studio/7.0/toolchain/arm/arm-gnu-toolchain/bin/../lib/gcc/arm-none-eabi/4.9.3/../../../../arm-none-eabi/lib/armv7e-m\libc.a(lib_a-findfp.o)
__fputwc                                          c:/program files (x86)/atmel/studio/7.0/toolchain/arm/arm-gnu-toolchain/bin/../lib/gcc/arm-none-eabi/4.9.3/../../../../arm-none-eabi/lib/armv7e-m\libc.a(lib_a-fputwc.o)
__gesf2                                           c:/program files (x86)/atmel/studio/7.0/toolchain/arm/arm-gnu-toolchain/bin/../lib/gcc/arm-none-eabi/4.9.3/armv7e-m\libgcc.a(_arm_cmpsf2.o)
__gnu_ldivmod_helper                              c:/program files (x86)/atmel/studio/7.0/toolchain/arm/arm-gnu-toolchain/bin/../lib/gcc/arm-none-eabi/4.9.3/armv7e-m\libgcc.a(bpabi.o)
__gnu_uldivmod_helper                             c:/program files (x86)/atmel/studio/7.0/toolchain/arm/arm-gnu-toolchain/bin/../lib/gcc/arm-none-eabi/4.9.3/armv7e-m\libgcc.a(bpabi.o)
                                                  c:/program files (x86)/atmel/studio/7.0/toolchain/arm/arm-gnu-toolchain/bin/../lib/gcc/arm-none-eabi/4.9.3/armv7e-m\libgcc.a(_aeabi_uldivmod.o)
__gtsf2                                           c:/program files (x86)/atmel/studio/7.0/toolchain/arm/arm-gnu-toolchain/bin/../lib/gcc/arm-none-eabi/4.9.3/armv7e-m\libgcc.a(_arm_cmpsf2.o)
__init_array_end                                  c:/program files (x86)/atmel/studio/7.0/toolchain/arm/arm-gnu-toolchain/bin/../lib/gcc/arm-none-eabi/4.9.3/../../../../arm-none-eabi/lib/armv7e-m\libc.a(lib_a-init.o)
__init_array_start                                c:/program files (x86)/atmel/studio/7.0/toolchain/arm/arm-gnu-toolchain/bin/../lib/gcc/arm-none-eabi/4.9.3/../../../../arm-none-eabi/lib/armv7e-m\libc.a(lib_a-init.o)
__lesf2                                           c:/program files (x86)/atmel/studio/7.0/toolchain/arm/arm-gnu-toolchain/bin/../lib/gcc/arm-none-eabi/4.9.3/armv7e-m\libgcc.a(_arm_cmpsf2.o)
__libc_fini                                       c:/program files (x86)/atmel/studio/7.0/toolchain/arm/arm-gnu-toolchain/bin/../lib/gcc/arm-none-eabi/4.9.3/../../../../arm-none-eabi/lib/armv7e-m\libc.a(lib_a-__call_atexit.o)
__libc_fini_array                                 c:/program files (x86)/atmel/studio/7.0/toolchain/arm/arm-gnu-toolchain/bin/../lib/gcc/arm-none-eabi/4.9.3/../../../../arm-none-eabi/lib/armv7e-m\libc.a(lib_a-fini.o)
                                                  c:/program files (x86)/atmel/studio/7.0/toolchain/arm/arm-gnu-toolchain/bin/../lib/gcc/arm-none-eabi/4.9.3/../../../../arm-none-eabi/lib/armv7e-m\libc.a(lib_a-__call_atexit.o)
                                                  c:/program files (x86)/atmel/studio/7.0/toolchain/arm/arm-gnu-toolchain/bin/../lib/gcc/arm-none-eabi/4.9.3/../../../../arm-none-eabi/lib/armv7e-m/crt0.o
__libc_init_array                                 c:/program files (x86)/atmel/studio/7.0/toolchain/arm/arm-gnu-toolchain/bin/../lib/gcc/arm-none-eabi/4.9.3/../../../../arm-none-eabi/lib/armv7e-m\libc.a(lib_a-init.o)
                                                  src/ASF/sam/utils/cmsis/sam4s/source/templates/gcc/startup_sam4s.o
                                                  c:/program files (x86)/atmel/studio/7.0/toolchain/arm/arm-gnu-toolchain/bin/../lib/gcc/arm-none-eabi/4.9.3/../../../../arm-none-eabi/lib/armv7e-m/crt0.o
__locale_charset                                  c:/program files (x86)/atmel/studio/7.0/toolchain/arm/arm-gnu-toolchain/bin/../lib/gcc/arm-none-eabi/4.9.3/../../../../arm-none-eabi/lib/armv7e-m\libc.a(lib_a-locale.o)
                                                  c:/program files (x86)/atmel/studio/7.0/toolchain/arm/arm-gnu-toolchain/bin/../lib/gcc/arm-none-eabi/4.9.3/../../../../arm-none-eabi/lib/armv7e-m\libc.a(lib_a-wctomb_r.o)
                                                  c:/program files (x86)/atmel/studio/7.0/toolchain/arm/arm-gnu-toolchain/bin/../lib/gcc/arm-none-eabi/4.9.3/../../../../arm-none-eabi/lib/armv7e-m\libc.a(lib_a-wcrtomb.o)
__locale_cjk_lang                                 c:/program files (x86)/atmel/studio/7.0/toolchain/arm/arm-gnu-toolchain/bin/../lib/gcc/arm-none-eabi/4.9.3/../../../../arm-none-eabi/lib/armv7e-m\libc.a(lib_a-locale.o)
__locale_mb_cur_max                               c:/program files (x86)/atmel/studio/7.0/toolchain/arm/arm-gnu-toolchain/bin/../lib/gcc/arm-none-eabi/4.9.3/../../../../arm-none-eabi/lib/armv7e-m\libc.a(lib_a-locale.o)
                                                  c:/program files (x86)/atmel/studio/7.0/toolchain/arm/arm-gnu-toolchain/bin/../lib/gcc/arm-none-eabi/4.9.3/../../../../arm-none-eabi/lib/armv7e-m\libc.a(lib_a-fputwc.o)
__locale_msgcharset                               c:/program files (x86)/atmel/studio/7.0/toolchain/arm/arm-gnu-toolchain/bin/../lib/gcc/arm-none-eabi/4.9.3/../../../../arm-none-eabi/lib/armv7e-m\libc.a(lib_a-locale.o)
__ltsf2                                           c:/program files (x86)/atmel/studio/7.0/toolchain/arm/arm-gnu-toolchain/bin/../lib/gcc/arm-none-eabi/4.9.3/armv7e-m\libgcc.a(_arm_cmpsf2.o)
__malloc_av_                                      c:/program files (x86)/atmel/studio/7.0/toolchain/arm/arm-gnu-toolchain/bin/../lib/gcc/arm-none-eabi/4.9.3/../../../../arm-none-eabi/lib/armv7e-m\libc.a(lib_a-mallocr.o)
                                                  c:/program files (x86)/atmel/studio/7.0/toolchain/arm/arm-gnu-toolchain/bin/../lib/gcc/arm-none-eabi/4.9.3/../../../../arm-none-eabi/lib/armv7e-m\libc.a(lib_a-reallocr.o)
                                                  c:/program files (x86)/atmel/studio/7.0/toolchain/arm/arm-gnu-toolchain/bin/../lib/gcc/arm-none-eabi/4.9.3/../../../../arm-none-eabi/lib/armv7e-m\libc.a(lib_a-freer.o)
__malloc_current_mallinfo                         c:/program files (x86)/atmel/studio/7.0/toolchain/arm/arm-gnu-toolchain/bin/../lib/gcc/arm-none-eabi/4.9.3/../../../../arm-none-eabi/lib/armv7e-m\libc.a(lib_a-mallocr.o)
                                                  c:/program files (x86)/atmel/studio/7.0/toolchain/arm/arm-gnu-toolchain/bin/../lib/gcc/arm-none-eabi/4.9.3/../../../../arm-none-eabi/lib/armv7e-m\libc.a(lib_a-freer.o)
__malloc_lock                                     c:/program files (x86)/atmel/studio/7.0/toolchain/arm/arm-gnu-toolchain/bin/../lib/gcc/arm-none-eabi/4.9.3/../../../../arm-none-eabi/lib/armv7e-m\libc.a(lib_a-mlock.o)
                                                  c:/program files (x86)/atmel/studio/7.0/toolchain/arm/arm-gnu-toolchain/bin/../lib/gcc/arm-none-eabi/4.9.3/../../../../arm-none-eabi/lib/armv7e-m\libc.a(lib_a-reallocr.o)
                                                  c:/program files (x86)/atmel/studio/7.0/toolchain/arm/arm-gnu-toolchain/bin/../lib/gcc/arm-none-eabi/4.9.3/../../../../arm-none-eabi/lib/armv7e-m\libc.a(lib_a-mallocr.o)
                                                  c:/program files (x86)/atmel/studio/7.0/toolchain/arm/arm-gnu-toolchain/bin/../lib/gcc/arm-none-eabi/4.9.3/../../../../arm-none-eabi/lib/armv7e-m\libc.a(lib_a-freer.o)
__malloc_max_sbrked_mem                           c:/program files (x86)/atmel/studio/7.0/toolchain/arm/arm-gnu-toolchain/bin/../lib/gcc/arm-none-eabi/4.9.3/../../../../arm-none-eabi/lib/armv7e-m\libc.a(lib_a-mallocr.o)
__malloc_max_total_mem                            c:/program files (x86)/atmel/studio/7.0/toolchain/arm/arm-gnu-toolchain/bin/../lib/gcc/arm-none-eabi/4.9.3/../../../../arm-none-eabi/lib/armv7e-m\libc.a(lib_a-mallocr.o)
__malloc_sbrk_base                                c:/program files (x86)/atmel/studio/7.0/toolchain/arm/arm-gnu-toolchain/bin/../lib/gcc/arm-none-eabi/4.9.3/../../../../arm-none-eabi/lib/armv7e-m\libc.a(lib_a-mallocr.o)
                                                  c:/program files (x86)/atmel/studio/7.0/toolchain/arm/arm-gnu-toolchain/bin/../lib/gcc/arm-none-eabi/4.9.3/../../../../arm-none-eabi/lib/armv7e-m\libc.a(lib_a-freer.o)
__malloc_top_pad                                  c:/program files (x86)/atmel/studio/7.0/toolchain/arm/arm-gnu-toolchain/bin/../lib/gcc/arm-none-eabi/4.9.3/../../../../arm-none-eabi/lib/armv7e-m\libc.a(lib_a-mallocr.o)
                                                  c:/program files (x86)/atmel/studio/7.0/toolchain/arm/arm-gnu-toolchain/bin/../lib/gcc/arm-none-eabi/4.9.3/../../../../arm-none-eabi/lib/armv7e-m\libc.a(lib_a-freer.o)
__malloc_trim_threshold                           c:/program files (x86)/atmel/studio/7.0/toolchain/arm/arm-gnu-toolchain/bin/../lib/gcc/arm-none-eabi/4.9.3/../../../../arm-none-eabi/lib/armv7e-m\libc.a(lib_a-mallocr.o)
                                                  c:/program files (x86)/atmel/studio/7.0/toolchain/arm/arm-gnu-toolchain/bin/../lib/gcc/arm-none-eabi/4.9.3/../../../../arm-none-eabi/lib/armv7e-m\libc.a(lib_a-freer.o)
__malloc_unlock                                   c:/program files (x86)/atmel/studio/7.0/toolchain/arm/arm-gnu-toolchain/bin/../lib/gcc/arm-none-eabi/4.9.3/../../../../arm-none-eabi/lib/armv7e-m\libc.a(lib_a-mlock.o)
                                                  c:/program files (x86)/atmel/studio/7.0/toolchain/arm/arm-gnu-toolchain/bin/../lib/gcc/arm-none-eabi/4.9.3/../../../../arm-none-eabi/lib/armv7e-m\libc.a(lib_a-reallocr.o)
                                                  c:/program files (x86)/atmel/studio/7.0/toolchain/arm/arm-gnu-toolchain/bin/../lib/gcc/arm-none-eabi/4.9.3/../../../../arm-none-eabi/lib/armv7e-m\libc.a(lib_a-mallocr.o)
                                                  c:/program files (x86)/atmel/studio/7.0/toolchain/arm/arm-gnu-toolchain/bin/../lib/gcc/arm-none-eabi/4.9.3/../../../../arm-none-eabi/lib/armv7e-m\libc.a(lib_a-freer.o)
__mb_cur_max                                      c:/program files (x86)/atmel/studio/7.0/toolchain/arm/arm-gnu-toolchain/bin/../lib/gcc/arm-none-eabi/4.9.3/../../../../arm-none-eabi/lib/armv7e-m\libc.a(lib_a-locale.o)
__mlocale_changed                                 c:/program files (x86)/atmel/studio/7.0/toolchain/arm/arm-gnu-toolchain/bin/../lib/gcc/arm-none-eabi/4.9.3/../../../../arm-none-eabi/lib/armv7e-m\libc.a(lib_a-locale.o)
__muldf3                                          c:/program files (x86)/atmel/studio/7.0/toolchain/arm/arm-gnu-toolchain/bin/../lib/gcc/arm-none-eabi/4.9.3/armv7e-m\libgcc.a(_arm_muldivdf3.o)
__mulsf3                                          c:/program files (x86)/atmel/studio/7.0/toolchain/arm/arm-gnu-toolchain/bin/../lib/gcc/arm-none-eabi/4.9.3/armv7e-m\libgcc.a(_arm_muldivsf3.o)
__nesf2                                           c:/program files (x86)/atmel/studio/7.0/toolchain/arm/arm-gnu-toolchain/bin/../lib/gcc/arm-none-eabi/4.9.3/armv7e-m\libgcc.a(_arm_cmpsf2.o)
__nlocale_changed                                 c:/program files (x86)/atmel/studio/7.0/toolchain/arm/arm-gnu-toolchain/bin/../lib/gcc/arm-none-eabi/4.9.3/../../../../arm-none-eabi/lib/armv7e-m\libc.a(lib_a-locale.o)
__preinit_array_end                               c:/program files (x86)/atmel/studio/7.0/toolchain/arm/arm-gnu-toolchain/bin/../lib/gcc/arm-none-eabi/4.9.3/../../../../arm-none-eabi/lib/armv7e-m\libc.a(lib_a-init.o)
__preinit_array_start                             c:/program files (x86)/atmel/studio/7.0/toolchain/arm/arm-gnu-toolchain/bin/../lib/gcc/arm-none-eabi/4.9.3/../../../../arm-none-eabi/lib/armv7e-m\libc.a(lib_a-init.o)
__ram_end__                                       src/ASF/sam/utils/syscalls/gcc/syscalls.o
__register_exitproc                               c:/program files (x86)/atmel/studio/7.0/toolchain/arm/arm-gnu-toolchain/bin/../lib/gcc/arm-none-eabi/4.9.3/../../../../arm-none-eabi/lib/armv7e-m\libc.a(lib_a-__atexit.o)
                                                  c:/program files (x86)/atmel/studio/7.0/toolchain/arm/arm-gnu-toolchain/bin/../lib/gcc/arm-none-eabi/4.9.3/../../../../arm-none-eabi/lib/armv7e-m\libc.a(lib_a-atexit.o)
__register_frame_info                             c:/program files (x86)/atmel/studio/7.0/toolchain/arm/arm-gnu-toolchain/bin/../lib/gcc/arm-none-eabi/4.9.3/armv7e-m/crtbegin.o
__sclose                                          c:/program files (x86)/atmel/studio/7.0/toolchain/arm/arm-gnu-toolchain/bin/../lib/gcc/arm-none-eabi/4.9.3/../../../../arm-none-eabi/lib/armv7e-m\libc.a(lib_a-stdio.o)
                                                  c:/program files (x86)/atmel/studio/7.0/toolchain/arm/arm-gnu-toolchain/bin/../lib/gcc/arm-none-eabi/4.9.3/../../../../arm-none-eabi/lib/armv7e-m\libc.a(lib_a-findfp.o)
__seofread                                        c:/program files (x86)/atmel/studio/7.0/toolchain/arm/arm-gnu-toolchain/bin/../lib/gcc/arm-none-eabi/4.9.3/../../../../arm-none-eabi/lib/armv7e-m\libc.a(lib_a-stdio.o)
__sflush_r                                        c:/program files (x86)/atmel/studio/7.0/toolchain/arm/arm-gnu-toolchain/bin/../lib/gcc/arm-none-eabi/4.9.3/../../../../arm-none-eabi/lib/armv7e-m\libc.a(lib_a-fflush.o)
                                                  c:/program files (x86)/atmel/studio/7.0/toolchain/arm/arm-gnu-toolchain/bin/../lib/gcc/arm-none-eabi/4.9.3/../../../../arm-none-eabi/lib/armv7e-m\libc.a(lib_a-fclose.o)
__sfmoreglue                                      c:/program files (x86)/atmel/studio/7.0/toolchain/arm/arm-gnu-toolchain/bin/../lib/gcc/arm-none-eabi/4.9.3/../../../../arm-none-eabi/lib/armv7e-m\libc.a(lib_a-findfp.o)
__sfp                                             c:/program files (x86)/atmel/studio/7.0/toolchain/arm/arm-gnu-toolchain/bin/../lib/gcc/arm-none-eabi/4.9.3/../../../../arm-none-eabi/lib/armv7e-m\libc.a(lib_a-findfp.o)
__sfp_lock_acquire                                c:/program files (x86)/atmel/studio/7.0/toolchain/arm/arm-gnu-toolchain/bin/../lib/gcc/arm-none-eabi/4.9.3/../../../../arm-none-eabi/lib/armv7e-m\libc.a(lib_a-findfp.o)
                                                  c:/program files (x86)/atmel/studio/7.0/toolchain/arm/arm-gnu-toolchain/bin/../lib/gcc/arm-none-eabi/4.9.3/../../../../arm-none-eabi/lib/armv7e-m\libc.a(lib_a-fclose.o)
__sfp_lock_release                                c:/program files (x86)/atmel/studio/7.0/toolchain/arm/arm-gnu-toolchain/bin/../lib/gcc/arm-none-eabi/4.9.3/../../../../arm-none-eabi/lib/armv7e-m\libc.a(lib_a-findfp.o)
                                                  c:/program files (x86)/atmel/studio/7.0/toolchain/arm/arm-gnu-toolchain/bin/../lib/gcc/arm-none-eabi/4.9.3/../../../../arm-none-eabi/lib/armv7e-m\libc.a(lib_a-fclose.o)
__sfvwrite_r                                      c:/program files (x86)/atmel/studio/7.0/toolchain/arm/arm-gnu-toolchain/bin/../lib/gcc/arm-none-eabi/4.9.3/../../../../arm-none-eabi/lib/armv7e-m\libc.a(lib_a-fvwrite.o)
                                                  c:/program files (x86)/atmel/studio/7.0/toolchain/arm/arm-gnu-toolchain/bin/../lib/gcc/arm-none-eabi/4.9.3/../../../../arm-none-eabi/lib/armv7e-m\libc.a(lib_a-vfiprintf.o)
                                                  c:/program files (x86)/atmel/studio/7.0/toolchain/arm/arm-gnu-toolchain/bin/../lib/gcc/arm-none-eabi/4.9.3/../../../../arm-none-eabi/lib/armv7e-m\libc.a(lib_a-puts.o)
__sinit                                           c:/program files (x86)/atmel/studio/7.0/toolchain/arm/arm-gnu-toolchain/bin/../lib/gcc/arm-none-eabi/4.9.3/../../../../arm-none-eabi/lib/armv7e-m\libc.a(lib_a-findfp.o)
                                                  c:/program files (x86)/atmel/studio/7.0/toolchain/arm/arm-gnu-toolchain/bin/../lib/gcc/arm-none-eabi/4.9.3/../../../../arm-none-eabi/lib/armv7e-m\libc.a(lib_a-fclose.o)
                                                  c:/program files (x86)/atmel/studio/7.0/toolchain/arm/arm-gnu-toolchain/bin/../lib/gcc/arm-none-eabi/4.9.3/../../../../arm-none-eabi/lib/armv7e-m\libc.a(lib_a-wbuf.o)
                                                  c:/program files (x86)/atmel/studio/7.0/toolchain/arm/arm-gnu-toolchain/bin/../lib/gcc/arm-none-eabi/4.9.3/../../../../arm-none-eabi/lib/armv7e-m\libc.a(lib_a-fputwc.o)
                                                  c:/program files (x86)/atmel/studio/7.0/toolchain/arm/arm-gnu-toolchain/bin/../lib/gcc/arm-none-eabi/4.9.3/../../../../arm-none-eabi/lib/armv7e-m\libc.a(lib_a-fflush.o)
                                                  c:/program files (x86)/atmel/studio/7.0/toolchain/arm/arm-gnu-toolchain/bin/../lib/gcc/arm-none-eabi/4.9.3/../../../../arm-none-eabi/lib/armv7e-m\libc.a(lib_a-wsetup.o)
                                                  c:/program files (x86)/atmel/studio/7.0/toolchain/arm/arm-gnu-toolchain/bin/../lib/gcc/arm-none-eabi/4.9.3/../../../../arm-none-eabi/lib/armv7e-m\libc.a(lib_a-vfiprintf.o)
__sinit_lock_acquire                              c:/program files (x86)/atmel/studio/7.0/toolchain/arm/arm-gnu-toolchain/bin/../lib/gcc/arm-none-eabi/4.9.3/../../../../arm-none-eabi/lib/armv7e-m\libc.a(lib_a-findfp.o)
__sinit_lock_release                              c:/program files (x86)/atmel/studio/7.0/toolchain/arm/arm-gnu-toolchain/bin/../lib/gcc/arm-none-eabi/4.9.3/../../../../arm-none-eabi/lib/armv7e-m\libc.a(lib_a-findfp.o)
__smakebuf_r                                      c:/program files (x86)/atmel/studio/7.0/toolchain/arm/arm-gnu-toolchain/bin/../lib/gcc/arm-none-eabi/4.9.3/../../../../arm-none-eabi/lib/armv7e-m\libc.a(lib_a-makebuf.o)
                                                  c:/program files (x86)/atmel/studio/7.0/toolchain/arm/arm-gnu-toolchain/bin/../lib/gcc/arm-none-eabi/4.9.3/../../../../arm-none-eabi/lib/armv7e-m\libc.a(lib_a-wsetup.o)
__sprint_r                                        c:/program files (x86)/atmel/studio/7.0/toolchain/arm/arm-gnu-toolchain/bin/../lib/gcc/arm-none-eabi/4.9.3/../../../../arm-none-eabi/lib/armv7e-m\libc.a(lib_a-vfiprintf.o)
__sread                                           c:/program files (x86)/atmel/studio/7.0/toolchain/arm/arm-gnu-toolchain/bin/../lib/gcc/arm-none-eabi/4.9.3/../../../../arm-none-eabi/lib/armv7e-m\libc.a(lib_a-stdio.o)
                                                  c:/program files (x86)/atmel/studio/7.0/toolchain/arm/arm-gnu-toolchain/bin/../lib/gcc/arm-none-eabi/4.9.3/../../../../arm-none-eabi/lib/armv7e-m\libc.a(lib_a-findfp.o)
__sseek                                           c:/program files (x86)/atmel/studio/7.0/toolchain/arm/arm-gnu-toolchain/bin/../lib/gcc/arm-none-eabi/4.9.3/../../../../arm-none-eabi/lib/armv7e-m\libc.a(lib_a-stdio.o)
                                                  c:/program files (x86)/atmel/studio/7.0/toolchain/arm/arm-gnu-toolchain/bin/../lib/gcc/arm-none-eabi/4.9.3/../../../../arm-none-eabi/lib/armv7e-m\libc.a(lib_a-makebuf.o)
                                                  c:/program files (x86)/atmel/studio/7.0/toolchain/arm/arm-gnu-toolchain/bin/../lib/gcc/arm-none-eabi/4.9.3/../../../../arm-none-eabi/lib/armv7e-m\libc.a(lib_a-findfp.o)
__stack                                           c:/program files (x86)/atmel/studio/7.0/toolchain/arm/arm-gnu-toolchain/bin/../lib/gcc/arm-none-eabi/4.9.3/../../../../arm-none-eabi/lib/armv7e-m/crt0.o
__subdf3                                          c:/program files (x86)/atmel/studio/7.0/toolchain/arm/arm-gnu-toolchain/bin/../lib/gcc/arm-none-eabi/4.9.3/armv7e-m\libgcc.a(_arm_addsubdf3.o)
__subsf3                                          c:/program files (x86)/atmel/studio/7.0/toolchain/arm/arm-gnu-toolchain/bin/../lib/gcc/arm-none-eabi/4.9.3/armv7e-m\libgcc.a(_arm_addsubsf3.o)